*** Using Compiler 'V6.24', folder: 'D:\Keil\Keil\ARM\ARMCLANG\Bin'
Rebuild target 'STM32G474_RTThread_Safe'
assembling startup_stm32g474xx.s...
compiling irq.c...
compiling clock.c...
compiling idle.c...
compiling ipc.c...
compiling system_stm32g4xx.c...
compiling board_fault_handlers.c...
compiling rt_board.c...
compiling board_safety.c...
compiling board_clock.c...
compiling board_uart.c...
compiling board_fast_adc.c...
compiling board_hrtim.c...
compiling board_cal_store.c...
assembling context_rvds.S...
compiling object.c...
compiling scheduler.c...
compiling thread.c...
compiling timer.c...
compiling kservice.c...
compiling power_control.c...
compiling main.c...
compiling components.c...
compiling cpuport.c...
linking...
Program Size: Code=36634 RO-data=8494 RW-data=6788 ZI-data=9972  
FromELF: creating hex file...
".\Out\STM32G474_RTThread_Safe.axf" - 0 Error(s), 0 Warning(s).
Build Time Elapsed:  00:00:02
