/*
 *  CMSIS Pack Debug Access Sequence Log
 *  File        : E:\个人学习\逆变器\逆变器控制板\STM32G474RBT3_RTThread_Safe_v2.3.0_20260829\STM32G474RBT3_RTThread_Safe_v2.3.0\STM32G474_RTThread_Sequences_0005.log
 *  Created     : 19:48:54 (29/08/2026)
 *  Device      : STM32G474RBTx
 *  PDSC File   : D:/Keil/Keil/packs/Keil/STM32G4xx_DFP/2.2.0/Keil.STM32G4xx_DFP.pdsc
 *  Config File : E:\个人学习\逆变器\逆变器控制板\STM32G474RBT3_RTThread_Safe_v2.3.0_20260829\STM32G474RBT3_RTThread_Safe_v2.3.0\DebugConfig\STM32G474_RTThread_Safe_STM32G474RBTx_1.0.1.dbgconf
 *
 */

[19:48:54.052]  **********  Sequence "DebugDeviceUnlock"  (Context="Target Access", Pname="", info="")
[19:48:54.052]  
[19:48:54.052]  <debugvars>
[19:48:54.052]    // Pre-defined
[19:48:54.053]    __protocol=0x00010002      (Protocol="SWD", SWJ-DP="True")
[19:48:54.053]    __connection=0x00000202    (Connection Type="Flash", Reset Type="System Reset")
[19:48:54.053]    __dp=0x00000000
[19:48:54.053]    __ap=0x00000000
[19:48:54.053]    __traceout=0x00000000      (Trace Disabled)
[19:48:54.053]    __errorcontrol=0x00000000  (Skip Errors="False")
[19:48:54.054]    __FlashAddr=0x00000000
[19:48:54.054]    __FlashLen=0x00000000
[19:48:54.054]    __FlashArg=0x00000000
[19:48:54.054]    __FlashOp=0x00000000
[19:48:54.054]    __Result=0x00000000
[19:48:54.055]    
[19:48:54.055]    // User-defined
[19:48:54.055]    DbgMCU_CR=0x00000007
[19:48:54.055]    DbgMCU_APB1_Fz1=0xC060183F
[19:48:54.055]    DbgMCU_APB1_Fz2=0x00000002
[19:48:54.055]    DbgMCU_APB2_Fz=0x04172800
[19:48:54.055]    TraceClk_Pin=0x00040002
[19:48:54.056]    TraceD0_Pin=0x00040003
[19:48:54.056]    TraceD1_Pin=0x00040004
[19:48:54.056]    TraceD2_Pin=0x00040005
[19:48:54.057]    TraceD3_Pin=0x00040006
[19:48:54.058]    DoOptionByteLoading=0x00000000
[19:48:54.058]  </debugvars>
[19:48:54.058]  
[19:48:54.058]  <sequence name="DebugDeviceUnlock" Pname="" disable="false" info="">
[19:48:54.058]    <block atomic="false" info="">
[19:48:54.059]      Sequence("CheckID");
[19:48:54.059]        <sequence name="CheckID" Pname="" disable="false" info="">
[19:48:54.059]          <block atomic="false" info="">
[19:48:54.059]            __var pidr1 = 0;
[19:48:54.059]              // -> [pidr1 <= 0x00000000]
[19:48:54.060]            __var pidr2 = 0;
[19:48:54.060]              // -> [pidr2 <= 0x00000000]
[19:48:54.060]            __var jep106id = 0;
[19:48:54.060]              // -> [jep106id <= 0x00000000]
[19:48:54.061]            __var ROMTableBase = 0;
[19:48:54.061]              // -> [ROMTableBase <= 0x00000000]
[19:48:54.061]            __ap = 0;      // AHB-AP
[19:48:54.061]              // -> [__ap <= 0x00000000]
[19:48:54.062]            ROMTableBase = ReadAP(0xF8) & ~0x3;
[19:48:54.062]              // -> [ReadAP(0x000000F8) => 0xE00FF003]   (__dp=0x00000000, __ap=0x00000000)
[19:48:54.062]              // -> [ROMTableBase <= 0xE00FF000]
[19:48:54.063]            pidr1 = Read32(ROMTableBase + 0x0FE4);
[19:48:54.063]              // -> [Read32(0xE00FFFE4) => 0x00000004]   (__dp=0x00000000, __ap=0x00000000)
[19:48:54.064]              // -> [pidr1 <= 0x00000004]
[19:48:54.064]            pidr2 = Read32(ROMTableBase + 0x0FE8);
[19:48:54.064]              // -> [Read32(0xE00FFFE8) => 0x0000000A]   (__dp=0x00000000, __ap=0x00000000)
[19:48:54.065]              // -> [pidr2 <= 0x0000000A]
[19:48:54.065]            jep106id = ((pidr2 & 0x7) << 4 ) | ((pidr1 >> 4) & 0xF);
[19:48:54.065]              // -> [jep106id <= 0x00000020]
[19:48:54.065]          </block>
[19:48:54.065]          <control if="jep106id != 0x20" while="" timeout="0" info="">
[19:48:54.065]            // if-block "jep106id != 0x20"
[19:48:54.066]              // =>  FALSE
[19:48:54.066]            // skip if-block "jep106id != 0x20"
[19:48:54.066]          </control>
[19:48:54.066]        </sequence>
[19:48:54.068]    </block>
[19:48:54.068]  </sequence>
[19:48:54.068]  
[19:48:54.068]  **********  Sequence "DebugCoreStart"  (Context="Target Access", Pname="", info="")
[19:48:54.068]  
[19:48:54.069]  <debugvars>
[19:48:54.069]    // Pre-defined
[19:48:54.069]    __protocol=0x00010002      (Protocol="SWD", SWJ-DP="True")
[19:48:54.069]    __connection=0x00000202    (Connection Type="Flash", Reset Type="System Reset")
[19:48:54.070]    __dp=0x00000000
[19:48:54.070]    __ap=0x00000000
[19:48:54.070]    __traceout=0x00000000      (Trace Disabled)
[19:48:54.070]    __errorcontrol=0x00000000  (Skip Errors="False")
[19:48:54.070]    __FlashAddr=0x00000000
[19:48:54.070]    __FlashLen=0x00000000
[19:48:54.071]    __FlashArg=0x00000000
[19:48:54.071]    __FlashOp=0x00000000
[19:48:54.071]    __Result=0x00000000
[19:48:54.071]    
[19:48:54.071]    // User-defined
[19:48:54.071]    DbgMCU_CR=0x00000007
[19:48:54.072]    DbgMCU_APB1_Fz1=0xC060183F
[19:48:54.072]    DbgMCU_APB1_Fz2=0x00000002
[19:48:54.073]    DbgMCU_APB2_Fz=0x04172800
[19:48:54.073]    TraceClk_Pin=0x00040002
[19:48:54.073]    TraceD0_Pin=0x00040003
[19:48:54.073]    TraceD1_Pin=0x00040004
[19:48:54.073]    TraceD2_Pin=0x00040005
[19:48:54.073]    TraceD3_Pin=0x00040006
[19:48:54.073]    DoOptionByteLoading=0x00000000
[19:48:54.073]  </debugvars>
[19:48:54.074]  
[19:48:54.075]  <sequence name="DebugCoreStart" Pname="" disable="false" info="">
[19:48:54.075]    <block atomic="false" info="">
[19:48:54.075]      Write32(0xE000EDF0, 0xA05F0001);                                        // Enable Core Debug via DHCSR
[19:48:54.076]        // -> [Write32(0xE000EDF0, 0xA05F0001)]   (__dp=0x00000000, __ap=0x00000000)
[19:48:54.076]    </block>
[19:48:54.076]    <block atomic="false" info="DbgMCU registers">
[19:48:54.076]      Write32(0xE0042004, DbgMCU_CR);                                         // DBGMCU_CR: Configure MCU Debug
[19:48:54.077]        // -> [Write32(0xE0042004, 0x00000007)]   (__dp=0x00000000, __ap=0x00000000)
[19:48:54.077]      Write32(0xE0042008, DbgMCU_APB1_Fz1);                                   // DBGMCU_APB1_FZ1: Configure APB1 Peripheral Freeze Behavior
[19:48:54.078]        // -> [Write32(0xE0042008, 0xC060183F)]   (__dp=0x00000000, __ap=0x00000000)
[19:48:54.078]      Write32(0xE004200C, DbgMCU_APB1_Fz2);                                   // DBGMCU_APB1_FZ2: Configure APB1 Peripheral Freeze Behavior
[19:48:54.079]        // -> [Write32(0xE004200C, 0x00000002)]   (__dp=0x00000000, __ap=0x00000000)
[19:48:54.079]      Write32(0xE0042010, DbgMCU_APB2_Fz);                                    // DBGMCU_APB2_FZ: Configure APB2 Peripheral Freeze Behavior
[19:48:54.080]        // -> [Write32(0xE0042010, 0x04172800)]   (__dp=0x00000000, __ap=0x00000000)
[19:48:54.081]    </block>
[19:48:54.081]  </sequence>
[19:48:54.081]  
[19:48:58.426]  **********  Sequence "DebugPortStop"  (Context="Disconnect", Pname="", info="")
[19:48:58.426]  
[19:48:58.426]  <debugvars>
[19:48:58.426]    // Pre-defined
[19:48:58.427]    __protocol=0x00010002      (Protocol="SWD", SWJ-DP="True")
[19:48:58.427]    __connection=0x00000202    (Connection Type="Flash", Reset Type="System Reset")
[19:48:58.427]    __dp=0x00000000
[19:48:58.428]    __ap=0x00000000
[19:48:58.428]    __traceout=0x00000000      (Trace Disabled)
[19:48:58.428]    __errorcontrol=0x00000000  (Skip Errors="False")
[19:48:58.428]    __FlashAddr=0x00000000
[19:48:58.428]    __FlashLen=0x00000000
[19:48:58.429]    __FlashArg=0x00000000
[19:48:58.429]    __FlashOp=0x00000000
[19:48:58.429]    __Result=0x00000000
[19:48:58.429]    
[19:48:58.429]    // User-defined
[19:48:58.429]    DbgMCU_CR=0x00000007
[19:48:58.430]    DbgMCU_APB1_Fz1=0xC060183F
[19:48:58.430]    DbgMCU_APB1_Fz2=0x00000002
[19:48:58.430]    DbgMCU_APB2_Fz=0x04172800
[19:48:58.430]    TraceClk_Pin=0x00040002
[19:48:58.430]    TraceD0_Pin=0x00040003
[19:48:58.431]    TraceD1_Pin=0x00040004
[19:48:58.431]    TraceD2_Pin=0x00040005
[19:48:58.431]    TraceD3_Pin=0x00040006
[19:48:58.431]    DoOptionByteLoading=0x00000000
[19:48:58.431]  </debugvars>
[19:48:58.432]  
[19:48:58.432]  <sequence name="DebugPortStop" Pname="" disable="false" info="">
[19:48:58.432]    <block atomic="false" info="">
[19:48:58.432]      __var connectionFlash = ( __connection & 0xF ) == 2 ;
[19:48:58.433]        // -> [connectionFlash <= 0x00000001]
[19:48:58.433]      __var FLASH_BASE = 0x40022000 ;
[19:48:58.433]        // -> [FLASH_BASE <= 0x40022000]
[19:48:58.433]      __var FLASH_CR = FLASH_BASE + 0x14 ;
[19:48:58.434]        // -> [FLASH_CR <= 0x40022014]
[19:48:58.435]      __var OBL_LAUNCH_BIT = ( 1 << 27 ) ;
[19:48:58.435]        // -> [OBL_LAUNCH_BIT <= 0x08000000]
[19:48:58.435]      __var LOCK_BIT = ( 1 << 31 ) ;
[19:48:58.435]        // -> [LOCK_BIT <= 0x80000000]
[19:48:58.435]      __var OPTLOCK_BIT = ( 1 << 30 ) ;
[19:48:58.436]        // -> [OPTLOCK_BIT <= 0x40000000]
[19:48:58.436]      __var FLASH_KEYR = FLASH_BASE + 0x08 ;
[19:48:58.436]        // -> [FLASH_KEYR <= 0x40022008]
[19:48:58.436]      __var FLASH_KEY1 = 0x45670123 ;
[19:48:58.437]        // -> [FLASH_KEY1 <= 0x45670123]
[19:48:58.437]      __var FLASH_KEY2 = 0xCDEF89AB ;
[19:48:58.437]        // -> [FLASH_KEY2 <= 0xCDEF89AB]
[19:48:58.438]      __var FLASH_OPTKEYR = FLASH_BASE + 0x0C ;
[19:48:58.438]        // -> [FLASH_OPTKEYR <= 0x4002200C]
[19:48:58.438]      __var FLASH_OPTKEY1 = 0x08192A3B ;
[19:48:58.438]        // -> [FLASH_OPTKEY1 <= 0x08192A3B]
[19:48:58.438]      __var FLASH_OPTKEY2 = 0x4C5D6E7F ;
[19:48:58.439]        // -> [FLASH_OPTKEY2 <= 0x4C5D6E7F]
[19:48:58.439]      __var FLASH_CR_Value = 0 ;
[19:48:58.439]        // -> [FLASH_CR_Value <= 0x00000000]
[19:48:58.439]      __var DoDebugPortStop = 1 ;
[19:48:58.439]        // -> [DoDebugPortStop <= 0x00000001]
[19:48:58.439]      __var DP_CTRL_STAT = 0x4 ;
[19:48:58.440]        // -> [DP_CTRL_STAT <= 0x00000004]
[19:48:58.440]      __var DP_SELECT = 0x8 ;
[19:48:58.440]        // -> [DP_SELECT <= 0x00000008]
[19:48:58.440]    </block>
[19:48:58.440]    <control if="connectionFlash && DoOptionByteLoading" while="" timeout="0" info="">
[19:48:58.440]      // if-block "connectionFlash && DoOptionByteLoading"
[19:48:58.440]        // =>  FALSE
[19:48:58.440]      // skip if-block "connectionFlash && DoOptionByteLoading"
[19:48:58.441]    </control>
[19:48:58.441]    <control if="DoDebugPortStop" while="" timeout="0" info="">
[19:48:58.441]      // if-block "DoDebugPortStop"
[19:48:58.441]        // =>  TRUE
[19:48:58.441]      <block atomic="false" info="">
[19:48:58.442]        WriteDP(DP_SELECT, 0x00000000);
[19:48:58.442]          // -> [WriteDP(0x00000008, 0x00000000)]   (__dp=0x00000000)
[19:48:58.442]        WriteDP(DP_CTRL_STAT, 0x00000000);
[19:48:58.443]          // -> [WriteDP(0x00000004, 0x00000000)]   (__dp=0x00000000)
[19:48:58.443]      </block>
[19:48:58.443]      // end if-block "DoDebugPortStop"
[19:48:58.443]    </control>
[19:48:58.445]  </sequence>
[19:48:58.445]  
