/*
 *  CMSIS Pack Debug Access Sequence Log
 *  File        : E:\个人学习\逆变器\逆变器控制板\STM32G474RBT3_RTThread_Safe_v2.3.0_20260829\STM32G474RBT3_RTThread_Safe_v2.3.0\STM32G474_RTThread_Sequences_0015.log
 *  Created     : 21:15:33 (29/08/2026)
 *  Device      : STM32G474RBTx
 *  PDSC File   : D:/Keil/Keil/packs/Keil/STM32G4xx_DFP/2.2.0/Keil.STM32G4xx_DFP.pdsc
 *  Config File : E:\个人学习\逆变器\逆变器控制板\STM32G474RBT3_RTThread_Safe_v2.3.0_20260829\STM32G474RBT3_RTThread_Safe_v2.3.0\DebugConfig\STM32G474_RTThread_Safe_STM32G474RBTx_1.0.1.dbgconf
 *
 */

[21:15:33.161]  **********  Sequence "DebugDeviceUnlock"  (Context="Target Access", Pname="", info="")
[21:15:33.161]  
[21:15:33.161]  <debugvars>
[21:15:33.162]    // Pre-defined
[21:15:33.162]    __protocol=0x00010002      (Protocol="SWD", SWJ-DP="True")
[21:15:33.162]    __connection=0x00000202    (Connection Type="Flash", Reset Type="System Reset")
[21:15:33.162]    __dp=0x00000000
[21:15:33.162]    __ap=0x00000000
[21:15:33.162]    __traceout=0x00000000      (Trace Disabled)
[21:15:33.163]    __errorcontrol=0x00000000  (Skip Errors="False")
[21:15:33.163]    __FlashAddr=0x00000000
[21:15:33.163]    __FlashLen=0x00000000
[21:15:33.163]    __FlashArg=0x00000000
[21:15:33.164]    __FlashOp=0x00000000
[21:15:33.164]    __Result=0x00000000
[21:15:33.165]    
[21:15:33.165]    // User-defined
[21:15:33.165]    DbgMCU_CR=0x00000007
[21:15:33.165]    DbgMCU_APB1_Fz1=0xC060183F
[21:15:33.165]    DbgMCU_APB1_Fz2=0x00000002
[21:15:33.165]    DbgMCU_APB2_Fz=0x04172800
[21:15:33.166]    TraceClk_Pin=0x00040002
[21:15:33.166]    TraceD0_Pin=0x00040003
[21:15:33.166]    TraceD1_Pin=0x00040004
[21:15:33.166]    TraceD2_Pin=0x00040005
[21:15:33.166]    TraceD3_Pin=0x00040006
[21:15:33.167]    DoOptionByteLoading=0x00000000
[21:15:33.167]  </debugvars>
[21:15:33.167]  
[21:15:33.167]  <sequence name="DebugDeviceUnlock" Pname="" disable="false" info="">
[21:15:33.167]    <block atomic="false" info="">
[21:15:33.167]      Sequence("CheckID");
[21:15:33.168]        <sequence name="CheckID" Pname="" disable="false" info="">
[21:15:33.168]          <block atomic="false" info="">
[21:15:33.168]            __var pidr1 = 0;
[21:15:33.168]              // -> [pidr1 <= 0x00000000]
[21:15:33.169]            __var pidr2 = 0;
[21:15:33.169]              // -> [pidr2 <= 0x00000000]
[21:15:33.169]            __var jep106id = 0;
[21:15:33.169]              // -> [jep106id <= 0x00000000]
[21:15:33.170]            __var ROMTableBase = 0;
[21:15:33.170]              // -> [ROMTableBase <= 0x00000000]
[21:15:33.170]            __ap = 0;      // AHB-AP
[21:15:33.171]              // -> [__ap <= 0x00000000]
[21:15:33.171]            ROMTableBase = ReadAP(0xF8) & ~0x3;
[21:15:33.171]              // -> [ReadAP(0x000000F8) => 0xE00FF003]   (__dp=0x00000000, __ap=0x00000000)
[21:15:33.172]              // -> [ROMTableBase <= 0xE00FF000]
[21:15:33.172]            pidr1 = Read32(ROMTableBase + 0x0FE4);
[21:15:33.172]              // -> [Read32(0xE00FFFE4) => 0x00000004]   (__dp=0x00000000, __ap=0x00000000)
[21:15:33.172]              // -> [pidr1 <= 0x00000004]
[21:15:33.173]            pidr2 = Read32(ROMTableBase + 0x0FE8);
[21:15:33.173]              // -> [Read32(0xE00FFFE8) => 0x0000000A]   (__dp=0x00000000, __ap=0x00000000)
[21:15:33.173]              // -> [pidr2 <= 0x0000000A]
[21:15:33.174]            jep106id = ((pidr2 & 0x7) << 4 ) | ((pidr1 >> 4) & 0xF);
[21:15:33.174]              // -> [jep106id <= 0x00000020]
[21:15:33.175]          </block>
[21:15:33.175]          <control if="jep106id != 0x20" while="" timeout="0" info="">
[21:15:33.175]            // if-block "jep106id != 0x20"
[21:15:33.175]              // =>  FALSE
[21:15:33.175]            // skip if-block "jep106id != 0x20"
[21:15:33.176]          </control>
[21:15:33.176]        </sequence>
[21:15:33.176]    </block>
[21:15:33.176]  </sequence>
[21:15:33.176]  
[21:15:33.177]  **********  Sequence "DebugCoreStart"  (Context="Target Access", Pname="", info="")
[21:15:33.177]  
[21:15:33.177]  <debugvars>
[21:15:33.177]    // Pre-defined
[21:15:33.177]    __protocol=0x00010002      (Protocol="SWD", SWJ-DP="True")
[21:15:33.177]    __connection=0x00000202    (Connection Type="Flash", Reset Type="System Reset")
[21:15:33.177]    __dp=0x00000000
[21:15:33.177]    __ap=0x00000000
[21:15:33.177]    __traceout=0x00000000      (Trace Disabled)
[21:15:33.177]    __errorcontrol=0x00000000  (Skip Errors="False")
[21:15:33.177]    __FlashAddr=0x00000000
[21:15:33.179]    __FlashLen=0x00000000
[21:15:33.179]    __FlashArg=0x00000000
[21:15:33.179]    __FlashOp=0x00000000
[21:15:33.179]    __Result=0x00000000
[21:15:33.180]    
[21:15:33.180]    // User-defined
[21:15:33.180]    DbgMCU_CR=0x00000007
[21:15:33.180]    DbgMCU_APB1_Fz1=0xC060183F
[21:15:33.180]    DbgMCU_APB1_Fz2=0x00000002
[21:15:33.181]    DbgMCU_APB2_Fz=0x04172800
[21:15:33.181]    TraceClk_Pin=0x00040002
[21:15:33.181]    TraceD0_Pin=0x00040003
[21:15:33.182]    TraceD1_Pin=0x00040004
[21:15:33.182]    TraceD2_Pin=0x00040005
[21:15:33.182]    TraceD3_Pin=0x00040006
[21:15:33.182]    DoOptionByteLoading=0x00000000
[21:15:33.182]  </debugvars>
[21:15:33.183]  
[21:15:33.183]  <sequence name="DebugCoreStart" Pname="" disable="false" info="">
[21:15:33.183]    <block atomic="false" info="">
[21:15:33.183]      Write32(0xE000EDF0, 0xA05F0001);                                        // Enable Core Debug via DHCSR
[21:15:33.184]        // -> [Write32(0xE000EDF0, 0xA05F0001)]   (__dp=0x00000000, __ap=0x00000000)
[21:15:33.184]    </block>
[21:15:33.185]    <block atomic="false" info="DbgMCU registers">
[21:15:33.185]      Write32(0xE0042004, DbgMCU_CR);                                         // DBGMCU_CR: Configure MCU Debug
[21:15:33.186]        // -> [Write32(0xE0042004, 0x00000007)]   (__dp=0x00000000, __ap=0x00000000)
[21:15:33.186]      Write32(0xE0042008, DbgMCU_APB1_Fz1);                                   // DBGMCU_APB1_FZ1: Configure APB1 Peripheral Freeze Behavior
[21:15:33.186]        // -> [Write32(0xE0042008, 0xC060183F)]   (__dp=0x00000000, __ap=0x00000000)
[21:15:33.187]      Write32(0xE004200C, DbgMCU_APB1_Fz2);                                   // DBGMCU_APB1_FZ2: Configure APB1 Peripheral Freeze Behavior
[21:15:33.187]        // -> [Write32(0xE004200C, 0x00000002)]   (__dp=0x00000000, __ap=0x00000000)
[21:15:33.188]      Write32(0xE0042010, DbgMCU_APB2_Fz);                                    // DBGMCU_APB2_FZ: Configure APB2 Peripheral Freeze Behavior
[21:15:33.188]        // -> [Write32(0xE0042010, 0x04172800)]   (__dp=0x00000000, __ap=0x00000000)
[21:15:33.189]    </block>
[21:15:33.189]  </sequence>
[21:15:33.189]  
[21:15:37.690]  **********  Sequence "DebugPortStop"  (Context="Disconnect", Pname="", info="")
[21:15:37.690]  
[21:15:37.691]  <debugvars>
[21:15:37.691]    // Pre-defined
[21:15:37.691]    __protocol=0x00010002      (Protocol="SWD", SWJ-DP="True")
[21:15:37.691]    __connection=0x00000202    (Connection Type="Flash", Reset Type="System Reset")
[21:15:37.692]    __dp=0x00000000
[21:15:37.692]    __ap=0x00000000
[21:15:37.692]    __traceout=0x00000000      (Trace Disabled)
[21:15:37.692]    __errorcontrol=0x00000000  (Skip Errors="False")
[21:15:37.693]    __FlashAddr=0x00000000
[21:15:37.693]    __FlashLen=0x00000000
[21:15:37.693]    __FlashArg=0x00000000
[21:15:37.693]    __FlashOp=0x00000000
[21:15:37.693]    __Result=0x00000000
[21:15:37.694]    
[21:15:37.694]    // User-defined
[21:15:37.694]    DbgMCU_CR=0x00000007
[21:15:37.694]    DbgMCU_APB1_Fz1=0xC060183F
[21:15:37.694]    DbgMCU_APB1_Fz2=0x00000002
[21:15:37.694]    DbgMCU_APB2_Fz=0x04172800
[21:15:37.695]    TraceClk_Pin=0x00040002
[21:15:37.695]    TraceD0_Pin=0x00040003
[21:15:37.695]    TraceD1_Pin=0x00040004
[21:15:37.695]    TraceD2_Pin=0x00040005
[21:15:37.695]    TraceD3_Pin=0x00040006
[21:15:37.696]    DoOptionByteLoading=0x00000000
[21:15:37.696]  </debugvars>
[21:15:37.696]  
[21:15:37.696]  <sequence name="DebugPortStop" Pname="" disable="false" info="">
[21:15:37.696]    <block atomic="false" info="">
[21:15:37.697]      __var connectionFlash = ( __connection & 0xF ) == 2 ;
[21:15:37.697]        // -> [connectionFlash <= 0x00000001]
[21:15:37.697]      __var FLASH_BASE = 0x40022000 ;
[21:15:37.697]        // -> [FLASH_BASE <= 0x40022000]
[21:15:37.698]      __var FLASH_CR = FLASH_BASE + 0x14 ;
[21:15:37.698]        // -> [FLASH_CR <= 0x40022014]
[21:15:37.698]      __var OBL_LAUNCH_BIT = ( 1 << 27 ) ;
[21:15:37.698]        // -> [OBL_LAUNCH_BIT <= 0x08000000]
[21:15:37.698]      __var LOCK_BIT = ( 1 << 31 ) ;
[21:15:37.698]        // -> [LOCK_BIT <= 0x80000000]
[21:15:37.700]      __var OPTLOCK_BIT = ( 1 << 30 ) ;
[21:15:37.700]        // -> [OPTLOCK_BIT <= 0x40000000]
[21:15:37.700]      __var FLASH_KEYR = FLASH_BASE + 0x08 ;
[21:15:37.700]        // -> [FLASH_KEYR <= 0x40022008]
[21:15:37.701]      __var FLASH_KEY1 = 0x45670123 ;
[21:15:37.701]        // -> [FLASH_KEY1 <= 0x45670123]
[21:15:37.701]      __var FLASH_KEY2 = 0xCDEF89AB ;
[21:15:37.701]        // -> [FLASH_KEY2 <= 0xCDEF89AB]
[21:15:37.702]      __var FLASH_OPTKEYR = FLASH_BASE + 0x0C ;
[21:15:37.702]        // -> [FLASH_OPTKEYR <= 0x4002200C]
[21:15:37.702]      __var FLASH_OPTKEY1 = 0x08192A3B ;
[21:15:37.702]        // -> [FLASH_OPTKEY1 <= 0x08192A3B]
[21:15:37.703]      __var FLASH_OPTKEY2 = 0x4C5D6E7F ;
[21:15:37.703]        // -> [FLASH_OPTKEY2 <= 0x4C5D6E7F]
[21:15:37.703]      __var FLASH_CR_Value = 0 ;
[21:15:37.703]        // -> [FLASH_CR_Value <= 0x00000000]
[21:15:37.703]      __var DoDebugPortStop = 1 ;
[21:15:37.704]        // -> [DoDebugPortStop <= 0x00000001]
[21:15:37.704]      __var DP_CTRL_STAT = 0x4 ;
[21:15:37.704]        // -> [DP_CTRL_STAT <= 0x00000004]
[21:15:37.704]      __var DP_SELECT = 0x8 ;
[21:15:37.705]        // -> [DP_SELECT <= 0x00000008]
[21:15:37.705]    </block>
[21:15:37.705]    <control if="connectionFlash && DoOptionByteLoading" while="" timeout="0" info="">
[21:15:37.706]      // if-block "connectionFlash && DoOptionByteLoading"
[21:15:37.706]        // =>  FALSE
[21:15:37.706]      // skip if-block "connectionFlash && DoOptionByteLoading"
[21:15:37.706]    </control>
[21:15:37.707]    <control if="DoDebugPortStop" while="" timeout="0" info="">
[21:15:37.707]      // if-block "DoDebugPortStop"
[21:15:37.707]        // =>  TRUE
[21:15:37.707]      <block atomic="false" info="">
[21:15:37.708]        WriteDP(DP_SELECT, 0x00000000);
[21:15:37.708]          // -> [WriteDP(0x00000008, 0x00000000)]   (__dp=0x00000000)
[21:15:37.708]        WriteDP(DP_CTRL_STAT, 0x00000000);
[21:15:37.708]          // -> [WriteDP(0x00000004, 0x00000000)]   (__dp=0x00000000)
[21:15:37.709]      </block>
[21:15:37.709]      // end if-block "DoDebugPortStop"
[21:15:37.709]    </control>
[21:15:37.710]  </sequence>
[21:15:37.710]  
