/*
 *  CMSIS Pack Debug Access Sequence Log
 *  File        : E:\个人学习\逆变器\逆变器控制板\STM32G474RBT3_RTThread_Safe_v2.3.0_20260829\STM32G474RBT3_RTThread_Safe_v2.3.0\STM32G474_RTThread_Sequences_0022.log
 *  Created     : 12:36:52 (30/08/2026)
 *  Device      : STM32G474RBTx
 *  PDSC File   : D:/Keil/Keil/packs/Keil/STM32G4xx_DFP/2.2.0/Keil.STM32G4xx_DFP.pdsc
 *  Config File : E:\个人学习\逆变器\逆变器控制板\STM32G474RBT3_RTThread_Safe_v2.3.0_20260829\STM32G474RBT3_RTThread_Safe_v2.3.0\DebugConfig\STM32G474_RTThread_Safe_STM32G474RBTx_1.0.1.dbgconf
 *
 */

[12:36:52.973]  **********  Sequence "DebugDeviceUnlock"  (Context="Target Access", Pname="", info="")
[12:36:52.973]  
[12:36:52.973]  <debugvars>
[12:36:52.973]    // Pre-defined
[12:36:52.974]    __protocol=0x00010002      (Protocol="SWD", SWJ-DP="True")
[12:36:52.974]    __connection=0x00000202    (Connection Type="Flash", Reset Type="System Reset")
[12:36:52.974]    __dp=0x00000000
[12:36:52.974]    __ap=0x00000000
[12:36:52.974]    __traceout=0x00000000      (Trace Disabled)
[12:36:52.974]    __errorcontrol=0x00000000  (Skip Errors="False")
[12:36:52.975]    __FlashAddr=0x00000000
[12:36:52.975]    __FlashLen=0x00000000
[12:36:52.975]    __FlashArg=0x00000000
[12:36:52.975]    __FlashOp=0x00000000
[12:36:52.975]    __Result=0x00000000
[12:36:52.975]    
[12:36:52.975]    // User-defined
[12:36:52.976]    DbgMCU_CR=0x00000007
[12:36:52.976]    DbgMCU_APB1_Fz1=0xC060183F
[12:36:52.976]    DbgMCU_APB1_Fz2=0x00000002
[12:36:52.977]    DbgMCU_APB2_Fz=0x04172800
[12:36:52.977]    TraceClk_Pin=0x00040002
[12:36:52.977]    TraceD0_Pin=0x00040003
[12:36:52.977]    TraceD1_Pin=0x00040004
[12:36:52.977]    TraceD2_Pin=0x00040005
[12:36:52.978]    TraceD3_Pin=0x00040006
[12:36:52.978]    DoOptionByteLoading=0x00000000
[12:36:52.978]  </debugvars>
[12:36:52.978]  
[12:36:52.978]  <sequence name="DebugDeviceUnlock" Pname="" disable="false" info="">
[12:36:52.978]    <block atomic="false" info="">
[12:36:52.978]      Sequence("CheckID");
[12:36:52.979]        <sequence name="CheckID" Pname="" disable="false" info="">
[12:36:52.979]          <block atomic="false" info="">
[12:36:52.979]            __var pidr1 = 0;
[12:36:52.979]              // -> [pidr1 <= 0x00000000]
[12:36:52.979]            __var pidr2 = 0;
[12:36:52.980]              // -> [pidr2 <= 0x00000000]
[12:36:52.980]            __var jep106id = 0;
[12:36:52.980]              // -> [jep106id <= 0x00000000]
[12:36:52.980]            __var ROMTableBase = 0;
[12:36:52.980]              // -> [ROMTableBase <= 0x00000000]
[12:36:52.981]            __ap = 0;      // AHB-AP
[12:36:52.981]              // -> [__ap <= 0x00000000]
[12:36:52.981]            ROMTableBase = ReadAP(0xF8) & ~0x3;
[12:36:52.982]              // -> [ReadAP(0x000000F8) => 0xE00FF003]   (__dp=0x00000000, __ap=0x00000000)
[12:36:52.982]              // -> [ROMTableBase <= 0xE00FF000]
[12:36:52.982]            pidr1 = Read32(ROMTableBase + 0x0FE4);
[12:36:52.983]              // -> [Read32(0xE00FFFE4) => 0x00000004]   (__dp=0x00000000, __ap=0x00000000)
[12:36:52.983]              // -> [pidr1 <= 0x00000004]
[12:36:52.983]            pidr2 = Read32(ROMTableBase + 0x0FE8);
[12:36:52.984]              // -> [Read32(0xE00FFFE8) => 0x0000000A]   (__dp=0x00000000, __ap=0x00000000)
[12:36:52.985]              // -> [pidr2 <= 0x0000000A]
[12:36:52.985]            jep106id = ((pidr2 & 0x7) << 4 ) | ((pidr1 >> 4) & 0xF);
[12:36:52.985]              // -> [jep106id <= 0x00000020]
[12:36:52.985]          </block>
[12:36:52.985]          <control if="jep106id != 0x20" while="" timeout="0" info="">
[12:36:52.986]            // if-block "jep106id != 0x20"
[12:36:52.986]              // =>  FALSE
[12:36:52.986]            // skip if-block "jep106id != 0x20"
[12:36:52.986]          </control>
[12:36:52.986]        </sequence>
[12:36:52.987]    </block>
[12:36:52.987]  </sequence>
[12:36:52.987]  
[12:36:52.987]  **********  Sequence "DebugCoreStart"  (Context="Target Access", Pname="", info="")
[12:36:52.987]  
[12:36:52.987]  <debugvars>
[12:36:52.987]    // Pre-defined
[12:36:52.988]    __protocol=0x00010002      (Protocol="SWD", SWJ-DP="True")
[12:36:52.988]    __connection=0x00000202    (Connection Type="Flash", Reset Type="System Reset")
[12:36:52.988]    __dp=0x00000000
[12:36:52.988]    __ap=0x00000000
[12:36:52.988]    __traceout=0x00000000      (Trace Disabled)
[12:36:52.988]    __errorcontrol=0x00000000  (Skip Errors="False")
[12:36:52.989]    __FlashAddr=0x00000000
[12:36:52.989]    __FlashLen=0x00000000
[12:36:52.989]    __FlashArg=0x00000000
[12:36:52.989]    __FlashOp=0x00000000
[12:36:52.990]    __Result=0x00000000
[12:36:52.990]    
[12:36:52.990]    // User-defined
[12:36:52.990]    DbgMCU_CR=0x00000007
[12:36:52.990]    DbgMCU_APB1_Fz1=0xC060183F
[12:36:52.990]    DbgMCU_APB1_Fz2=0x00000002
[12:36:52.990]    DbgMCU_APB2_Fz=0x04172800
[12:36:52.990]    TraceClk_Pin=0x00040002
[12:36:52.990]    TraceD0_Pin=0x00040003
[12:36:52.991]    TraceD1_Pin=0x00040004
[12:36:52.991]    TraceD2_Pin=0x00040005
[12:36:52.991]    TraceD3_Pin=0x00040006
[12:36:52.991]    DoOptionByteLoading=0x00000000
[12:36:52.991]  </debugvars>
[12:36:52.992]  
[12:36:52.992]  <sequence name="DebugCoreStart" Pname="" disable="false" info="">
[12:36:52.992]    <block atomic="false" info="">
[12:36:52.992]      Write32(0xE000EDF0, 0xA05F0001);                                        // Enable Core Debug via DHCSR
[12:36:52.993]        // -> [Write32(0xE000EDF0, 0xA05F0001)]   (__dp=0x00000000, __ap=0x00000000)
[12:36:52.993]    </block>
[12:36:52.993]    <block atomic="false" info="DbgMCU registers">
[12:36:52.994]      Write32(0xE0042004, DbgMCU_CR);                                         // DBGMCU_CR: Configure MCU Debug
[12:36:52.995]        // -> [Write32(0xE0042004, 0x00000007)]   (__dp=0x00000000, __ap=0x00000000)
[12:36:52.995]      Write32(0xE0042008, DbgMCU_APB1_Fz1);                                   // DBGMCU_APB1_FZ1: Configure APB1 Peripheral Freeze Behavior
[12:36:52.996]        // -> [Write32(0xE0042008, 0xC060183F)]   (__dp=0x00000000, __ap=0x00000000)
[12:36:52.996]      Write32(0xE004200C, DbgMCU_APB1_Fz2);                                   // DBGMCU_APB1_FZ2: Configure APB1 Peripheral Freeze Behavior
[12:36:52.997]        // -> [Write32(0xE004200C, 0x00000002)]   (__dp=0x00000000, __ap=0x00000000)
[12:36:52.997]      Write32(0xE0042010, DbgMCU_APB2_Fz);                                    // DBGMCU_APB2_FZ: Configure APB2 Peripheral Freeze Behavior
[12:36:52.997]        // -> [Write32(0xE0042010, 0x04172800)]   (__dp=0x00000000, __ap=0x00000000)
[12:36:52.998]    </block>
[12:36:52.998]  </sequence>
[12:36:52.998]  
[12:36:57.687]  **********  Sequence "DebugPortStop"  (Context="Disconnect", Pname="", info="")
[12:36:57.687]  
[12:36:57.687]  <debugvars>
[12:36:57.687]    // Pre-defined
[12:36:57.688]    __protocol=0x00010002      (Protocol="SWD", SWJ-DP="True")
[12:36:57.688]    __connection=0x00000202    (Connection Type="Flash", Reset Type="System Reset")
[12:36:57.688]    __dp=0x00000000
[12:36:57.689]    __ap=0x00000000
[12:36:57.689]    __traceout=0x00000000      (Trace Disabled)
[12:36:57.689]    __errorcontrol=0x00000000  (Skip Errors="False")
[12:36:57.689]    __FlashAddr=0x00000000
[12:36:57.689]    __FlashLen=0x00000000
[12:36:57.690]    __FlashArg=0x00000000
[12:36:57.690]    __FlashOp=0x00000000
[12:36:57.690]    __Result=0x00000000
[12:36:57.690]    
[12:36:57.690]    // User-defined
[12:36:57.690]    DbgMCU_CR=0x00000007
[12:36:57.690]    DbgMCU_APB1_Fz1=0xC060183F
[12:36:57.691]    DbgMCU_APB1_Fz2=0x00000002
[12:36:57.692]    DbgMCU_APB2_Fz=0x04172800
[12:36:57.692]    TraceClk_Pin=0x00040002
[12:36:57.692]    TraceD0_Pin=0x00040003
[12:36:57.692]    TraceD1_Pin=0x00040004
[12:36:57.692]    TraceD2_Pin=0x00040005
[12:36:57.692]    TraceD3_Pin=0x00040006
[12:36:57.692]    DoOptionByteLoading=0x00000000
[12:36:57.692]  </debugvars>
[12:36:57.693]  
[12:36:57.693]  <sequence name="DebugPortStop" Pname="" disable="false" info="">
[12:36:57.693]    <block atomic="false" info="">
[12:36:57.693]      __var connectionFlash = ( __connection & 0xF ) == 2 ;
[12:36:57.694]        // -> [connectionFlash <= 0x00000001]
[12:36:57.694]      __var FLASH_BASE = 0x40022000 ;
[12:36:57.695]        // -> [FLASH_BASE <= 0x40022000]
[12:36:57.695]      __var FLASH_CR = FLASH_BASE + 0x14 ;
[12:36:57.695]        // -> [FLASH_CR <= 0x40022014]
[12:36:57.695]      __var OBL_LAUNCH_BIT = ( 1 << 27 ) ;
[12:36:57.695]        // -> [OBL_LAUNCH_BIT <= 0x08000000]
[12:36:57.695]      __var LOCK_BIT = ( 1 << 31 ) ;
[12:36:57.696]        // -> [LOCK_BIT <= 0x80000000]
[12:36:57.696]      __var OPTLOCK_BIT = ( 1 << 30 ) ;
[12:36:57.696]        // -> [OPTLOCK_BIT <= 0x40000000]
[12:36:57.696]      __var FLASH_KEYR = FLASH_BASE + 0x08 ;
[12:36:57.696]        // -> [FLASH_KEYR <= 0x40022008]
[12:36:57.696]      __var FLASH_KEY1 = 0x45670123 ;
[12:36:57.696]        // -> [FLASH_KEY1 <= 0x45670123]
[12:36:57.696]      __var FLASH_KEY2 = 0xCDEF89AB ;
[12:36:57.696]        // -> [FLASH_KEY2 <= 0xCDEF89AB]
[12:36:57.697]      __var FLASH_OPTKEYR = FLASH_BASE + 0x0C ;
[12:36:57.698]        // -> [FLASH_OPTKEYR <= 0x4002200C]
[12:36:57.698]      __var FLASH_OPTKEY1 = 0x08192A3B ;
[12:36:57.698]        // -> [FLASH_OPTKEY1 <= 0x08192A3B]
[12:36:57.698]      __var FLASH_OPTKEY2 = 0x4C5D6E7F ;
[12:36:57.698]        // -> [FLASH_OPTKEY2 <= 0x4C5D6E7F]
[12:36:57.699]      __var FLASH_CR_Value = 0 ;
[12:36:57.699]        // -> [FLASH_CR_Value <= 0x00000000]
[12:36:57.699]      __var DoDebugPortStop = 1 ;
[12:36:57.699]        // -> [DoDebugPortStop <= 0x00000001]
[12:36:57.699]      __var DP_CTRL_STAT = 0x4 ;
[12:36:57.700]        // -> [DP_CTRL_STAT <= 0x00000004]
[12:36:57.700]      __var DP_SELECT = 0x8 ;
[12:36:57.700]        // -> [DP_SELECT <= 0x00000008]
[12:36:57.701]    </block>
[12:36:57.701]    <control if="connectionFlash && DoOptionByteLoading" while="" timeout="0" info="">
[12:36:57.701]      // if-block "connectionFlash && DoOptionByteLoading"
[12:36:57.701]        // =>  FALSE
[12:36:57.701]      // skip if-block "connectionFlash && DoOptionByteLoading"
[12:36:57.702]    </control>
[12:36:57.702]    <control if="DoDebugPortStop" while="" timeout="0" info="">
[12:36:57.702]      // if-block "DoDebugPortStop"
[12:36:57.702]        // =>  TRUE
[12:36:57.702]      <block atomic="false" info="">
[12:36:57.702]        WriteDP(DP_SELECT, 0x00000000);
[12:36:57.702]          // -> [WriteDP(0x00000008, 0x00000000)]   (__dp=0x00000000)
[12:36:57.703]        WriteDP(DP_CTRL_STAT, 0x00000000);
[12:36:57.703]          // -> [WriteDP(0x00000004, 0x00000000)]   (__dp=0x00000000)
[12:36:57.704]      </block>
[12:36:57.704]      // end if-block "DoDebugPortStop"
[12:36:57.704]    </control>
[12:36:57.704]  </sequence>
[12:36:57.705]  
