/*
 *  CMSIS Pack Debug Access Sequence Log
 *  File        : E:\个人学习\逆变器\逆变器控制板\STM32G474RBT3_RTThread_Safe_v2.3.0_20260829\STM32G474RBT3_RTThread_Safe_v2.3.0\STM32G474_RTThread_Sequences_0027.log
 *  Created     : 14:01:20 (30/08/2026)
 *  Device      : STM32G474RBTx
 *  PDSC File   : D:/Keil/Keil/packs/Keil/STM32G4xx_DFP/2.2.0/Keil.STM32G4xx_DFP.pdsc
 *  Config File : E:\个人学习\逆变器\逆变器控制板\STM32G474RBT3_RTThread_Safe_v2.3.0_20260829\STM32G474RBT3_RTThread_Safe_v2.3.0\DebugConfig\STM32G474_RTThread_Safe_STM32G474RBTx_1.0.1.dbgconf
 *
 */

[14:01:20.648]  **********  Sequence "DebugDeviceUnlock"  (Context="Target Access", Pname="", info="")
[14:01:20.648]  
[14:01:20.648]  <debugvars>
[14:01:20.648]    // Pre-defined
[14:01:20.649]    __protocol=0x00010002      (Protocol="SWD", SWJ-DP="True")
[14:01:20.649]    __connection=0x00000202    (Connection Type="Flash", Reset Type="System Reset")
[14:01:20.649]    __dp=0x00000000
[14:01:20.649]    __ap=0x00000000
[14:01:20.649]    __traceout=0x00000000      (Trace Disabled)
[14:01:20.650]    __errorcontrol=0x00000000  (Skip Errors="False")
[14:01:20.650]    __FlashAddr=0x00000000
[14:01:20.650]    __FlashLen=0x00000000
[14:01:20.650]    __FlashArg=0x00000000
[14:01:20.650]    __FlashOp=0x00000000
[14:01:20.650]    __Result=0x00000000
[14:01:20.651]    
[14:01:20.651]    // User-defined
[14:01:20.651]    DbgMCU_CR=0x00000007
[14:01:20.651]    DbgMCU_APB1_Fz1=0xC060183F
[14:01:20.652]    DbgMCU_APB1_Fz2=0x00000002
[14:01:20.652]    DbgMCU_APB2_Fz=0x04172800
[14:01:20.652]    TraceClk_Pin=0x00040002
[14:01:20.652]    TraceD0_Pin=0x00040003
[14:01:20.652]    TraceD1_Pin=0x00040004
[14:01:20.652]    TraceD2_Pin=0x00040005
[14:01:20.652]    TraceD3_Pin=0x00040006
[14:01:20.652]    DoOptionByteLoading=0x00000000
[14:01:20.652]  </debugvars>
[14:01:20.654]  
[14:01:20.654]  <sequence name="DebugDeviceUnlock" Pname="" disable="false" info="">
[14:01:20.654]    <block atomic="false" info="">
[14:01:20.654]      Sequence("CheckID");
[14:01:20.654]        <sequence name="CheckID" Pname="" disable="false" info="">
[14:01:20.654]          <block atomic="false" info="">
[14:01:20.654]            __var pidr1 = 0;
[14:01:20.655]              // -> [pidr1 <= 0x00000000]
[14:01:20.655]            __var pidr2 = 0;
[14:01:20.655]              // -> [pidr2 <= 0x00000000]
[14:01:20.655]            __var jep106id = 0;
[14:01:20.656]              // -> [jep106id <= 0x00000000]
[14:01:20.656]            __var ROMTableBase = 0;
[14:01:20.656]              // -> [ROMTableBase <= 0x00000000]
[14:01:20.656]            __ap = 0;      // AHB-AP
[14:01:20.656]              // -> [__ap <= 0x00000000]
[14:01:20.656]            ROMTableBase = ReadAP(0xF8) & ~0x3;
[14:01:20.657]              // -> [ReadAP(0x000000F8) => 0xE00FF003]   (__dp=0x00000000, __ap=0x00000000)
[14:01:20.657]              // -> [ROMTableBase <= 0xE00FF000]
[14:01:20.657]            pidr1 = Read32(ROMTableBase + 0x0FE4);
[14:01:20.659]              // -> [Read32(0xE00FFFE4) => 0x00000004]   (__dp=0x00000000, __ap=0x00000000)
[14:01:20.659]              // -> [pidr1 <= 0x00000004]
[14:01:20.659]            pidr2 = Read32(ROMTableBase + 0x0FE8);
[14:01:20.660]              // -> [Read32(0xE00FFFE8) => 0x0000000A]   (__dp=0x00000000, __ap=0x00000000)
[14:01:20.660]              // -> [pidr2 <= 0x0000000A]
[14:01:20.660]            jep106id = ((pidr2 & 0x7) << 4 ) | ((pidr1 >> 4) & 0xF);
[14:01:20.660]              // -> [jep106id <= 0x00000020]
[14:01:20.660]          </block>
[14:01:20.660]          <control if="jep106id != 0x20" while="" timeout="0" info="">
[14:01:20.661]            // if-block "jep106id != 0x20"
[14:01:20.662]              // =>  FALSE
[14:01:20.662]            // skip if-block "jep106id != 0x20"
[14:01:20.662]          </control>
[14:01:20.662]        </sequence>
[14:01:20.663]    </block>
[14:01:20.663]  </sequence>
[14:01:20.663]  
[14:01:20.664]  **********  Sequence "DebugCoreStart"  (Context="Target Access", Pname="", info="")
[14:01:20.664]  
[14:01:20.664]  <debugvars>
[14:01:20.664]    // Pre-defined
[14:01:20.665]    __protocol=0x00010002      (Protocol="SWD", SWJ-DP="True")
[14:01:20.665]    __connection=0x00000202    (Connection Type="Flash", Reset Type="System Reset")
[14:01:20.665]    __dp=0x00000000
[14:01:20.665]    __ap=0x00000000
[14:01:20.666]    __traceout=0x00000000      (Trace Disabled)
[14:01:20.666]    __errorcontrol=0x00000000  (Skip Errors="False")
[14:01:20.666]    __FlashAddr=0x00000000
[14:01:20.666]    __FlashLen=0x00000000
[14:01:20.667]    __FlashArg=0x00000000
[14:01:20.667]    __FlashOp=0x00000000
[14:01:20.667]    __Result=0x00000000
[14:01:20.667]    
[14:01:20.667]    // User-defined
[14:01:20.667]    DbgMCU_CR=0x00000007
[14:01:20.667]    DbgMCU_APB1_Fz1=0xC060183F
[14:01:20.668]    DbgMCU_APB1_Fz2=0x00000002
[14:01:20.668]    DbgMCU_APB2_Fz=0x04172800
[14:01:20.669]    TraceClk_Pin=0x00040002
[14:01:20.669]    TraceD0_Pin=0x00040003
[14:01:20.669]    TraceD1_Pin=0x00040004
[14:01:20.669]    TraceD2_Pin=0x00040005
[14:01:20.669]    TraceD3_Pin=0x00040006
[14:01:20.670]    DoOptionByteLoading=0x00000000
[14:01:20.670]  </debugvars>
[14:01:20.670]  
[14:01:20.670]  <sequence name="DebugCoreStart" Pname="" disable="false" info="">
[14:01:20.670]    <block atomic="false" info="">
[14:01:20.670]      Write32(0xE000EDF0, 0xA05F0001);                                        // Enable Core Debug via DHCSR
[14:01:20.671]        // -> [Write32(0xE000EDF0, 0xA05F0001)]   (__dp=0x00000000, __ap=0x00000000)
[14:01:20.671]    </block>
[14:01:20.671]    <block atomic="false" info="DbgMCU registers">
[14:01:20.671]      Write32(0xE0042004, DbgMCU_CR);                                         // DBGMCU_CR: Configure MCU Debug
[14:01:20.672]        // -> [Write32(0xE0042004, 0x00000007)]   (__dp=0x00000000, __ap=0x00000000)
[14:01:20.672]      Write32(0xE0042008, DbgMCU_APB1_Fz1);                                   // DBGMCU_APB1_FZ1: Configure APB1 Peripheral Freeze Behavior
[14:01:20.673]        // -> [Write32(0xE0042008, 0xC060183F)]   (__dp=0x00000000, __ap=0x00000000)
[14:01:20.673]      Write32(0xE004200C, DbgMCU_APB1_Fz2);                                   // DBGMCU_APB1_FZ2: Configure APB1 Peripheral Freeze Behavior
[14:01:20.675]        // -> [Write32(0xE004200C, 0x00000002)]   (__dp=0x00000000, __ap=0x00000000)
[14:01:20.676]      Write32(0xE0042010, DbgMCU_APB2_Fz);                                    // DBGMCU_APB2_FZ: Configure APB2 Peripheral Freeze Behavior
[14:01:20.676]        // -> [Write32(0xE0042010, 0x04172800)]   (__dp=0x00000000, __ap=0x00000000)
[14:01:20.676]    </block>
[14:01:20.677]  </sequence>
[14:01:20.677]  
[14:01:25.383]  **********  Sequence "DebugPortStop"  (Context="Disconnect", Pname="", info="")
[14:01:25.383]  
[14:01:25.384]  <debugvars>
[14:01:25.384]    // Pre-defined
[14:01:25.384]    __protocol=0x00010002      (Protocol="SWD", SWJ-DP="True")
[14:01:25.384]    __connection=0x00000202    (Connection Type="Flash", Reset Type="System Reset")
[14:01:25.385]    __dp=0x00000000
[14:01:25.385]    __ap=0x00000000
[14:01:25.385]    __traceout=0x00000000      (Trace Disabled)
[14:01:25.385]    __errorcontrol=0x00000000  (Skip Errors="False")
[14:01:25.386]    __FlashAddr=0x00000000
[14:01:25.386]    __FlashLen=0x00000000
[14:01:25.386]    __FlashArg=0x00000000
[14:01:25.386]    __FlashOp=0x00000000
[14:01:25.386]    __Result=0x00000000
[14:01:25.386]    
[14:01:25.386]    // User-defined
[14:01:25.386]    DbgMCU_CR=0x00000007
[14:01:25.387]    DbgMCU_APB1_Fz1=0xC060183F
[14:01:25.387]    DbgMCU_APB1_Fz2=0x00000002
[14:01:25.388]    DbgMCU_APB2_Fz=0x04172800
[14:01:25.388]    TraceClk_Pin=0x00040002
[14:01:25.388]    TraceD0_Pin=0x00040003
[14:01:25.388]    TraceD1_Pin=0x00040004
[14:01:25.389]    TraceD2_Pin=0x00040005
[14:01:25.389]    TraceD3_Pin=0x00040006
[14:01:25.389]    DoOptionByteLoading=0x00000000
[14:01:25.389]  </debugvars>
[14:01:25.389]  
[14:01:25.390]  <sequence name="DebugPortStop" Pname="" disable="false" info="">
[14:01:25.390]    <block atomic="false" info="">
[14:01:25.390]      __var connectionFlash = ( __connection & 0xF ) == 2 ;
[14:01:25.391]        // -> [connectionFlash <= 0x00000001]
[14:01:25.391]      __var FLASH_BASE = 0x40022000 ;
[14:01:25.391]        // -> [FLASH_BASE <= 0x40022000]
[14:01:25.391]      __var FLASH_CR = FLASH_BASE + 0x14 ;
[14:01:25.391]        // -> [FLASH_CR <= 0x40022014]
[14:01:25.392]      __var OBL_LAUNCH_BIT = ( 1 << 27 ) ;
[14:01:25.392]        // -> [OBL_LAUNCH_BIT <= 0x08000000]
[14:01:25.392]      __var LOCK_BIT = ( 1 << 31 ) ;
[14:01:25.392]        // -> [LOCK_BIT <= 0x80000000]
[14:01:25.392]      __var OPTLOCK_BIT = ( 1 << 30 ) ;
[14:01:25.393]        // -> [OPTLOCK_BIT <= 0x40000000]
[14:01:25.393]      __var FLASH_KEYR = FLASH_BASE + 0x08 ;
[14:01:25.393]        // -> [FLASH_KEYR <= 0x40022008]
[14:01:25.393]      __var FLASH_KEY1 = 0x45670123 ;
[14:01:25.393]        // -> [FLASH_KEY1 <= 0x45670123]
[14:01:25.394]      __var FLASH_KEY2 = 0xCDEF89AB ;
[14:01:25.394]        // -> [FLASH_KEY2 <= 0xCDEF89AB]
[14:01:25.395]      __var FLASH_OPTKEYR = FLASH_BASE + 0x0C ;
[14:01:25.395]        // -> [FLASH_OPTKEYR <= 0x4002200C]
[14:01:25.395]      __var FLASH_OPTKEY1 = 0x08192A3B ;
[14:01:25.395]        // -> [FLASH_OPTKEY1 <= 0x08192A3B]
[14:01:25.395]      __var FLASH_OPTKEY2 = 0x4C5D6E7F ;
[14:01:25.396]        // -> [FLASH_OPTKEY2 <= 0x4C5D6E7F]
[14:01:25.396]      __var FLASH_CR_Value = 0 ;
[14:01:25.396]        // -> [FLASH_CR_Value <= 0x00000000]
[14:01:25.396]      __var DoDebugPortStop = 1 ;
[14:01:25.396]        // -> [DoDebugPortStop <= 0x00000001]
[14:01:25.396]      __var DP_CTRL_STAT = 0x4 ;
[14:01:25.396]        // -> [DP_CTRL_STAT <= 0x00000004]
[14:01:25.396]      __var DP_SELECT = 0x8 ;
[14:01:25.396]        // -> [DP_SELECT <= 0x00000008]
[14:01:25.397]    </block>
[14:01:25.397]    <control if="connectionFlash && DoOptionByteLoading" while="" timeout="0" info="">
[14:01:25.397]      // if-block "connectionFlash && DoOptionByteLoading"
[14:01:25.397]        // =>  FALSE
[14:01:25.399]      // skip if-block "connectionFlash && DoOptionByteLoading"
[14:01:25.399]    </control>
[14:01:25.399]    <control if="DoDebugPortStop" while="" timeout="0" info="">
[14:01:25.399]      // if-block "DoDebugPortStop"
[14:01:25.400]        // =>  TRUE
[14:01:25.400]      <block atomic="false" info="">
[14:01:25.400]        WriteDP(DP_SELECT, 0x00000000);
[14:01:25.400]          // -> [WriteDP(0x00000008, 0x00000000)]   (__dp=0x00000000)
[14:01:25.401]        WriteDP(DP_CTRL_STAT, 0x00000000);
[14:01:25.401]          // -> [WriteDP(0x00000004, 0x00000000)]   (__dp=0x00000000)
[14:01:25.401]      </block>
[14:01:25.402]      // end if-block "DoDebugPortStop"
[14:01:25.402]    </control>
[14:01:25.402]  </sequence>
[14:01:25.402]  
