/*
 *  CMSIS Pack Debug Access Sequence Log
 *  File        : E:\个人学习\逆变器\逆变器控制板\STM32G474RBT3_RTThread_Safe_v2.3.0_20260829\STM32G474RBT3_RTThread_Safe_v2.3.0\STM32G474_RTThread_Sequences_0023.log
 *  Created     : 12:42:25 (30/08/2026)
 *  Device      : STM32G474RBTx
 *  PDSC File   : D:/Keil/Keil/packs/Keil/STM32G4xx_DFP/2.2.0/Keil.STM32G4xx_DFP.pdsc
 *  Config File : E:\个人学习\逆变器\逆变器控制板\STM32G474RBT3_RTThread_Safe_v2.3.0_20260829\STM32G474RBT3_RTThread_Safe_v2.3.0\DebugConfig\STM32G474_RTThread_Safe_STM32G474RBTx_1.0.1.dbgconf
 *
 */

[12:42:25.244]  **********  Sequence "DebugDeviceUnlock"  (Context="Target Access", Pname="", info="")
[12:42:25.244]  
[12:42:25.245]  <debugvars>
[12:42:25.245]    // Pre-defined
[12:42:25.245]    __protocol=0x00010002      (Protocol="SWD", SWJ-DP="True")
[12:42:25.245]    __connection=0x00000202    (Connection Type="Flash", Reset Type="System Reset")
[12:42:25.246]    __dp=0x00000000
[12:42:25.246]    __ap=0x00000000
[12:42:25.246]    __traceout=0x00000000      (Trace Disabled)
[12:42:25.246]    __errorcontrol=0x00000000  (Skip Errors="False")
[12:42:25.247]    __FlashAddr=0x00000000
[12:42:25.247]    __FlashLen=0x00000000
[12:42:25.247]    __FlashArg=0x00000000
[12:42:25.247]    __FlashOp=0x00000000
[12:42:25.247]    __Result=0x00000000
[12:42:25.248]    
[12:42:25.248]    // User-defined
[12:42:25.248]    DbgMCU_CR=0x00000007
[12:42:25.248]    DbgMCU_APB1_Fz1=0xC060183F
[12:42:25.250]    DbgMCU_APB1_Fz2=0x00000002
[12:42:25.250]    DbgMCU_APB2_Fz=0x04172800
[12:42:25.251]    TraceClk_Pin=0x00040002
[12:42:25.251]    TraceD0_Pin=0x00040003
[12:42:25.251]    TraceD1_Pin=0x00040004
[12:42:25.251]    TraceD2_Pin=0x00040005
[12:42:25.252]    TraceD3_Pin=0x00040006
[12:42:25.252]    DoOptionByteLoading=0x00000000
[12:42:25.252]  </debugvars>
[12:42:25.252]  
[12:42:25.252]  <sequence name="DebugDeviceUnlock" Pname="" disable="false" info="">
[12:42:25.253]    <block atomic="false" info="">
[12:42:25.253]      Sequence("CheckID");
[12:42:25.253]        <sequence name="CheckID" Pname="" disable="false" info="">
[12:42:25.253]          <block atomic="false" info="">
[12:42:25.254]            __var pidr1 = 0;
[12:42:25.254]              // -> [pidr1 <= 0x00000000]
[12:42:25.254]            __var pidr2 = 0;
[12:42:25.254]              // -> [pidr2 <= 0x00000000]
[12:42:25.255]            __var jep106id = 0;
[12:42:25.255]              // -> [jep106id <= 0x00000000]
[12:42:25.255]            __var ROMTableBase = 0;
[12:42:25.255]              // -> [ROMTableBase <= 0x00000000]
[12:42:25.256]            __ap = 0;      // AHB-AP
[12:42:25.256]              // -> [__ap <= 0x00000000]
[12:42:25.256]            ROMTableBase = ReadAP(0xF8) & ~0x3;
[12:42:25.257]              // -> [ReadAP(0x000000F8) => 0xE00FF003]   (__dp=0x00000000, __ap=0x00000000)
[12:42:25.258]              // -> [ROMTableBase <= 0xE00FF000]
[12:42:25.258]            pidr1 = Read32(ROMTableBase + 0x0FE4);
[12:42:25.259]              // -> [Read32(0xE00FFFE4) => 0x00000004]   (__dp=0x00000000, __ap=0x00000000)
[12:42:25.259]              // -> [pidr1 <= 0x00000004]
[12:42:25.260]            pidr2 = Read32(ROMTableBase + 0x0FE8);
[12:42:25.260]              // -> [Read32(0xE00FFFE8) => 0x0000000A]   (__dp=0x00000000, __ap=0x00000000)
[12:42:25.260]              // -> [pidr2 <= 0x0000000A]
[12:42:25.262]            jep106id = ((pidr2 & 0x7) << 4 ) | ((pidr1 >> 4) & 0xF);
[12:42:25.262]              // -> [jep106id <= 0x00000020]
[12:42:25.262]          </block>
[12:42:25.262]          <control if="jep106id != 0x20" while="" timeout="0" info="">
[12:42:25.262]            // if-block "jep106id != 0x20"
[12:42:25.262]              // =>  FALSE
[12:42:25.263]            // skip if-block "jep106id != 0x20"
[12:42:25.263]          </control>
[12:42:25.263]        </sequence>
[12:42:25.263]    </block>
[12:42:25.264]  </sequence>
[12:42:25.264]  
[12:42:25.264]  **********  Sequence "DebugCoreStart"  (Context="Target Access", Pname="", info="")
[12:42:25.264]  
[12:42:25.265]  <debugvars>
[12:42:25.265]    // Pre-defined
[12:42:25.266]    __protocol=0x00010002      (Protocol="SWD", SWJ-DP="True")
[12:42:25.266]    __connection=0x00000202    (Connection Type="Flash", Reset Type="System Reset")
[12:42:25.266]    __dp=0x00000000
[12:42:25.266]    __ap=0x00000000
[12:42:25.267]    __traceout=0x00000000      (Trace Disabled)
[12:42:25.267]    __errorcontrol=0x00000000  (Skip Errors="False")
[12:42:25.267]    __FlashAddr=0x00000000
[12:42:25.267]    __FlashLen=0x00000000
[12:42:25.268]    __FlashArg=0x00000000
[12:42:25.268]    __FlashOp=0x00000000
[12:42:25.268]    __Result=0x00000000
[12:42:25.268]    
[12:42:25.268]    // User-defined
[12:42:25.268]    DbgMCU_CR=0x00000007
[12:42:25.269]    DbgMCU_APB1_Fz1=0xC060183F
[12:42:25.269]    DbgMCU_APB1_Fz2=0x00000002
[12:42:25.269]    DbgMCU_APB2_Fz=0x04172800
[12:42:25.269]    TraceClk_Pin=0x00040002
[12:42:25.270]    TraceD0_Pin=0x00040003
[12:42:25.270]    TraceD1_Pin=0x00040004
[12:42:25.270]    TraceD2_Pin=0x00040005
[12:42:25.270]    TraceD3_Pin=0x00040006
[12:42:25.271]    DoOptionByteLoading=0x00000000
[12:42:25.271]  </debugvars>
[12:42:25.271]  
[12:42:25.271]  <sequence name="DebugCoreStart" Pname="" disable="false" info="">
[12:42:25.272]    <block atomic="false" info="">
[12:42:25.272]      Write32(0xE000EDF0, 0xA05F0001);                                        // Enable Core Debug via DHCSR
[12:42:25.273]        // -> [Write32(0xE000EDF0, 0xA05F0001)]   (__dp=0x00000000, __ap=0x00000000)
[12:42:25.273]    </block>
[12:42:25.273]    <block atomic="false" info="DbgMCU registers">
[12:42:25.273]      Write32(0xE0042004, DbgMCU_CR);                                         // DBGMCU_CR: Configure MCU Debug
[12:42:25.274]        // -> [Write32(0xE0042004, 0x00000007)]   (__dp=0x00000000, __ap=0x00000000)
[12:42:25.275]      Write32(0xE0042008, DbgMCU_APB1_Fz1);                                   // DBGMCU_APB1_FZ1: Configure APB1 Peripheral Freeze Behavior
[12:42:25.276]        // -> [Write32(0xE0042008, 0xC060183F)]   (__dp=0x00000000, __ap=0x00000000)
[12:42:25.276]      Write32(0xE004200C, DbgMCU_APB1_Fz2);                                   // DBGMCU_APB1_FZ2: Configure APB1 Peripheral Freeze Behavior
[12:42:25.278]        // -> [Write32(0xE004200C, 0x00000002)]   (__dp=0x00000000, __ap=0x00000000)
[12:42:25.278]      Write32(0xE0042010, DbgMCU_APB2_Fz);                                    // DBGMCU_APB2_FZ: Configure APB2 Peripheral Freeze Behavior
[12:42:25.279]        // -> [Write32(0xE0042010, 0x04172800)]   (__dp=0x00000000, __ap=0x00000000)
[12:42:25.280]    </block>
[12:42:25.280]  </sequence>
[12:42:25.280]  
[12:42:30.025]  **********  Sequence "DebugPortStop"  (Context="Disconnect", Pname="", info="")
[12:42:30.025]  
[12:42:30.025]  <debugvars>
[12:42:30.026]    // Pre-defined
[12:42:30.027]    __protocol=0x00010002      (Protocol="SWD", SWJ-DP="True")
[12:42:30.027]    __connection=0x00000202    (Connection Type="Flash", Reset Type="System Reset")
[12:42:30.027]    __dp=0x00000000
[12:42:30.028]    __ap=0x00000000
[12:42:30.028]    __traceout=0x00000000      (Trace Disabled)
[12:42:30.028]    __errorcontrol=0x00000000  (Skip Errors="False")
[12:42:30.028]    __FlashAddr=0x00000000
[12:42:30.028]    __FlashLen=0x00000000
[12:42:30.029]    __FlashArg=0x00000000
[12:42:30.029]    __FlashOp=0x00000000
[12:42:30.029]    __Result=0x00000000
[12:42:30.029]    
[12:42:30.029]    // User-defined
[12:42:30.029]    DbgMCU_CR=0x00000007
[12:42:30.030]    DbgMCU_APB1_Fz1=0xC060183F
[12:42:30.030]    DbgMCU_APB1_Fz2=0x00000002
[12:42:30.030]    DbgMCU_APB2_Fz=0x04172800
[12:42:30.030]    TraceClk_Pin=0x00040002
[12:42:30.030]    TraceD0_Pin=0x00040003
[12:42:30.030]    TraceD1_Pin=0x00040004
[12:42:30.031]    TraceD2_Pin=0x00040005
[12:42:30.031]    TraceD3_Pin=0x00040006
[12:42:30.031]    DoOptionByteLoading=0x00000000
[12:42:30.032]  </debugvars>
[12:42:30.032]  
[12:42:30.032]  <sequence name="DebugPortStop" Pname="" disable="false" info="">
[12:42:30.032]    <block atomic="false" info="">
[12:42:30.032]      __var connectionFlash = ( __connection & 0xF ) == 2 ;
[12:42:30.032]        // -> [connectionFlash <= 0x00000001]
[12:42:30.032]      __var FLASH_BASE = 0x40022000 ;
[12:42:30.032]        // -> [FLASH_BASE <= 0x40022000]
[12:42:30.034]      __var FLASH_CR = FLASH_BASE + 0x14 ;
[12:42:30.034]        // -> [FLASH_CR <= 0x40022014]
[12:42:30.034]      __var OBL_LAUNCH_BIT = ( 1 << 27 ) ;
[12:42:30.034]        // -> [OBL_LAUNCH_BIT <= 0x08000000]
[12:42:30.034]      __var LOCK_BIT = ( 1 << 31 ) ;
[12:42:30.035]        // -> [LOCK_BIT <= 0x80000000]
[12:42:30.035]      __var OPTLOCK_BIT = ( 1 << 30 ) ;
[12:42:30.035]        // -> [OPTLOCK_BIT <= 0x40000000]
[12:42:30.035]      __var FLASH_KEYR = FLASH_BASE + 0x08 ;
[12:42:30.036]        // -> [FLASH_KEYR <= 0x40022008]
[12:42:30.036]      __var FLASH_KEY1 = 0x45670123 ;
[12:42:30.036]        // -> [FLASH_KEY1 <= 0x45670123]
[12:42:30.037]      __var FLASH_KEY2 = 0xCDEF89AB ;
[12:42:30.037]        // -> [FLASH_KEY2 <= 0xCDEF89AB]
[12:42:30.037]      __var FLASH_OPTKEYR = FLASH_BASE + 0x0C ;
[12:42:30.037]        // -> [FLASH_OPTKEYR <= 0x4002200C]
[12:42:30.037]      __var FLASH_OPTKEY1 = 0x08192A3B ;
[12:42:30.038]        // -> [FLASH_OPTKEY1 <= 0x08192A3B]
[12:42:30.038]      __var FLASH_OPTKEY2 = 0x4C5D6E7F ;
[12:42:30.038]        // -> [FLASH_OPTKEY2 <= 0x4C5D6E7F]
[12:42:30.038]      __var FLASH_CR_Value = 0 ;
[12:42:30.039]        // -> [FLASH_CR_Value <= 0x00000000]
[12:42:30.039]      __var DoDebugPortStop = 1 ;
[12:42:30.039]        // -> [DoDebugPortStop <= 0x00000001]
[12:42:30.039]      __var DP_CTRL_STAT = 0x4 ;
[12:42:30.040]        // -> [DP_CTRL_STAT <= 0x00000004]
[12:42:30.040]      __var DP_SELECT = 0x8 ;
[12:42:30.040]        // -> [DP_SELECT <= 0x00000008]
[12:42:30.040]    </block>
[12:42:30.040]    <control if="connectionFlash && DoOptionByteLoading" while="" timeout="0" info="">
[12:42:30.040]      // if-block "connectionFlash && DoOptionByteLoading"
[12:42:30.040]        // =>  FALSE
[12:42:30.041]      // skip if-block "connectionFlash && DoOptionByteLoading"
[12:42:30.041]    </control>
[12:42:30.041]    <control if="DoDebugPortStop" while="" timeout="0" info="">
[12:42:30.041]      // if-block "DoDebugPortStop"
[12:42:30.042]        // =>  TRUE
[12:42:30.042]      <block atomic="false" info="">
[12:42:30.042]        WriteDP(DP_SELECT, 0x00000000);
[12:42:30.043]          // -> [WriteDP(0x00000008, 0x00000000)]   (__dp=0x00000000)
[12:42:30.043]        WriteDP(DP_CTRL_STAT, 0x00000000);
[12:42:30.043]          // -> [WriteDP(0x00000004, 0x00000000)]   (__dp=0x00000000)
[12:42:30.043]      </block>
[12:42:30.044]      // end if-block "DoDebugPortStop"
[12:42:30.044]    </control>
[12:42:30.044]  </sequence>
[12:42:30.045]  
