/*
 *  CMSIS Pack Debug Access Sequence Log
 *  File        : E:\个人学习\逆变器\逆变器控制板\STM32G474RBT3_RTThread_Safe_v2.3.0_20260829\STM32G474RBT3_RTThread_Safe_v2.3.0\STM32G474_RTThread_Sequences_0013.log
 *  Created     : 20:44:56 (29/08/2026)
 *  Device      : STM32G474RBTx
 *  PDSC File   : D:/Keil/Keil/packs/Keil/STM32G4xx_DFP/2.2.0/Keil.STM32G4xx_DFP.pdsc
 *  Config File : E:\个人学习\逆变器\逆变器控制板\STM32G474RBT3_RTThread_Safe_v2.3.0_20260829\STM32G474RBT3_RTThread_Safe_v2.3.0\DebugConfig\STM32G474_RTThread_Safe_STM32G474RBTx_1.0.1.dbgconf
 *
 */

[20:44:56.551]  **********  Sequence "DebugDeviceUnlock"  (Context="Target Access", Pname="", info="")
[20:44:56.551]  
[20:44:56.551]  <debugvars>
[20:44:56.551]    // Pre-defined
[20:44:56.552]    __protocol=0x00010002      (Protocol="SWD", SWJ-DP="True")
[20:44:56.552]    __connection=0x00000202    (Connection Type="Flash", Reset Type="System Reset")
[20:44:56.552]    __dp=0x00000000
[20:44:56.552]    __ap=0x00000000
[20:44:56.552]    __traceout=0x00000000      (Trace Disabled)
[20:44:56.552]    __errorcontrol=0x00000000  (Skip Errors="False")
[20:44:56.553]    __FlashAddr=0x00000000
[20:44:56.553]    __FlashLen=0x00000000
[20:44:56.553]    __FlashArg=0x00000000
[20:44:56.553]    __FlashOp=0x00000000
[20:44:56.553]    __Result=0x00000000
[20:44:56.554]    
[20:44:56.554]    // User-defined
[20:44:56.555]    DbgMCU_CR=0x00000007
[20:44:56.555]    DbgMCU_APB1_Fz1=0xC060183F
[20:44:56.555]    DbgMCU_APB1_Fz2=0x00000002
[20:44:56.555]    DbgMCU_APB2_Fz=0x04172800
[20:44:56.555]    TraceClk_Pin=0x00040002
[20:44:56.555]    TraceD0_Pin=0x00040003
[20:44:56.555]    TraceD1_Pin=0x00040004
[20:44:56.555]    TraceD2_Pin=0x00040005
[20:44:56.556]    TraceD3_Pin=0x00040006
[20:44:56.556]    DoOptionByteLoading=0x00000000
[20:44:56.557]  </debugvars>
[20:44:56.557]  
[20:44:56.557]  <sequence name="DebugDeviceUnlock" Pname="" disable="false" info="">
[20:44:56.557]    <block atomic="false" info="">
[20:44:56.557]      Sequence("CheckID");
[20:44:56.558]        <sequence name="CheckID" Pname="" disable="false" info="">
[20:44:56.558]          <block atomic="false" info="">
[20:44:56.558]            __var pidr1 = 0;
[20:44:56.558]              // -> [pidr1 <= 0x00000000]
[20:44:56.558]            __var pidr2 = 0;
[20:44:56.559]              // -> [pidr2 <= 0x00000000]
[20:44:56.559]            __var jep106id = 0;
[20:44:56.559]              // -> [jep106id <= 0x00000000]
[20:44:56.559]            __var ROMTableBase = 0;
[20:44:56.559]              // -> [ROMTableBase <= 0x00000000]
[20:44:56.559]            __ap = 0;      // AHB-AP
[20:44:56.559]              // -> [__ap <= 0x00000000]
[20:44:56.559]            ROMTableBase = ReadAP(0xF8) & ~0x3;
[20:44:56.559]              // -> [ReadAP(0x000000F8) => 0xE00FF003]   (__dp=0x00000000, __ap=0x00000000)
[20:44:56.561]              // -> [ROMTableBase <= 0xE00FF000]
[20:44:56.561]            pidr1 = Read32(ROMTableBase + 0x0FE4);
[20:44:56.562]              // -> [Read32(0xE00FFFE4) => 0x00000004]   (__dp=0x00000000, __ap=0x00000000)
[20:44:56.562]              // -> [pidr1 <= 0x00000004]
[20:44:56.562]            pidr2 = Read32(ROMTableBase + 0x0FE8);
[20:44:56.563]              // -> [Read32(0xE00FFFE8) => 0x0000000A]   (__dp=0x00000000, __ap=0x00000000)
[20:44:56.563]              // -> [pidr2 <= 0x0000000A]
[20:44:56.563]            jep106id = ((pidr2 & 0x7) << 4 ) | ((pidr1 >> 4) & 0xF);
[20:44:56.563]              // -> [jep106id <= 0x00000020]
[20:44:56.563]          </block>
[20:44:56.564]          <control if="jep106id != 0x20" while="" timeout="0" info="">
[20:44:56.564]            // if-block "jep106id != 0x20"
[20:44:56.564]              // =>  FALSE
[20:44:56.564]            // skip if-block "jep106id != 0x20"
[20:44:56.564]          </control>
[20:44:56.565]        </sequence>
[20:44:56.566]    </block>
[20:44:56.566]  </sequence>
[20:44:56.566]  
[20:44:56.566]  **********  Sequence "DebugCoreStart"  (Context="Target Access", Pname="", info="")
[20:44:56.566]  
[20:44:56.567]  <debugvars>
[20:44:56.567]    // Pre-defined
[20:44:56.567]    __protocol=0x00010002      (Protocol="SWD", SWJ-DP="True")
[20:44:56.567]    __connection=0x00000202    (Connection Type="Flash", Reset Type="System Reset")
[20:44:56.568]    __dp=0x00000000
[20:44:56.568]    __ap=0x00000000
[20:44:56.568]    __traceout=0x00000000      (Trace Disabled)
[20:44:56.568]    __errorcontrol=0x00000000  (Skip Errors="False")
[20:44:56.568]    __FlashAddr=0x00000000
[20:44:56.569]    __FlashLen=0x00000000
[20:44:56.569]    __FlashArg=0x00000000
[20:44:56.569]    __FlashOp=0x00000000
[20:44:56.569]    __Result=0x00000000
[20:44:56.570]    
[20:44:56.570]    // User-defined
[20:44:56.570]    DbgMCU_CR=0x00000007
[20:44:56.570]    DbgMCU_APB1_Fz1=0xC060183F
[20:44:56.570]    DbgMCU_APB1_Fz2=0x00000002
[20:44:56.571]    DbgMCU_APB2_Fz=0x04172800
[20:44:56.571]    TraceClk_Pin=0x00040002
[20:44:56.571]    TraceD0_Pin=0x00040003
[20:44:56.571]    TraceD1_Pin=0x00040004
[20:44:56.572]    TraceD2_Pin=0x00040005
[20:44:56.572]    TraceD3_Pin=0x00040006
[20:44:56.572]    DoOptionByteLoading=0x00000000
[20:44:56.572]  </debugvars>
[20:44:56.572]  
[20:44:56.572]  <sequence name="DebugCoreStart" Pname="" disable="false" info="">
[20:44:56.572]    <block atomic="false" info="">
[20:44:56.572]      Write32(0xE000EDF0, 0xA05F0001);                                        // Enable Core Debug via DHCSR
[20:44:56.574]        // -> [Write32(0xE000EDF0, 0xA05F0001)]   (__dp=0x00000000, __ap=0x00000000)
[20:44:56.574]    </block>
[20:44:56.574]    <block atomic="false" info="DbgMCU registers">
[20:44:56.574]      Write32(0xE0042004, DbgMCU_CR);                                         // DBGMCU_CR: Configure MCU Debug
[20:44:56.574]        // -> [Write32(0xE0042004, 0x00000007)]   (__dp=0x00000000, __ap=0x00000000)
[20:44:56.574]      Write32(0xE0042008, DbgMCU_APB1_Fz1);                                   // DBGMCU_APB1_FZ1: Configure APB1 Peripheral Freeze Behavior
[20:44:56.576]        // -> [Write32(0xE0042008, 0xC060183F)]   (__dp=0x00000000, __ap=0x00000000)
[20:44:56.576]      Write32(0xE004200C, DbgMCU_APB1_Fz2);                                   // DBGMCU_APB1_FZ2: Configure APB1 Peripheral Freeze Behavior
[20:44:56.577]        // -> [Write32(0xE004200C, 0x00000002)]   (__dp=0x00000000, __ap=0x00000000)
[20:44:56.577]      Write32(0xE0042010, DbgMCU_APB2_Fz);                                    // DBGMCU_APB2_FZ: Configure APB2 Peripheral Freeze Behavior
[20:44:56.578]        // -> [Write32(0xE0042010, 0x04172800)]   (__dp=0x00000000, __ap=0x00000000)
[20:44:56.578]    </block>
[20:44:56.578]  </sequence>
[20:44:56.578]  
[20:45:00.969]  **********  Sequence "DebugPortStop"  (Context="Disconnect", Pname="", info="")
[20:45:00.969]  
[20:45:00.969]  <debugvars>
[20:45:00.969]    // Pre-defined
[20:45:00.970]    __protocol=0x00010002      (Protocol="SWD", SWJ-DP="True")
[20:45:00.970]    __connection=0x00000202    (Connection Type="Flash", Reset Type="System Reset")
[20:45:00.970]    __dp=0x00000000
[20:45:00.970]    __ap=0x00000000
[20:45:00.971]    __traceout=0x00000000      (Trace Disabled)
[20:45:00.971]    __errorcontrol=0x00000000  (Skip Errors="False")
[20:45:00.971]    __FlashAddr=0x00000000
[20:45:00.971]    __FlashLen=0x00000000
[20:45:00.971]    __FlashArg=0x00000000
[20:45:00.972]    __FlashOp=0x00000000
[20:45:00.972]    __Result=0x00000000
[20:45:00.972]    
[20:45:00.972]    // User-defined
[20:45:00.972]    DbgMCU_CR=0x00000007
[20:45:00.973]    DbgMCU_APB1_Fz1=0xC060183F
[20:45:00.973]    DbgMCU_APB1_Fz2=0x00000002
[20:45:00.973]    DbgMCU_APB2_Fz=0x04172800
[20:45:00.973]    TraceClk_Pin=0x00040002
[20:45:00.974]    TraceD0_Pin=0x00040003
[20:45:00.975]    TraceD1_Pin=0x00040004
[20:45:00.975]    TraceD2_Pin=0x00040005
[20:45:00.975]    TraceD3_Pin=0x00040006
[20:45:00.975]    DoOptionByteLoading=0x00000000
[20:45:00.975]  </debugvars>
[20:45:00.975]  
[20:45:00.975]  <sequence name="DebugPortStop" Pname="" disable="false" info="">
[20:45:00.975]    <block atomic="false" info="">
[20:45:00.975]      __var connectionFlash = ( __connection & 0xF ) == 2 ;
[20:45:00.975]        // -> [connectionFlash <= 0x00000001]
[20:45:00.977]      __var FLASH_BASE = 0x40022000 ;
[20:45:00.977]        // -> [FLASH_BASE <= 0x40022000]
[20:45:00.977]      __var FLASH_CR = FLASH_BASE + 0x14 ;
[20:45:00.977]        // -> [FLASH_CR <= 0x40022014]
[20:45:00.977]      __var OBL_LAUNCH_BIT = ( 1 << 27 ) ;
[20:45:00.978]        // -> [OBL_LAUNCH_BIT <= 0x08000000]
[20:45:00.978]      __var LOCK_BIT = ( 1 << 31 ) ;
[20:45:00.978]        // -> [LOCK_BIT <= 0x80000000]
[20:45:00.978]      __var OPTLOCK_BIT = ( 1 << 30 ) ;
[20:45:00.978]        // -> [OPTLOCK_BIT <= 0x40000000]
[20:45:00.978]      __var FLASH_KEYR = FLASH_BASE + 0x08 ;
[20:45:00.979]        // -> [FLASH_KEYR <= 0x40022008]
[20:45:00.979]      __var FLASH_KEY1 = 0x45670123 ;
[20:45:00.980]        // -> [FLASH_KEY1 <= 0x45670123]
[20:45:00.980]      __var FLASH_KEY2 = 0xCDEF89AB ;
[20:45:00.980]        // -> [FLASH_KEY2 <= 0xCDEF89AB]
[20:45:00.980]      __var FLASH_OPTKEYR = FLASH_BASE + 0x0C ;
[20:45:00.981]        // -> [FLASH_OPTKEYR <= 0x4002200C]
[20:45:00.981]      __var FLASH_OPTKEY1 = 0x08192A3B ;
[20:45:00.981]        // -> [FLASH_OPTKEY1 <= 0x08192A3B]
[20:45:00.981]      __var FLASH_OPTKEY2 = 0x4C5D6E7F ;
[20:45:00.981]        // -> [FLASH_OPTKEY2 <= 0x4C5D6E7F]
[20:45:00.981]      __var FLASH_CR_Value = 0 ;
[20:45:00.981]        // -> [FLASH_CR_Value <= 0x00000000]
[20:45:00.981]      __var DoDebugPortStop = 1 ;
[20:45:00.982]        // -> [DoDebugPortStop <= 0x00000001]
[20:45:00.982]      __var DP_CTRL_STAT = 0x4 ;
[20:45:00.982]        // -> [DP_CTRL_STAT <= 0x00000004]
[20:45:00.982]      __var DP_SELECT = 0x8 ;
[20:45:00.984]        // -> [DP_SELECT <= 0x00000008]
[20:45:00.984]    </block>
[20:45:00.984]    <control if="connectionFlash && DoOptionByteLoading" while="" timeout="0" info="">
[20:45:00.984]      // if-block "connectionFlash && DoOptionByteLoading"
[20:45:00.985]        // =>  FALSE
[20:45:00.985]      // skip if-block "connectionFlash && DoOptionByteLoading"
[20:45:00.985]    </control>
[20:45:00.985]    <control if="DoDebugPortStop" while="" timeout="0" info="">
[20:45:00.985]      // if-block "DoDebugPortStop"
[20:45:00.985]        // =>  TRUE
[20:45:00.985]      <block atomic="false" info="">
[20:45:00.985]        WriteDP(DP_SELECT, 0x00000000);
[20:45:00.987]          // -> [WriteDP(0x00000008, 0x00000000)]   (__dp=0x00000000)
[20:45:00.987]        WriteDP(DP_CTRL_STAT, 0x00000000);
[20:45:00.987]          // -> [WriteDP(0x00000004, 0x00000000)]   (__dp=0x00000000)
[20:45:00.987]      </block>
[20:45:00.987]      // end if-block "DoDebugPortStop"
[20:45:00.987]    </control>
[20:45:00.988]  </sequence>
[20:45:00.988]  
