/*
 *  CMSIS Pack Debug Access Sequence Log
 *  File        : E:\个人学习\逆变器\逆变器控制板\STM32G474RBT3_RTThread_Safe_v2.3.0_20260829\STM32G474RBT3_RTThread_Safe_v2.3.0\STM32G474_RTThread_Sequences_0006.log
 *  Created     : 19:55:22 (29/08/2026)
 *  Device      : STM32G474RBTx
 *  PDSC File   : D:/Keil/Keil/packs/Keil/STM32G4xx_DFP/2.2.0/Keil.STM32G4xx_DFP.pdsc
 *  Config File : E:\个人学习\逆变器\逆变器控制板\STM32G474RBT3_RTThread_Safe_v2.3.0_20260829\STM32G474RBT3_RTThread_Safe_v2.3.0\DebugConfig\STM32G474_RTThread_Safe_STM32G474RBTx_1.0.1.dbgconf
 *
 */

[19:55:22.518]  **********  Sequence "DebugDeviceUnlock"  (Context="Target Access", Pname="", info="")
[19:55:22.518]  
[19:55:22.518]  <debugvars>
[19:55:22.518]    // Pre-defined
[19:55:22.518]    __protocol=0x00010002      (Protocol="SWD", SWJ-DP="True")
[19:55:22.518]    __connection=0x00000202    (Connection Type="Flash", Reset Type="System Reset")
[19:55:22.518]    __dp=0x00000000
[19:55:22.518]    __ap=0x00000000
[19:55:22.519]    __traceout=0x00000000      (Trace Disabled)
[19:55:22.519]    __errorcontrol=0x00000000  (Skip Errors="False")
[19:55:22.519]    __FlashAddr=0x00000000
[19:55:22.519]    __FlashLen=0x00000000
[19:55:22.519]    __FlashArg=0x00000000
[19:55:22.519]    __FlashOp=0x00000000
[19:55:22.520]    __Result=0x00000000
[19:55:22.520]    
[19:55:22.520]    // User-defined
[19:55:22.521]    DbgMCU_CR=0x00000007
[19:55:22.522]    DbgMCU_APB1_Fz1=0xC060183F
[19:55:22.522]    DbgMCU_APB1_Fz2=0x00000002
[19:55:22.522]    DbgMCU_APB2_Fz=0x04172800
[19:55:22.522]    TraceClk_Pin=0x00040002
[19:55:22.523]    TraceD0_Pin=0x00040003
[19:55:22.523]    TraceD1_Pin=0x00040004
[19:55:22.523]    TraceD2_Pin=0x00040005
[19:55:22.523]    TraceD3_Pin=0x00040006
[19:55:22.523]    DoOptionByteLoading=0x00000000
[19:55:22.523]  </debugvars>
[19:55:22.523]  
[19:55:22.524]  <sequence name="DebugDeviceUnlock" Pname="" disable="false" info="">
[19:55:22.524]    <block atomic="false" info="">
[19:55:22.524]      Sequence("CheckID");
[19:55:22.524]        <sequence name="CheckID" Pname="" disable="false" info="">
[19:55:22.524]          <block atomic="false" info="">
[19:55:22.525]            __var pidr1 = 0;
[19:55:22.525]              // -> [pidr1 <= 0x00000000]
[19:55:22.525]            __var pidr2 = 0;
[19:55:22.525]              // -> [pidr2 <= 0x00000000]
[19:55:22.525]            __var jep106id = 0;
[19:55:22.525]              // -> [jep106id <= 0x00000000]
[19:55:22.525]            __var ROMTableBase = 0;
[19:55:22.525]              // -> [ROMTableBase <= 0x00000000]
[19:55:22.525]            __ap = 0;      // AHB-AP
[19:55:22.526]              // -> [__ap <= 0x00000000]
[19:55:22.526]            ROMTableBase = ReadAP(0xF8) & ~0x3;
[19:55:22.527]              // -> [ReadAP(0x000000F8) => 0xE00FF003]   (__dp=0x00000000, __ap=0x00000000)
[19:55:22.527]              // -> [ROMTableBase <= 0xE00FF000]
[19:55:22.527]            pidr1 = Read32(ROMTableBase + 0x0FE4);
[19:55:22.528]              // -> [Read32(0xE00FFFE4) => 0x00000004]   (__dp=0x00000000, __ap=0x00000000)
[19:55:22.528]              // -> [pidr1 <= 0x00000004]
[19:55:22.528]            pidr2 = Read32(ROMTableBase + 0x0FE8);
[19:55:22.529]              // -> [Read32(0xE00FFFE8) => 0x0000000A]   (__dp=0x00000000, __ap=0x00000000)
[19:55:22.529]              // -> [pidr2 <= 0x0000000A]
[19:55:22.530]            jep106id = ((pidr2 & 0x7) << 4 ) | ((pidr1 >> 4) & 0xF);
[19:55:22.530]              // -> [jep106id <= 0x00000020]
[19:55:22.530]          </block>
[19:55:22.532]          <control if="jep106id != 0x20" while="" timeout="0" info="">
[19:55:22.532]            // if-block "jep106id != 0x20"
[19:55:22.532]              // =>  FALSE
[19:55:22.532]            // skip if-block "jep106id != 0x20"
[19:55:22.532]          </control>
[19:55:22.533]        </sequence>
[19:55:22.533]    </block>
[19:55:22.533]  </sequence>
[19:55:22.533]  
[19:55:22.533]  **********  Sequence "DebugCoreStart"  (Context="Target Access", Pname="", info="")
[19:55:22.533]  
[19:55:22.534]  <debugvars>
[19:55:22.534]    // Pre-defined
[19:55:22.534]    __protocol=0x00010002      (Protocol="SWD", SWJ-DP="True")
[19:55:22.535]    __connection=0x00000202    (Connection Type="Flash", Reset Type="System Reset")
[19:55:22.535]    __dp=0x00000000
[19:55:22.535]    __ap=0x00000000
[19:55:22.535]    __traceout=0x00000000      (Trace Disabled)
[19:55:22.536]    __errorcontrol=0x00000000  (Skip Errors="False")
[19:55:22.536]    __FlashAddr=0x00000000
[19:55:22.536]    __FlashLen=0x00000000
[19:55:22.536]    __FlashArg=0x00000000
[19:55:22.536]    __FlashOp=0x00000000
[19:55:22.537]    __Result=0x00000000
[19:55:22.537]    
[19:55:22.537]    // User-defined
[19:55:22.537]    DbgMCU_CR=0x00000007
[19:55:22.537]    DbgMCU_APB1_Fz1=0xC060183F
[19:55:22.537]    DbgMCU_APB1_Fz2=0x00000002
[19:55:22.537]    DbgMCU_APB2_Fz=0x04172800
[19:55:22.537]    TraceClk_Pin=0x00040002
[19:55:22.537]    TraceD0_Pin=0x00040003
[19:55:22.537]    TraceD1_Pin=0x00040004
[19:55:22.539]    TraceD2_Pin=0x00040005
[19:55:22.539]    TraceD3_Pin=0x00040006
[19:55:22.539]    DoOptionByteLoading=0x00000000
[19:55:22.540]  </debugvars>
[19:55:22.540]  
[19:55:22.540]  <sequence name="DebugCoreStart" Pname="" disable="false" info="">
[19:55:22.540]    <block atomic="false" info="">
[19:55:22.541]      Write32(0xE000EDF0, 0xA05F0001);                                        // Enable Core Debug via DHCSR
[19:55:22.541]        // -> [Write32(0xE000EDF0, 0xA05F0001)]   (__dp=0x00000000, __ap=0x00000000)
[19:55:22.542]    </block>
[19:55:22.542]    <block atomic="false" info="DbgMCU registers">
[19:55:22.542]      Write32(0xE0042004, DbgMCU_CR);                                         // DBGMCU_CR: Configure MCU Debug
[19:55:22.543]        // -> [Write32(0xE0042004, 0x00000007)]   (__dp=0x00000000, __ap=0x00000000)
[19:55:22.543]      Write32(0xE0042008, DbgMCU_APB1_Fz1);                                   // DBGMCU_APB1_FZ1: Configure APB1 Peripheral Freeze Behavior
[19:55:22.544]        // -> [Write32(0xE0042008, 0xC060183F)]   (__dp=0x00000000, __ap=0x00000000)
[19:55:22.544]      Write32(0xE004200C, DbgMCU_APB1_Fz2);                                   // DBGMCU_APB1_FZ2: Configure APB1 Peripheral Freeze Behavior
[19:55:22.544]        // -> [Write32(0xE004200C, 0x00000002)]   (__dp=0x00000000, __ap=0x00000000)
[19:55:22.545]      Write32(0xE0042010, DbgMCU_APB2_Fz);                                    // DBGMCU_APB2_FZ: Configure APB2 Peripheral Freeze Behavior
[19:55:22.546]        // -> [Write32(0xE0042010, 0x04172800)]   (__dp=0x00000000, __ap=0x00000000)
[19:55:22.547]    </block>
[19:55:22.547]  </sequence>
[19:55:22.547]  
[19:55:26.944]  **********  Sequence "DebugPortStop"  (Context="Disconnect", Pname="", info="")
[19:55:26.944]  
[19:55:26.944]  <debugvars>
[19:55:26.945]    // Pre-defined
[19:55:26.945]    __protocol=0x00010002      (Protocol="SWD", SWJ-DP="True")
[19:55:26.946]    __connection=0x00000202    (Connection Type="Flash", Reset Type="System Reset")
[19:55:26.947]    __dp=0x00000000
[19:55:26.947]    __ap=0x00000000
[19:55:26.947]    __traceout=0x00000000      (Trace Disabled)
[19:55:26.947]    __errorcontrol=0x00000000  (Skip Errors="False")
[19:55:26.948]    __FlashAddr=0x00000000
[19:55:26.948]    __FlashLen=0x00000000
[19:55:26.948]    __FlashArg=0x00000000
[19:55:26.948]    __FlashOp=0x00000000
[19:55:26.948]    __Result=0x00000000
[19:55:26.949]    
[19:55:26.949]    // User-defined
[19:55:26.949]    DbgMCU_CR=0x00000007
[19:55:26.949]    DbgMCU_APB1_Fz1=0xC060183F
[19:55:26.949]    DbgMCU_APB1_Fz2=0x00000002
[19:55:26.949]    DbgMCU_APB2_Fz=0x04172800
[19:55:26.949]    TraceClk_Pin=0x00040002
[19:55:26.950]    TraceD0_Pin=0x00040003
[19:55:26.950]    TraceD1_Pin=0x00040004
[19:55:26.950]    TraceD2_Pin=0x00040005
[19:55:26.950]    TraceD3_Pin=0x00040006
[19:55:26.950]    DoOptionByteLoading=0x00000000
[19:55:26.951]  </debugvars>
[19:55:26.951]  
[19:55:26.951]  <sequence name="DebugPortStop" Pname="" disable="false" info="">
[19:55:26.951]    <block atomic="false" info="">
[19:55:26.952]      __var connectionFlash = ( __connection & 0xF ) == 2 ;
[19:55:26.952]        // -> [connectionFlash <= 0x00000001]
[19:55:26.952]      __var FLASH_BASE = 0x40022000 ;
[19:55:26.952]        // -> [FLASH_BASE <= 0x40022000]
[19:55:26.953]      __var FLASH_CR = FLASH_BASE + 0x14 ;
[19:55:26.954]        // -> [FLASH_CR <= 0x40022014]
[19:55:26.954]      __var OBL_LAUNCH_BIT = ( 1 << 27 ) ;
[19:55:26.954]        // -> [OBL_LAUNCH_BIT <= 0x08000000]
[19:55:26.954]      __var LOCK_BIT = ( 1 << 31 ) ;
[19:55:26.954]        // -> [LOCK_BIT <= 0x80000000]
[19:55:26.955]      __var OPTLOCK_BIT = ( 1 << 30 ) ;
[19:55:26.955]        // -> [OPTLOCK_BIT <= 0x40000000]
[19:55:26.955]      __var FLASH_KEYR = FLASH_BASE + 0x08 ;
[19:55:26.955]        // -> [FLASH_KEYR <= 0x40022008]
[19:55:26.955]      __var FLASH_KEY1 = 0x45670123 ;
[19:55:26.956]        // -> [FLASH_KEY1 <= 0x45670123]
[19:55:26.956]      __var FLASH_KEY2 = 0xCDEF89AB ;
[19:55:26.956]        // -> [FLASH_KEY2 <= 0xCDEF89AB]
[19:55:26.956]      __var FLASH_OPTKEYR = FLASH_BASE + 0x0C ;
[19:55:26.957]        // -> [FLASH_OPTKEYR <= 0x4002200C]
[19:55:26.957]      __var FLASH_OPTKEY1 = 0x08192A3B ;
[19:55:26.957]        // -> [FLASH_OPTKEY1 <= 0x08192A3B]
[19:55:26.958]      __var FLASH_OPTKEY2 = 0x4C5D6E7F ;
[19:55:26.958]        // -> [FLASH_OPTKEY2 <= 0x4C5D6E7F]
[19:55:26.958]      __var FLASH_CR_Value = 0 ;
[19:55:26.958]        // -> [FLASH_CR_Value <= 0x00000000]
[19:55:26.958]      __var DoDebugPortStop = 1 ;
[19:55:26.959]        // -> [DoDebugPortStop <= 0x00000001]
[19:55:26.959]      __var DP_CTRL_STAT = 0x4 ;
[19:55:26.959]        // -> [DP_CTRL_STAT <= 0x00000004]
[19:55:26.959]      __var DP_SELECT = 0x8 ;
[19:55:26.960]        // -> [DP_SELECT <= 0x00000008]
[19:55:26.960]    </block>
[19:55:26.960]    <control if="connectionFlash && DoOptionByteLoading" while="" timeout="0" info="">
[19:55:26.960]      // if-block "connectionFlash && DoOptionByteLoading"
[19:55:26.960]        // =>  FALSE
[19:55:26.960]      // skip if-block "connectionFlash && DoOptionByteLoading"
[19:55:26.961]    </control>
[19:55:26.961]    <control if="DoDebugPortStop" while="" timeout="0" info="">
[19:55:26.961]      // if-block "DoDebugPortStop"
[19:55:26.962]        // =>  TRUE
[19:55:26.962]      <block atomic="false" info="">
[19:55:26.962]        WriteDP(DP_SELECT, 0x00000000);
[19:55:26.962]          // -> [WriteDP(0x00000008, 0x00000000)]   (__dp=0x00000000)
[19:55:26.962]        WriteDP(DP_CTRL_STAT, 0x00000000);
[19:55:26.962]          // -> [WriteDP(0x00000004, 0x00000000)]   (__dp=0x00000000)
[19:55:26.964]      </block>
[19:55:26.964]      // end if-block "DoDebugPortStop"
[19:55:26.964]    </control>
[19:55:26.964]  </sequence>
[19:55:26.964]  
