/*
 *  CMSIS Pack Debug Access Sequence Log
 *  File        : E:\个人学习\逆变器\逆变器控制板\STM32G474RBT3_RTThread_Safe_v2.3.0_20260829\STM32G474RBT3_RTThread_Safe_v2.3.0\STM32G474_RTThread_Sequences_0016.log
 *  Created     : 21:17:57 (29/08/2026)
 *  Device      : STM32G474RBTx
 *  PDSC File   : D:/Keil/Keil/packs/Keil/STM32G4xx_DFP/2.2.0/Keil.STM32G4xx_DFP.pdsc
 *  Config File : E:\个人学习\逆变器\逆变器控制板\STM32G474RBT3_RTThread_Safe_v2.3.0_20260829\STM32G474RBT3_RTThread_Safe_v2.3.0\DebugConfig\STM32G474_RTThread_Safe_STM32G474RBTx_1.0.1.dbgconf
 *
 */

[21:17:57.548]  **********  Sequence "DebugDeviceUnlock"  (Context="Target Access", Pname="", info="")
[21:17:57.548]  
[21:17:57.548]  <debugvars>
[21:17:57.548]    // Pre-defined
[21:17:57.549]    __protocol=0x00010002      (Protocol="SWD", SWJ-DP="True")
[21:17:57.549]    __connection=0x00000202    (Connection Type="Flash", Reset Type="System Reset")
[21:17:57.549]    __dp=0x00000000
[21:17:57.549]    __ap=0x00000000
[21:17:57.549]    __traceout=0x00000000      (Trace Disabled)
[21:17:57.550]    __errorcontrol=0x00000000  (Skip Errors="False")
[21:17:57.550]    __FlashAddr=0x00000000
[21:17:57.550]    __FlashLen=0x00000000
[21:17:57.550]    __FlashArg=0x00000000
[21:17:57.550]    __FlashOp=0x00000000
[21:17:57.551]    __Result=0x00000000
[21:17:57.551]    
[21:17:57.551]    // User-defined
[21:17:57.551]    DbgMCU_CR=0x00000007
[21:17:57.551]    DbgMCU_APB1_Fz1=0xC060183F
[21:17:57.551]    DbgMCU_APB1_Fz2=0x00000002
[21:17:57.551]    DbgMCU_APB2_Fz=0x04172800
[21:17:57.552]    TraceClk_Pin=0x00040002
[21:17:57.552]    TraceD0_Pin=0x00040003
[21:17:57.552]    TraceD1_Pin=0x00040004
[21:17:57.552]    TraceD2_Pin=0x00040005
[21:17:57.552]    TraceD3_Pin=0x00040006
[21:17:57.554]    DoOptionByteLoading=0x00000000
[21:17:57.554]  </debugvars>
[21:17:57.554]  
[21:17:57.555]  <sequence name="DebugDeviceUnlock" Pname="" disable="false" info="">
[21:17:57.555]    <block atomic="false" info="">
[21:17:57.555]      Sequence("CheckID");
[21:17:57.555]        <sequence name="CheckID" Pname="" disable="false" info="">
[21:17:57.556]          <block atomic="false" info="">
[21:17:57.556]            __var pidr1 = 0;
[21:17:57.556]              // -> [pidr1 <= 0x00000000]
[21:17:57.556]            __var pidr2 = 0;
[21:17:57.557]              // -> [pidr2 <= 0x00000000]
[21:17:57.557]            __var jep106id = 0;
[21:17:57.557]              // -> [jep106id <= 0x00000000]
[21:17:57.557]            __var ROMTableBase = 0;
[21:17:57.558]              // -> [ROMTableBase <= 0x00000000]
[21:17:57.558]            __ap = 0;      // AHB-AP
[21:17:57.558]              // -> [__ap <= 0x00000000]
[21:17:57.558]            ROMTableBase = ReadAP(0xF8) & ~0x3;
[21:17:57.559]              // -> [ReadAP(0x000000F8) => 0xE00FF003]   (__dp=0x00000000, __ap=0x00000000)
[21:17:57.559]              // -> [ROMTableBase <= 0xE00FF000]
[21:17:57.559]            pidr1 = Read32(ROMTableBase + 0x0FE4);
[21:17:57.560]              // -> [Read32(0xE00FFFE4) => 0x00000004]   (__dp=0x00000000, __ap=0x00000000)
[21:17:57.560]              // -> [pidr1 <= 0x00000004]
[21:17:57.560]            pidr2 = Read32(ROMTableBase + 0x0FE8);
[21:17:57.561]              // -> [Read32(0xE00FFFE8) => 0x0000000A]   (__dp=0x00000000, __ap=0x00000000)
[21:17:57.561]              // -> [pidr2 <= 0x0000000A]
[21:17:57.561]            jep106id = ((pidr2 & 0x7) << 4 ) | ((pidr1 >> 4) & 0xF);
[21:17:57.562]              // -> [jep106id <= 0x00000020]
[21:17:57.562]          </block>
[21:17:57.562]          <control if="jep106id != 0x20" while="" timeout="0" info="">
[21:17:57.562]            // if-block "jep106id != 0x20"
[21:17:57.562]              // =>  FALSE
[21:17:57.563]            // skip if-block "jep106id != 0x20"
[21:17:57.563]          </control>
[21:17:57.563]        </sequence>
[21:17:57.563]    </block>
[21:17:57.563]  </sequence>
[21:17:57.564]  
[21:17:57.565]  **********  Sequence "DebugCoreStart"  (Context="Target Access", Pname="", info="")
[21:17:57.565]  
[21:17:57.565]  <debugvars>
[21:17:57.565]    // Pre-defined
[21:17:57.566]    __protocol=0x00010002      (Protocol="SWD", SWJ-DP="True")
[21:17:57.566]    __connection=0x00000202    (Connection Type="Flash", Reset Type="System Reset")
[21:17:57.566]    __dp=0x00000000
[21:17:57.567]    __ap=0x00000000
[21:17:57.567]    __traceout=0x00000000      (Trace Disabled)
[21:17:57.567]    __errorcontrol=0x00000000  (Skip Errors="False")
[21:17:57.567]    __FlashAddr=0x00000000
[21:17:57.568]    __FlashLen=0x00000000
[21:17:57.568]    __FlashArg=0x00000000
[21:17:57.568]    __FlashOp=0x00000000
[21:17:57.568]    __Result=0x00000000
[21:17:57.568]    
[21:17:57.568]    // User-defined
[21:17:57.568]    DbgMCU_CR=0x00000007
[21:17:57.568]    DbgMCU_APB1_Fz1=0xC060183F
[21:17:57.569]    DbgMCU_APB1_Fz2=0x00000002
[21:17:57.569]    DbgMCU_APB2_Fz=0x04172800
[21:17:57.570]    TraceClk_Pin=0x00040002
[21:17:57.570]    TraceD0_Pin=0x00040003
[21:17:57.570]    TraceD1_Pin=0x00040004
[21:17:57.570]    TraceD2_Pin=0x00040005
[21:17:57.570]    TraceD3_Pin=0x00040006
[21:17:57.571]    DoOptionByteLoading=0x00000000
[21:17:57.571]  </debugvars>
[21:17:57.571]  
[21:17:57.571]  <sequence name="DebugCoreStart" Pname="" disable="false" info="">
[21:17:57.571]    <block atomic="false" info="">
[21:17:57.572]      Write32(0xE000EDF0, 0xA05F0001);                                        // Enable Core Debug via DHCSR
[21:17:57.572]        // -> [Write32(0xE000EDF0, 0xA05F0001)]   (__dp=0x00000000, __ap=0x00000000)
[21:17:57.572]    </block>
[21:17:57.573]    <block atomic="false" info="DbgMCU registers">
[21:17:57.573]      Write32(0xE0042004, DbgMCU_CR);                                         // DBGMCU_CR: Configure MCU Debug
[21:17:57.574]        // -> [Write32(0xE0042004, 0x00000007)]   (__dp=0x00000000, __ap=0x00000000)
[21:17:57.574]      Write32(0xE0042008, DbgMCU_APB1_Fz1);                                   // DBGMCU_APB1_FZ1: Configure APB1 Peripheral Freeze Behavior
[21:17:57.575]        // -> [Write32(0xE0042008, 0xC060183F)]   (__dp=0x00000000, __ap=0x00000000)
[21:17:57.575]      Write32(0xE004200C, DbgMCU_APB1_Fz2);                                   // DBGMCU_APB1_FZ2: Configure APB1 Peripheral Freeze Behavior
[21:17:57.576]        // -> [Write32(0xE004200C, 0x00000002)]   (__dp=0x00000000, __ap=0x00000000)
[21:17:57.576]      Write32(0xE0042010, DbgMCU_APB2_Fz);                                    // DBGMCU_APB2_FZ: Configure APB2 Peripheral Freeze Behavior
[21:17:57.576]        // -> [Write32(0xE0042010, 0x04172800)]   (__dp=0x00000000, __ap=0x00000000)
[21:17:57.577]    </block>
[21:17:57.577]  </sequence>
[21:17:57.577]  
[21:18:02.093]  **********  Sequence "DebugPortStop"  (Context="Disconnect", Pname="", info="")
[21:18:02.093]  
[21:18:02.093]  <debugvars>
[21:18:02.093]    // Pre-defined
[21:18:02.094]    __protocol=0x00010002      (Protocol="SWD", SWJ-DP="True")
[21:18:02.094]    __connection=0x00000202    (Connection Type="Flash", Reset Type="System Reset")
[21:18:02.094]    __dp=0x00000000
[21:18:02.094]    __ap=0x00000000
[21:18:02.095]    __traceout=0x00000000      (Trace Disabled)
[21:18:02.095]    __errorcontrol=0x00000000  (Skip Errors="False")
[21:18:02.095]    __FlashAddr=0x00000000
[21:18:02.095]    __FlashLen=0x00000000
[21:18:02.095]    __FlashArg=0x00000000
[21:18:02.096]    __FlashOp=0x00000000
[21:18:02.096]    __Result=0x00000000
[21:18:02.096]    
[21:18:02.096]    // User-defined
[21:18:02.096]    DbgMCU_CR=0x00000007
[21:18:02.098]    DbgMCU_APB1_Fz1=0xC060183F
[21:18:02.098]    DbgMCU_APB1_Fz2=0x00000002
[21:18:02.098]    DbgMCU_APB2_Fz=0x04172800
[21:18:02.098]    TraceClk_Pin=0x00040002
[21:18:02.099]    TraceD0_Pin=0x00040003
[21:18:02.099]    TraceD1_Pin=0x00040004
[21:18:02.099]    TraceD2_Pin=0x00040005
[21:18:02.100]    TraceD3_Pin=0x00040006
[21:18:02.100]    DoOptionByteLoading=0x00000000
[21:18:02.100]  </debugvars>
[21:18:02.100]  
[21:18:02.100]  <sequence name="DebugPortStop" Pname="" disable="false" info="">
[21:18:02.100]    <block atomic="false" info="">
[21:18:02.101]      __var connectionFlash = ( __connection & 0xF ) == 2 ;
[21:18:02.101]        // -> [connectionFlash <= 0x00000001]
[21:18:02.101]      __var FLASH_BASE = 0x40022000 ;
[21:18:02.102]        // -> [FLASH_BASE <= 0x40022000]
[21:18:02.102]      __var FLASH_CR = FLASH_BASE + 0x14 ;
[21:18:02.102]        // -> [FLASH_CR <= 0x40022014]
[21:18:02.102]      __var OBL_LAUNCH_BIT = ( 1 << 27 ) ;
[21:18:02.102]        // -> [OBL_LAUNCH_BIT <= 0x08000000]
[21:18:02.103]      __var LOCK_BIT = ( 1 << 31 ) ;
[21:18:02.103]        // -> [LOCK_BIT <= 0x80000000]
[21:18:02.103]      __var OPTLOCK_BIT = ( 1 << 30 ) ;
[21:18:02.103]        // -> [OPTLOCK_BIT <= 0x40000000]
[21:18:02.103]      __var FLASH_KEYR = FLASH_BASE + 0x08 ;
[21:18:02.103]        // -> [FLASH_KEYR <= 0x40022008]
[21:18:02.103]      __var FLASH_KEY1 = 0x45670123 ;
[21:18:02.104]        // -> [FLASH_KEY1 <= 0x45670123]
[21:18:02.104]      __var FLASH_KEY2 = 0xCDEF89AB ;
[21:18:02.104]        // -> [FLASH_KEY2 <= 0xCDEF89AB]
[21:18:02.104]      __var FLASH_OPTKEYR = FLASH_BASE + 0x0C ;
[21:18:02.105]        // -> [FLASH_OPTKEYR <= 0x4002200C]
[21:18:02.105]      __var FLASH_OPTKEY1 = 0x08192A3B ;
[21:18:02.105]        // -> [FLASH_OPTKEY1 <= 0x08192A3B]
[21:18:02.105]      __var FLASH_OPTKEY2 = 0x4C5D6E7F ;
[21:18:02.106]        // -> [FLASH_OPTKEY2 <= 0x4C5D6E7F]
[21:18:02.106]      __var FLASH_CR_Value = 0 ;
[21:18:02.106]        // -> [FLASH_CR_Value <= 0x00000000]
[21:18:02.107]      __var DoDebugPortStop = 1 ;
[21:18:02.107]        // -> [DoDebugPortStop <= 0x00000001]
[21:18:02.107]      __var DP_CTRL_STAT = 0x4 ;
[21:18:02.107]        // -> [DP_CTRL_STAT <= 0x00000004]
[21:18:02.107]      __var DP_SELECT = 0x8 ;
[21:18:02.108]        // -> [DP_SELECT <= 0x00000008]
[21:18:02.109]    </block>
[21:18:02.109]    <control if="connectionFlash && DoOptionByteLoading" while="" timeout="0" info="">
[21:18:02.110]      // if-block "connectionFlash && DoOptionByteLoading"
[21:18:02.110]        // =>  FALSE
[21:18:02.111]      // skip if-block "connectionFlash && DoOptionByteLoading"
[21:18:02.111]    </control>
[21:18:02.111]    <control if="DoDebugPortStop" while="" timeout="0" info="">
[21:18:02.111]      // if-block "DoDebugPortStop"
[21:18:02.112]        // =>  TRUE
[21:18:02.112]      <block atomic="false" info="">
[21:18:02.112]        WriteDP(DP_SELECT, 0x00000000);
[21:18:02.112]          // -> [WriteDP(0x00000008, 0x00000000)]   (__dp=0x00000000)
[21:18:02.113]        WriteDP(DP_CTRL_STAT, 0x00000000);
[21:18:02.113]          // -> [WriteDP(0x00000004, 0x00000000)]   (__dp=0x00000000)
[21:18:02.113]      </block>
[21:18:02.113]      // end if-block "DoDebugPortStop"
[21:18:02.114]    </control>
[21:18:02.114]  </sequence>
[21:18:02.114]  
