/*
 *  CMSIS Pack Debug Access Sequence Log
 *  File        : E:\个人学习\逆变器\逆变器控制板\STM32G474RBT3_RTThread_Safe_v2.3.0_20260829\STM32G474RBT3_RTThread_Safe_v2.3.0\STM32G474_RTThread_Sequences_0002.log
 *  Created     : 19:33:44 (29/08/2026)
 *  Device      : STM32G474RBTx
 *  PDSC File   : D:/Keil/Keil/packs/Keil/STM32G4xx_DFP/2.2.0/Keil.STM32G4xx_DFP.pdsc
 *  Config File : E:\个人学习\逆变器\逆变器控制板\STM32G474RBT3_RTThread_Safe_v2.3.0_20260829\STM32G474RBT3_RTThread_Safe_v2.3.0\DebugConfig\STM32G474_RTThread_Safe_STM32G474RBTx_1.0.1.dbgconf
 *
 */

[19:33:44.887]  **********  Sequence "DebugDeviceUnlock"  (Context="Target Access", Pname="", info="")
[19:33:44.887]  
[19:33:44.887]  <debugvars>
[19:33:44.887]    // Pre-defined
[19:33:44.888]    __protocol=0x00010002      (Protocol="SWD", SWJ-DP="True")
[19:33:44.888]    __connection=0x00000202    (Connection Type="Flash", Reset Type="System Reset")
[19:33:44.888]    __dp=0x00000000
[19:33:44.888]    __ap=0x00000000
[19:33:44.888]    __traceout=0x00000000      (Trace Disabled)
[19:33:44.889]    __errorcontrol=0x00000000  (Skip Errors="False")
[19:33:44.889]    __FlashAddr=0x00000000
[19:33:44.889]    __FlashLen=0x00000000
[19:33:44.889]    __FlashArg=0x00000000
[19:33:44.889]    __FlashOp=0x00000000
[19:33:44.890]    __Result=0x00000000
[19:33:44.890]    
[19:33:44.890]    // User-defined
[19:33:44.890]    DbgMCU_CR=0x00000007
[19:33:44.890]    DbgMCU_APB1_Fz1=0xC060183F
[19:33:44.890]    DbgMCU_APB1_Fz2=0x00000002
[19:33:44.890]    DbgMCU_APB2_Fz=0x04172800
[19:33:44.891]    TraceClk_Pin=0x00040002
[19:33:44.891]    TraceD0_Pin=0x00040003
[19:33:44.891]    TraceD1_Pin=0x00040004
[19:33:44.891]    TraceD2_Pin=0x00040005
[19:33:44.891]    TraceD3_Pin=0x00040006
[19:33:44.891]    DoOptionByteLoading=0x00000000
[19:33:44.891]  </debugvars>
[19:33:44.891]  
[19:33:44.891]  <sequence name="DebugDeviceUnlock" Pname="" disable="false" info="">
[19:33:44.892]    <block atomic="false" info="">
[19:33:44.892]      Sequence("CheckID");
[19:33:44.892]        <sequence name="CheckID" Pname="" disable="false" info="">
[19:33:44.893]          <block atomic="false" info="">
[19:33:44.893]            __var pidr1 = 0;
[19:33:44.893]              // -> [pidr1 <= 0x00000000]
[19:33:44.894]            __var pidr2 = 0;
[19:33:44.894]              // -> [pidr2 <= 0x00000000]
[19:33:44.895]            __var jep106id = 0;
[19:33:44.895]              // -> [jep106id <= 0x00000000]
[19:33:44.895]            __var ROMTableBase = 0;
[19:33:44.895]              // -> [ROMTableBase <= 0x00000000]
[19:33:44.895]            __ap = 0;      // AHB-AP
[19:33:44.896]              // -> [__ap <= 0x00000000]
[19:33:44.896]            ROMTableBase = ReadAP(0xF8) & ~0x3;
[19:33:44.896]              // -> [ReadAP(0x000000F8) => 0xE00FF003]   (__dp=0x00000000, __ap=0x00000000)
[19:33:44.896]              // -> [ROMTableBase <= 0xE00FF000]
[19:33:44.896]            pidr1 = Read32(ROMTableBase + 0x0FE4);
[19:33:44.898]              // -> [Read32(0xE00FFFE4) => 0x00000004]   (__dp=0x00000000, __ap=0x00000000)
[19:33:44.898]              // -> [pidr1 <= 0x00000004]
[19:33:44.898]            pidr2 = Read32(ROMTableBase + 0x0FE8);
[19:33:44.899]              // -> [Read32(0xE00FFFE8) => 0x0000000A]   (__dp=0x00000000, __ap=0x00000000)
[19:33:44.899]              // -> [pidr2 <= 0x0000000A]
[19:33:44.899]            jep106id = ((pidr2 & 0x7) << 4 ) | ((pidr1 >> 4) & 0xF);
[19:33:44.899]              // -> [jep106id <= 0x00000020]
[19:33:44.900]          </block>
[19:33:44.900]          <control if="jep106id != 0x20" while="" timeout="0" info="">
[19:33:44.900]            // if-block "jep106id != 0x20"
[19:33:44.900]              // =>  FALSE
[19:33:44.900]            // skip if-block "jep106id != 0x20"
[19:33:44.900]          </control>
[19:33:44.901]        </sequence>
[19:33:44.901]    </block>
[19:33:44.901]  </sequence>
[19:33:44.901]  
[19:33:44.902]  **********  Sequence "DebugCoreStart"  (Context="Target Access", Pname="", info="")
[19:33:44.902]  
[19:33:44.903]  <debugvars>
[19:33:44.904]    // Pre-defined
[19:33:44.904]    __protocol=0x00010002      (Protocol="SWD", SWJ-DP="True")
[19:33:44.904]    __connection=0x00000202    (Connection Type="Flash", Reset Type="System Reset")
[19:33:44.905]    __dp=0x00000000
[19:33:44.905]    __ap=0x00000000
[19:33:44.905]    __traceout=0x00000000      (Trace Disabled)
[19:33:44.905]    __errorcontrol=0x00000000  (Skip Errors="False")
[19:33:44.906]    __FlashAddr=0x00000000
[19:33:44.906]    __FlashLen=0x00000000
[19:33:44.906]    __FlashArg=0x00000000
[19:33:44.906]    __FlashOp=0x00000000
[19:33:44.906]    __Result=0x00000000
[19:33:44.907]    
[19:33:44.907]    // User-defined
[19:33:44.907]    DbgMCU_CR=0x00000007
[19:33:44.907]    DbgMCU_APB1_Fz1=0xC060183F
[19:33:44.907]    DbgMCU_APB1_Fz2=0x00000002
[19:33:44.907]    DbgMCU_APB2_Fz=0x04172800
[19:33:44.907]    TraceClk_Pin=0x00040002
[19:33:44.907]    TraceD0_Pin=0x00040003
[19:33:44.907]    TraceD1_Pin=0x00040004
[19:33:44.908]    TraceD2_Pin=0x00040005
[19:33:44.909]    TraceD3_Pin=0x00040006
[19:33:44.909]    DoOptionByteLoading=0x00000000
[19:33:44.909]  </debugvars>
[19:33:44.909]  
[19:33:44.909]  <sequence name="DebugCoreStart" Pname="" disable="false" info="">
[19:33:44.910]    <block atomic="false" info="">
[19:33:44.910]      Write32(0xE000EDF0, 0xA05F0001);                                        // Enable Core Debug via DHCSR
[19:33:44.911]        // -> [Write32(0xE000EDF0, 0xA05F0001)]   (__dp=0x00000000, __ap=0x00000000)
[19:33:44.911]    </block>
[19:33:44.912]    <block atomic="false" info="DbgMCU registers">
[19:33:44.912]      Write32(0xE0042004, DbgMCU_CR);                                         // DBGMCU_CR: Configure MCU Debug
[19:33:44.912]        // -> [Write32(0xE0042004, 0x00000007)]   (__dp=0x00000000, __ap=0x00000000)
[19:33:44.913]      Write32(0xE0042008, DbgMCU_APB1_Fz1);                                   // DBGMCU_APB1_FZ1: Configure APB1 Peripheral Freeze Behavior
[19:33:44.913]        // -> [Write32(0xE0042008, 0xC060183F)]   (__dp=0x00000000, __ap=0x00000000)
[19:33:44.914]      Write32(0xE004200C, DbgMCU_APB1_Fz2);                                   // DBGMCU_APB1_FZ2: Configure APB1 Peripheral Freeze Behavior
[19:33:44.914]        // -> [Write32(0xE004200C, 0x00000002)]   (__dp=0x00000000, __ap=0x00000000)
[19:33:44.915]      Write32(0xE0042010, DbgMCU_APB2_Fz);                                    // DBGMCU_APB2_FZ: Configure APB2 Peripheral Freeze Behavior
[19:33:44.915]        // -> [Write32(0xE0042010, 0x04172800)]   (__dp=0x00000000, __ap=0x00000000)
[19:33:44.916]    </block>
[19:33:44.916]  </sequence>
[19:33:44.916]  
[19:33:49.267]  **********  Sequence "DebugPortStop"  (Context="Disconnect", Pname="", info="")
[19:33:49.267]  
[19:33:49.267]  <debugvars>
[19:33:49.267]    // Pre-defined
[19:33:49.268]    __protocol=0x00010002      (Protocol="SWD", SWJ-DP="True")
[19:33:49.268]    __connection=0x00000202    (Connection Type="Flash", Reset Type="System Reset")
[19:33:49.269]    __dp=0x00000000
[19:33:49.269]    __ap=0x00000000
[19:33:49.269]    __traceout=0x00000000      (Trace Disabled)
[19:33:49.270]    __errorcontrol=0x00000000  (Skip Errors="False")
[19:33:49.270]    __FlashAddr=0x00000000
[19:33:49.270]    __FlashLen=0x00000000
[19:33:49.271]    __FlashArg=0x00000000
[19:33:49.271]    __FlashOp=0x00000000
[19:33:49.271]    __Result=0x00000000
[19:33:49.271]    
[19:33:49.271]    // User-defined
[19:33:49.271]    DbgMCU_CR=0x00000007
[19:33:49.272]    DbgMCU_APB1_Fz1=0xC060183F
[19:33:49.272]    DbgMCU_APB1_Fz2=0x00000002
[19:33:49.272]    DbgMCU_APB2_Fz=0x04172800
[19:33:49.272]    TraceClk_Pin=0x00040002
[19:33:49.273]    TraceD0_Pin=0x00040003
[19:33:49.273]    TraceD1_Pin=0x00040004
[19:33:49.273]    TraceD2_Pin=0x00040005
[19:33:49.273]    TraceD3_Pin=0x00040006
[19:33:49.273]    DoOptionByteLoading=0x00000000
[19:33:49.275]  </debugvars>
[19:33:49.275]  
[19:33:49.275]  <sequence name="DebugPortStop" Pname="" disable="false" info="">
[19:33:49.275]    <block atomic="false" info="">
[19:33:49.275]      __var connectionFlash = ( __connection & 0xF ) == 2 ;
[19:33:49.276]        // -> [connectionFlash <= 0x00000001]
[19:33:49.276]      __var FLASH_BASE = 0x40022000 ;
[19:33:49.276]        // -> [FLASH_BASE <= 0x40022000]
[19:33:49.276]      __var FLASH_CR = FLASH_BASE + 0x14 ;
[19:33:49.276]        // -> [FLASH_CR <= 0x40022014]
[19:33:49.277]      __var OBL_LAUNCH_BIT = ( 1 << 27 ) ;
[19:33:49.277]        // -> [OBL_LAUNCH_BIT <= 0x08000000]
[19:33:49.277]      __var LOCK_BIT = ( 1 << 31 ) ;
[19:33:49.278]        // -> [LOCK_BIT <= 0x80000000]
[19:33:49.278]      __var OPTLOCK_BIT = ( 1 << 30 ) ;
[19:33:49.278]        // -> [OPTLOCK_BIT <= 0x40000000]
[19:33:49.278]      __var FLASH_KEYR = FLASH_BASE + 0x08 ;
[19:33:49.279]        // -> [FLASH_KEYR <= 0x40022008]
[19:33:49.279]      __var FLASH_KEY1 = 0x45670123 ;
[19:33:49.279]        // -> [FLASH_KEY1 <= 0x45670123]
[19:33:49.279]      __var FLASH_KEY2 = 0xCDEF89AB ;
[19:33:49.280]        // -> [FLASH_KEY2 <= 0xCDEF89AB]
[19:33:49.280]      __var FLASH_OPTKEYR = FLASH_BASE + 0x0C ;
[19:33:49.280]        // -> [FLASH_OPTKEYR <= 0x4002200C]
[19:33:49.280]      __var FLASH_OPTKEY1 = 0x08192A3B ;
[19:33:49.280]        // -> [FLASH_OPTKEY1 <= 0x08192A3B]
[19:33:49.280]      __var FLASH_OPTKEY2 = 0x4C5D6E7F ;
[19:33:49.281]        // -> [FLASH_OPTKEY2 <= 0x4C5D6E7F]
[19:33:49.281]      __var FLASH_CR_Value = 0 ;
[19:33:49.281]        // -> [FLASH_CR_Value <= 0x00000000]
[19:33:49.282]      __var DoDebugPortStop = 1 ;
[19:33:49.282]        // -> [DoDebugPortStop <= 0x00000001]
[19:33:49.282]      __var DP_CTRL_STAT = 0x4 ;
[19:33:49.282]        // -> [DP_CTRL_STAT <= 0x00000004]
[19:33:49.283]      __var DP_SELECT = 0x8 ;
[19:33:49.283]        // -> [DP_SELECT <= 0x00000008]
[19:33:49.283]    </block>
[19:33:49.283]    <control if="connectionFlash && DoOptionByteLoading" while="" timeout="0" info="">
[19:33:49.284]      // if-block "connectionFlash && DoOptionByteLoading"
[19:33:49.284]        // =>  FALSE
[19:33:49.284]      // skip if-block "connectionFlash && DoOptionByteLoading"
[19:33:49.285]    </control>
[19:33:49.285]    <control if="DoDebugPortStop" while="" timeout="0" info="">
[19:33:49.285]      // if-block "DoDebugPortStop"
[19:33:49.285]        // =>  TRUE
[19:33:49.285]      <block atomic="false" info="">
[19:33:49.285]        WriteDP(DP_SELECT, 0x00000000);
[19:33:49.286]          // -> [WriteDP(0x00000008, 0x00000000)]   (__dp=0x00000000)
[19:33:49.286]        WriteDP(DP_CTRL_STAT, 0x00000000);
[19:33:49.287]          // -> [WriteDP(0x00000004, 0x00000000)]   (__dp=0x00000000)
[19:33:49.287]      </block>
[19:33:49.287]      // end if-block "DoDebugPortStop"
[19:33:49.287]    </control>
[19:33:49.287]  </sequence>
[19:33:49.288]  
