/*
 *  CMSIS Pack Debug Access Sequence Log
 *  File        : E:\个人学习\逆变器\逆变器控制板\STM32G474RBT3_RTThread_Safe_v2.3.0_20260829\STM32G474RBT3_RTThread_Safe_v2.3.0\STM32G474_RTThread_Sequences_0021.log
 *  Created     : 12:29:21 (30/08/2026)
 *  Device      : STM32G474RBTx
 *  PDSC File   : D:/Keil/Keil/packs/Keil/STM32G4xx_DFP/2.2.0/Keil.STM32G4xx_DFP.pdsc
 *  Config File : E:\个人学习\逆变器\逆变器控制板\STM32G474RBT3_RTThread_Safe_v2.3.0_20260829\STM32G474RBT3_RTThread_Safe_v2.3.0\DebugConfig\STM32G474_RTThread_Safe_STM32G474RBTx_1.0.1.dbgconf
 *
 */

[12:29:21.395]  **********  Sequence "DebugDeviceUnlock"  (Context="Target Access", Pname="", info="")
[12:29:21.395]  
[12:29:21.395]  <debugvars>
[12:29:21.395]    // Pre-defined
[12:29:21.397]    __protocol=0x00010002      (Protocol="SWD", SWJ-DP="True")
[12:29:21.397]    __connection=0x00000202    (Connection Type="Flash", Reset Type="System Reset")
[12:29:21.397]    __dp=0x00000000
[12:29:21.398]    __ap=0x00000000
[12:29:21.398]    __traceout=0x00000000      (Trace Disabled)
[12:29:21.398]    __errorcontrol=0x00000000  (Skip Errors="False")
[12:29:21.398]    __FlashAddr=0x00000000
[12:29:21.398]    __FlashLen=0x00000000
[12:29:21.398]    __FlashArg=0x00000000
[12:29:21.399]    __FlashOp=0x00000000
[12:29:21.399]    __Result=0x00000000
[12:29:21.399]    
[12:29:21.399]    // User-defined
[12:29:21.399]    DbgMCU_CR=0x00000007
[12:29:21.399]    DbgMCU_APB1_Fz1=0xC060183F
[12:29:21.399]    DbgMCU_APB1_Fz2=0x00000002
[12:29:21.399]    DbgMCU_APB2_Fz=0x04172800
[12:29:21.400]    TraceClk_Pin=0x00040002
[12:29:21.400]    TraceD0_Pin=0x00040003
[12:29:21.400]    TraceD1_Pin=0x00040004
[12:29:21.400]    TraceD2_Pin=0x00040005
[12:29:21.400]    TraceD3_Pin=0x00040006
[12:29:21.400]    DoOptionByteLoading=0x00000000
[12:29:21.400]  </debugvars>
[12:29:21.400]  
[12:29:21.401]  <sequence name="DebugDeviceUnlock" Pname="" disable="false" info="">
[12:29:21.401]    <block atomic="false" info="">
[12:29:21.401]      Sequence("CheckID");
[12:29:21.401]        <sequence name="CheckID" Pname="" disable="false" info="">
[12:29:21.401]          <block atomic="false" info="">
[12:29:21.401]            __var pidr1 = 0;
[12:29:21.401]              // -> [pidr1 <= 0x00000000]
[12:29:21.403]            __var pidr2 = 0;
[12:29:21.403]              // -> [pidr2 <= 0x00000000]
[12:29:21.403]            __var jep106id = 0;
[12:29:21.403]              // -> [jep106id <= 0x00000000]
[12:29:21.404]            __var ROMTableBase = 0;
[12:29:21.404]              // -> [ROMTableBase <= 0x00000000]
[12:29:21.404]            __ap = 0;      // AHB-AP
[12:29:21.404]              // -> [__ap <= 0x00000000]
[12:29:21.404]            ROMTableBase = ReadAP(0xF8) & ~0x3;
[12:29:21.405]              // -> [ReadAP(0x000000F8) => 0xE00FF003]   (__dp=0x00000000, __ap=0x00000000)
[12:29:21.405]              // -> [ROMTableBase <= 0xE00FF000]
[12:29:21.405]            pidr1 = Read32(ROMTableBase + 0x0FE4);
[12:29:21.406]              // -> [Read32(0xE00FFFE4) => 0x00000004]   (__dp=0x00000000, __ap=0x00000000)
[12:29:21.407]              // -> [pidr1 <= 0x00000004]
[12:29:21.407]            pidr2 = Read32(ROMTableBase + 0x0FE8);
[12:29:21.407]              // -> [Read32(0xE00FFFE8) => 0x0000000A]   (__dp=0x00000000, __ap=0x00000000)
[12:29:21.408]              // -> [pidr2 <= 0x0000000A]
[12:29:21.408]            jep106id = ((pidr2 & 0x7) << 4 ) | ((pidr1 >> 4) & 0xF);
[12:29:21.408]              // -> [jep106id <= 0x00000020]
[12:29:21.409]          </block>
[12:29:21.409]          <control if="jep106id != 0x20" while="" timeout="0" info="">
[12:29:21.409]            // if-block "jep106id != 0x20"
[12:29:21.409]              // =>  FALSE
[12:29:21.409]            // skip if-block "jep106id != 0x20"
[12:29:21.411]          </control>
[12:29:21.411]        </sequence>
[12:29:21.411]    </block>
[12:29:21.411]  </sequence>
[12:29:21.411]  
[12:29:21.411]  **********  Sequence "DebugCoreStart"  (Context="Target Access", Pname="", info="")
[12:29:21.411]  
[12:29:21.412]  <debugvars>
[12:29:21.412]    // Pre-defined
[12:29:21.448]    __protocol=0x00010002      (Protocol="SWD", SWJ-DP="True")
[12:29:21.448]    __connection=0x00000202    (Connection Type="Flash", Reset Type="System Reset")
[12:29:21.448]    __dp=0x00000000
[12:29:21.448]    __ap=0x00000000
[12:29:21.448]    __traceout=0x00000000      (Trace Disabled)
[12:29:21.450]    __errorcontrol=0x00000000  (Skip Errors="False")
[12:29:21.450]    __FlashAddr=0x00000000
[12:29:21.450]    __FlashLen=0x00000000
[12:29:21.450]    __FlashArg=0x00000000
[12:29:21.450]    __FlashOp=0x00000000
[12:29:21.451]    __Result=0x00000000
[12:29:21.451]    
[12:29:21.451]    // User-defined
[12:29:21.451]    DbgMCU_CR=0x00000007
[12:29:21.451]    DbgMCU_APB1_Fz1=0xC060183F
[12:29:21.451]    DbgMCU_APB1_Fz2=0x00000002
[12:29:21.451]    DbgMCU_APB2_Fz=0x04172800
[12:29:21.451]    TraceClk_Pin=0x00040002
[12:29:21.452]    TraceD0_Pin=0x00040003
[12:29:21.452]    TraceD1_Pin=0x00040004
[12:29:21.452]    TraceD2_Pin=0x00040005
[12:29:21.452]    TraceD3_Pin=0x00040006
[12:29:21.452]    DoOptionByteLoading=0x00000000
[12:29:21.452]  </debugvars>
[12:29:21.453]  
[12:29:21.453]  <sequence name="DebugCoreStart" Pname="" disable="false" info="">
[12:29:21.453]    <block atomic="false" info="">
[12:29:21.453]      Write32(0xE000EDF0, 0xA05F0001);                                        // Enable Core Debug via DHCSR
[12:29:21.454]        // -> [Write32(0xE000EDF0, 0xA05F0001)]   (__dp=0x00000000, __ap=0x00000000)
[12:29:21.454]    </block>
[12:29:21.454]    <block atomic="false" info="DbgMCU registers">
[12:29:21.454]      Write32(0xE0042004, DbgMCU_CR);                                         // DBGMCU_CR: Configure MCU Debug
[12:29:21.456]        // -> [Write32(0xE0042004, 0x00000007)]   (__dp=0x00000000, __ap=0x00000000)
[12:29:21.456]      Write32(0xE0042008, DbgMCU_APB1_Fz1);                                   // DBGMCU_APB1_FZ1: Configure APB1 Peripheral Freeze Behavior
[12:29:21.457]        // -> [Write32(0xE0042008, 0xC060183F)]   (__dp=0x00000000, __ap=0x00000000)
[12:29:21.457]      Write32(0xE004200C, DbgMCU_APB1_Fz2);                                   // DBGMCU_APB1_FZ2: Configure APB1 Peripheral Freeze Behavior
[12:29:21.458]        // -> [Write32(0xE004200C, 0x00000002)]   (__dp=0x00000000, __ap=0x00000000)
[12:29:21.458]      Write32(0xE0042010, DbgMCU_APB2_Fz);                                    // DBGMCU_APB2_FZ: Configure APB2 Peripheral Freeze Behavior
[12:29:21.459]        // -> [Write32(0xE0042010, 0x04172800)]   (__dp=0x00000000, __ap=0x00000000)
[12:29:21.459]    </block>
[12:29:21.459]  </sequence>
[12:29:21.459]  
[12:29:26.034]  **********  Sequence "DebugPortStop"  (Context="Disconnect", Pname="", info="")
[12:29:26.034]  
[12:29:26.034]  <debugvars>
[12:29:26.034]    // Pre-defined
[12:29:26.035]    __protocol=0x00010002      (Protocol="SWD", SWJ-DP="True")
[12:29:26.035]    __connection=0x00000202    (Connection Type="Flash", Reset Type="System Reset")
[12:29:26.035]    __dp=0x00000000
[12:29:26.035]    __ap=0x00000000
[12:29:26.036]    __traceout=0x00000000      (Trace Disabled)
[12:29:26.036]    __errorcontrol=0x00000000  (Skip Errors="False")
[12:29:26.036]    __FlashAddr=0x00000000
[12:29:26.036]    __FlashLen=0x00000000
[12:29:26.036]    __FlashArg=0x00000000
[12:29:26.036]    __FlashOp=0x00000000
[12:29:26.037]    __Result=0x00000000
[12:29:26.037]    
[12:29:26.037]    // User-defined
[12:29:26.037]    DbgMCU_CR=0x00000007
[12:29:26.037]    DbgMCU_APB1_Fz1=0xC060183F
[12:29:26.037]    DbgMCU_APB1_Fz2=0x00000002
[12:29:26.039]    DbgMCU_APB2_Fz=0x04172800
[12:29:26.039]    TraceClk_Pin=0x00040002
[12:29:26.039]    TraceD0_Pin=0x00040003
[12:29:26.039]    TraceD1_Pin=0x00040004
[12:29:26.039]    TraceD2_Pin=0x00040005
[12:29:26.040]    TraceD3_Pin=0x00040006
[12:29:26.040]    DoOptionByteLoading=0x00000000
[12:29:26.040]  </debugvars>
[12:29:26.040]  
[12:29:26.040]  <sequence name="DebugPortStop" Pname="" disable="false" info="">
[12:29:26.041]    <block atomic="false" info="">
[12:29:26.041]      __var connectionFlash = ( __connection & 0xF ) == 2 ;
[12:29:26.041]        // -> [connectionFlash <= 0x00000001]
[12:29:26.041]      __var FLASH_BASE = 0x40022000 ;
[12:29:26.042]        // -> [FLASH_BASE <= 0x40022000]
[12:29:26.042]      __var FLASH_CR = FLASH_BASE + 0x14 ;
[12:29:26.042]        // -> [FLASH_CR <= 0x40022014]
[12:29:26.042]      __var OBL_LAUNCH_BIT = ( 1 << 27 ) ;
[12:29:26.042]        // -> [OBL_LAUNCH_BIT <= 0x08000000]
[12:29:26.043]      __var LOCK_BIT = ( 1 << 31 ) ;
[12:29:26.043]        // -> [LOCK_BIT <= 0x80000000]
[12:29:26.043]      __var OPTLOCK_BIT = ( 1 << 30 ) ;
[12:29:26.043]        // -> [OPTLOCK_BIT <= 0x40000000]
[12:29:26.043]      __var FLASH_KEYR = FLASH_BASE + 0x08 ;
[12:29:26.043]        // -> [FLASH_KEYR <= 0x40022008]
[12:29:26.043]      __var FLASH_KEY1 = 0x45670123 ;
[12:29:26.044]        // -> [FLASH_KEY1 <= 0x45670123]
[12:29:26.044]      __var FLASH_KEY2 = 0xCDEF89AB ;
[12:29:26.045]        // -> [FLASH_KEY2 <= 0xCDEF89AB]
[12:29:26.045]      __var FLASH_OPTKEYR = FLASH_BASE + 0x0C ;
[12:29:26.045]        // -> [FLASH_OPTKEYR <= 0x4002200C]
[12:29:26.045]      __var FLASH_OPTKEY1 = 0x08192A3B ;
[12:29:26.046]        // -> [FLASH_OPTKEY1 <= 0x08192A3B]
[12:29:26.046]      __var FLASH_OPTKEY2 = 0x4C5D6E7F ;
[12:29:26.046]        // -> [FLASH_OPTKEY2 <= 0x4C5D6E7F]
[12:29:26.046]      __var FLASH_CR_Value = 0 ;
[12:29:26.047]        // -> [FLASH_CR_Value <= 0x00000000]
[12:29:26.047]      __var DoDebugPortStop = 1 ;
[12:29:26.047]        // -> [DoDebugPortStop <= 0x00000001]
[12:29:26.047]      __var DP_CTRL_STAT = 0x4 ;
[12:29:26.047]        // -> [DP_CTRL_STAT <= 0x00000004]
[12:29:26.048]      __var DP_SELECT = 0x8 ;
[12:29:26.048]        // -> [DP_SELECT <= 0x00000008]
[12:29:26.048]    </block>
[12:29:26.049]    <control if="connectionFlash && DoOptionByteLoading" while="" timeout="0" info="">
[12:29:26.049]      // if-block "connectionFlash && DoOptionByteLoading"
[12:29:26.049]        // =>  FALSE
[12:29:26.050]      // skip if-block "connectionFlash && DoOptionByteLoading"
[12:29:26.050]    </control>
[12:29:26.050]    <control if="DoDebugPortStop" while="" timeout="0" info="">
[12:29:26.050]      // if-block "DoDebugPortStop"
[12:29:26.050]        // =>  TRUE
[12:29:26.051]      <block atomic="false" info="">
[12:29:26.051]        WriteDP(DP_SELECT, 0x00000000);
[12:29:26.051]          // -> [WriteDP(0x00000008, 0x00000000)]   (__dp=0x00000000)
[12:29:26.052]        WriteDP(DP_CTRL_STAT, 0x00000000);
[12:29:26.052]          // -> [WriteDP(0x00000004, 0x00000000)]   (__dp=0x00000000)
[12:29:26.052]      </block>
[12:29:26.052]      // end if-block "DoDebugPortStop"
[12:29:26.052]    </control>
[12:29:26.052]  </sequence>
[12:29:26.053]  
