/*
 *  CMSIS Pack Debug Access Sequence Log
 *  File        : E:\个人学习\逆变器\逆变器控制板\STM32G474RBT3_RTThread_Safe_v2.3.0_20260829\STM32G474RBT3_RTThread_Safe_v2.3.0\STM32G474_RTThread_Sequences_0008.log
 *  Created     : 20:10:07 (29/08/2026)
 *  Device      : STM32G474RBTx
 *  PDSC File   : D:/Keil/Keil/packs/Keil/STM32G4xx_DFP/2.2.0/Keil.STM32G4xx_DFP.pdsc
 *  Config File : E:\个人学习\逆变器\逆变器控制板\STM32G474RBT3_RTThread_Safe_v2.3.0_20260829\STM32G474RBT3_RTThread_Safe_v2.3.0\DebugConfig\STM32G474_RTThread_Safe_STM32G474RBTx_1.0.1.dbgconf
 *
 */

[20:10:07.793]  **********  Sequence "DebugDeviceUnlock"  (Context="Target Access", Pname="", info="")
[20:10:07.793]  
[20:10:07.793]  <debugvars>
[20:10:07.794]    // Pre-defined
[20:10:07.794]    __protocol=0x00010002      (Protocol="SWD", SWJ-DP="True")
[20:10:07.795]    __connection=0x00000202    (Connection Type="Flash", Reset Type="System Reset")
[20:10:07.795]    __dp=0x00000000
[20:10:07.795]    __ap=0x00000000
[20:10:07.795]    __traceout=0x00000000      (Trace Disabled)
[20:10:07.795]    __errorcontrol=0x00000000  (Skip Errors="False")
[20:10:07.796]    __FlashAddr=0x00000000
[20:10:07.796]    __FlashLen=0x00000000
[20:10:07.796]    __FlashArg=0x00000000
[20:10:07.796]    __FlashOp=0x00000000
[20:10:07.796]    __Result=0x00000000
[20:10:07.798]    
[20:10:07.798]    // User-defined
[20:10:07.798]    DbgMCU_CR=0x00000007
[20:10:07.798]    DbgMCU_APB1_Fz1=0xC060183F
[20:10:07.798]    DbgMCU_APB1_Fz2=0x00000002
[20:10:07.799]    DbgMCU_APB2_Fz=0x04172800
[20:10:07.799]    TraceClk_Pin=0x00040002
[20:10:07.799]    TraceD0_Pin=0x00040003
[20:10:07.799]    TraceD1_Pin=0x00040004
[20:10:07.799]    TraceD2_Pin=0x00040005
[20:10:07.799]    TraceD3_Pin=0x00040006
[20:10:07.799]    DoOptionByteLoading=0x00000000
[20:10:07.800]  </debugvars>
[20:10:07.800]  
[20:10:07.800]  <sequence name="DebugDeviceUnlock" Pname="" disable="false" info="">
[20:10:07.800]    <block atomic="false" info="">
[20:10:07.800]      Sequence("CheckID");
[20:10:07.801]        <sequence name="CheckID" Pname="" disable="false" info="">
[20:10:07.802]          <block atomic="false" info="">
[20:10:07.802]            __var pidr1 = 0;
[20:10:07.802]              // -> [pidr1 <= 0x00000000]
[20:10:07.802]            __var pidr2 = 0;
[20:10:07.803]              // -> [pidr2 <= 0x00000000]
[20:10:07.803]            __var jep106id = 0;
[20:10:07.803]              // -> [jep106id <= 0x00000000]
[20:10:07.803]            __var ROMTableBase = 0;
[20:10:07.803]              // -> [ROMTableBase <= 0x00000000]
[20:10:07.803]            __ap = 0;      // AHB-AP
[20:10:07.804]              // -> [__ap <= 0x00000000]
[20:10:07.804]            ROMTableBase = ReadAP(0xF8) & ~0x3;
[20:10:07.804]              // -> [ReadAP(0x000000F8) => 0xE00FF003]   (__dp=0x00000000, __ap=0x00000000)
[20:10:07.805]              // -> [ROMTableBase <= 0xE00FF000]
[20:10:07.805]            pidr1 = Read32(ROMTableBase + 0x0FE4);
[20:10:07.806]              // -> [Read32(0xE00FFFE4) => 0x00000004]   (__dp=0x00000000, __ap=0x00000000)
[20:10:07.806]              // -> [pidr1 <= 0x00000004]
[20:10:07.806]            pidr2 = Read32(ROMTableBase + 0x0FE8);
[20:10:07.807]              // -> [Read32(0xE00FFFE8) => 0x0000000A]   (__dp=0x00000000, __ap=0x00000000)
[20:10:07.807]              // -> [pidr2 <= 0x0000000A]
[20:10:07.807]            jep106id = ((pidr2 & 0x7) << 4 ) | ((pidr1 >> 4) & 0xF);
[20:10:07.807]              // -> [jep106id <= 0x00000020]
[20:10:07.807]          </block>
[20:10:07.808]          <control if="jep106id != 0x20" while="" timeout="0" info="">
[20:10:07.808]            // if-block "jep106id != 0x20"
[20:10:07.808]              // =>  FALSE
[20:10:07.808]            // skip if-block "jep106id != 0x20"
[20:10:07.809]          </control>
[20:10:07.809]        </sequence>
[20:10:07.809]    </block>
[20:10:07.810]  </sequence>
[20:10:07.810]  
[20:10:07.810]  **********  Sequence "DebugCoreStart"  (Context="Target Access", Pname="", info="")
[20:10:07.810]  
[20:10:07.810]  <debugvars>
[20:10:07.810]    // Pre-defined
[20:10:07.810]    __protocol=0x00010002      (Protocol="SWD", SWJ-DP="True")
[20:10:07.810]    __connection=0x00000202    (Connection Type="Flash", Reset Type="System Reset")
[20:10:07.811]    __dp=0x00000000
[20:10:07.812]    __ap=0x00000000
[20:10:07.812]    __traceout=0x00000000      (Trace Disabled)
[20:10:07.812]    __errorcontrol=0x00000000  (Skip Errors="False")
[20:10:07.812]    __FlashAddr=0x00000000
[20:10:07.812]    __FlashLen=0x00000000
[20:10:07.813]    __FlashArg=0x00000000
[20:10:07.813]    __FlashOp=0x00000000
[20:10:07.813]    __Result=0x00000000
[20:10:07.813]    
[20:10:07.813]    // User-defined
[20:10:07.813]    DbgMCU_CR=0x00000007
[20:10:07.813]    DbgMCU_APB1_Fz1=0xC060183F
[20:10:07.814]    DbgMCU_APB1_Fz2=0x00000002
[20:10:07.814]    DbgMCU_APB2_Fz=0x04172800
[20:10:07.814]    TraceClk_Pin=0x00040002
[20:10:07.814]    TraceD0_Pin=0x00040003
[20:10:07.815]    TraceD1_Pin=0x00040004
[20:10:07.815]    TraceD2_Pin=0x00040005
[20:10:07.816]    TraceD3_Pin=0x00040006
[20:10:07.816]    DoOptionByteLoading=0x00000000
[20:10:07.816]  </debugvars>
[20:10:07.816]  
[20:10:07.816]  <sequence name="DebugCoreStart" Pname="" disable="false" info="">
[20:10:07.817]    <block atomic="false" info="">
[20:10:07.817]      Write32(0xE000EDF0, 0xA05F0001);                                        // Enable Core Debug via DHCSR
[20:10:07.817]        // -> [Write32(0xE000EDF0, 0xA05F0001)]   (__dp=0x00000000, __ap=0x00000000)
[20:10:07.817]    </block>
[20:10:07.818]    <block atomic="false" info="DbgMCU registers">
[20:10:07.818]      Write32(0xE0042004, DbgMCU_CR);                                         // DBGMCU_CR: Configure MCU Debug
[20:10:07.818]        // -> [Write32(0xE0042004, 0x00000007)]   (__dp=0x00000000, __ap=0x00000000)
[20:10:07.818]      Write32(0xE0042008, DbgMCU_APB1_Fz1);                                   // DBGMCU_APB1_FZ1: Configure APB1 Peripheral Freeze Behavior
[20:10:07.820]        // -> [Write32(0xE0042008, 0xC060183F)]   (__dp=0x00000000, __ap=0x00000000)
[20:10:07.820]      Write32(0xE004200C, DbgMCU_APB1_Fz2);                                   // DBGMCU_APB1_FZ2: Configure APB1 Peripheral Freeze Behavior
[20:10:07.820]        // -> [Write32(0xE004200C, 0x00000002)]   (__dp=0x00000000, __ap=0x00000000)
[20:10:07.820]      Write32(0xE0042010, DbgMCU_APB2_Fz);                                    // DBGMCU_APB2_FZ: Configure APB2 Peripheral Freeze Behavior
[20:10:07.821]        // -> [Write32(0xE0042010, 0x04172800)]   (__dp=0x00000000, __ap=0x00000000)
[20:10:07.821]    </block>
[20:10:07.821]  </sequence>
[20:10:07.821]  
[20:10:12.217]  **********  Sequence "DebugPortStop"  (Context="Disconnect", Pname="", info="")
[20:10:12.217]  
[20:10:12.217]  <debugvars>
[20:10:12.217]    // Pre-defined
[20:10:12.217]    __protocol=0x00010002      (Protocol="SWD", SWJ-DP="True")
[20:10:12.218]    __connection=0x00000202    (Connection Type="Flash", Reset Type="System Reset")
[20:10:12.218]    __dp=0x00000000
[20:10:12.218]    __ap=0x00000000
[20:10:12.218]    __traceout=0x00000000      (Trace Disabled)
[20:10:12.218]    __errorcontrol=0x00000000  (Skip Errors="False")
[20:10:12.218]    __FlashAddr=0x00000000
[20:10:12.219]    __FlashLen=0x00000000
[20:10:12.219]    __FlashArg=0x00000000
[20:10:12.219]    __FlashOp=0x00000000
[20:10:12.219]    __Result=0x00000000
[20:10:12.219]    
[20:10:12.219]    // User-defined
[20:10:12.219]    DbgMCU_CR=0x00000007
[20:10:12.219]    DbgMCU_APB1_Fz1=0xC060183F
[20:10:12.219]    DbgMCU_APB1_Fz2=0x00000002
[20:10:12.219]    DbgMCU_APB2_Fz=0x04172800
[20:10:12.219]    TraceClk_Pin=0x00040002
[20:10:12.220]    TraceD0_Pin=0x00040003
[20:10:12.220]    TraceD1_Pin=0x00040004
[20:10:12.220]    TraceD2_Pin=0x00040005
[20:10:12.221]    TraceD3_Pin=0x00040006
[20:10:12.221]    DoOptionByteLoading=0x00000000
[20:10:12.222]  </debugvars>
[20:10:12.222]  
[20:10:12.223]  <sequence name="DebugPortStop" Pname="" disable="false" info="">
[20:10:12.223]    <block atomic="false" info="">
[20:10:12.223]      __var connectionFlash = ( __connection & 0xF ) == 2 ;
[20:10:12.223]        // -> [connectionFlash <= 0x00000001]
[20:10:12.223]      __var FLASH_BASE = 0x40022000 ;
[20:10:12.224]        // -> [FLASH_BASE <= 0x40022000]
[20:10:12.224]      __var FLASH_CR = FLASH_BASE + 0x14 ;
[20:10:12.224]        // -> [FLASH_CR <= 0x40022014]
[20:10:12.224]      __var OBL_LAUNCH_BIT = ( 1 << 27 ) ;
[20:10:12.225]        // -> [OBL_LAUNCH_BIT <= 0x08000000]
[20:10:12.225]      __var LOCK_BIT = ( 1 << 31 ) ;
[20:10:12.226]        // -> [LOCK_BIT <= 0x80000000]
[20:10:12.226]      __var OPTLOCK_BIT = ( 1 << 30 ) ;
[20:10:12.226]        // -> [OPTLOCK_BIT <= 0x40000000]
[20:10:12.226]      __var FLASH_KEYR = FLASH_BASE + 0x08 ;
[20:10:12.227]        // -> [FLASH_KEYR <= 0x40022008]
[20:10:12.227]      __var FLASH_KEY1 = 0x45670123 ;
[20:10:12.227]        // -> [FLASH_KEY1 <= 0x45670123]
[20:10:12.227]      __var FLASH_KEY2 = 0xCDEF89AB ;
[20:10:12.227]        // -> [FLASH_KEY2 <= 0xCDEF89AB]
[20:10:12.228]      __var FLASH_OPTKEYR = FLASH_BASE + 0x0C ;
[20:10:12.228]        // -> [FLASH_OPTKEYR <= 0x4002200C]
[20:10:12.228]      __var FLASH_OPTKEY1 = 0x08192A3B ;
[20:10:12.228]        // -> [FLASH_OPTKEY1 <= 0x08192A3B]
[20:10:12.229]      __var FLASH_OPTKEY2 = 0x4C5D6E7F ;
[20:10:12.229]        // -> [FLASH_OPTKEY2 <= 0x4C5D6E7F]
[20:10:12.229]      __var FLASH_CR_Value = 0 ;
[20:10:12.229]        // -> [FLASH_CR_Value <= 0x00000000]
[20:10:12.229]      __var DoDebugPortStop = 1 ;
[20:10:12.230]        // -> [DoDebugPortStop <= 0x00000001]
[20:10:12.230]      __var DP_CTRL_STAT = 0x4 ;
[20:10:12.230]        // -> [DP_CTRL_STAT <= 0x00000004]
[20:10:12.230]      __var DP_SELECT = 0x8 ;
[20:10:12.230]        // -> [DP_SELECT <= 0x00000008]
[20:10:12.230]    </block>
[20:10:12.230]    <control if="connectionFlash && DoOptionByteLoading" while="" timeout="0" info="">
[20:10:12.230]      // if-block "connectionFlash && DoOptionByteLoading"
[20:10:12.230]        // =>  FALSE
[20:10:12.231]      // skip if-block "connectionFlash && DoOptionByteLoading"
[20:10:12.231]    </control>
[20:10:12.231]    <control if="DoDebugPortStop" while="" timeout="0" info="">
[20:10:12.232]      // if-block "DoDebugPortStop"
[20:10:12.233]        // =>  TRUE
[20:10:12.233]      <block atomic="false" info="">
[20:10:12.233]        WriteDP(DP_SELECT, 0x00000000);
[20:10:12.233]          // -> [WriteDP(0x00000008, 0x00000000)]   (__dp=0x00000000)
[20:10:12.233]        WriteDP(DP_CTRL_STAT, 0x00000000);
[20:10:12.233]          // -> [WriteDP(0x00000004, 0x00000000)]   (__dp=0x00000000)
[20:10:12.234]      </block>
[20:10:12.234]      // end if-block "DoDebugPortStop"
[20:10:12.234]    </control>
[20:10:12.234]  </sequence>
[20:10:12.235]  
