/*
 *  CMSIS Pack Debug Access Sequence Log
 *  File        : E:\个人学习\逆变器\逆变器控制板\STM32G474RBT3_RTThread_Safe_v2.3.0_20260829\STM32G474RBT3_RTThread_Safe_v2.3.0\STM32G474_RTThread_Sequences_0029.log
 *  Created     : 14:12:30 (30/08/2026)
 *  Device      : STM32G474RBTx
 *  PDSC File   : D:/Keil/Keil/packs/Keil/STM32G4xx_DFP/2.2.0/Keil.STM32G4xx_DFP.pdsc
 *  Config File : E:\个人学习\逆变器\逆变器控制板\STM32G474RBT3_RTThread_Safe_v2.3.0_20260829\STM32G474RBT3_RTThread_Safe_v2.3.0\DebugConfig\STM32G474_RTThread_Safe_STM32G474RBTx_1.0.1.dbgconf
 *
 */

[14:12:30.916]  **********  Sequence "DebugDeviceUnlock"  (Context="Target Access", Pname="", info="")
[14:12:30.916]  
[14:12:30.916]  <debugvars>
[14:12:30.916]    // Pre-defined
[14:12:30.916]    __protocol=0x00010002      (Protocol="SWD", SWJ-DP="True")
[14:12:30.916]    __connection=0x00000202    (Connection Type="Flash", Reset Type="System Reset")
[14:12:30.916]    __dp=0x00000000
[14:12:30.916]    __ap=0x00000000
[14:12:30.917]    __traceout=0x00000000      (Trace Disabled)
[14:12:30.917]    __errorcontrol=0x00000000  (Skip Errors="False")
[14:12:30.917]    __FlashAddr=0x00000000
[14:12:30.917]    __FlashLen=0x00000000
[14:12:30.917]    __FlashArg=0x00000000
[14:12:30.918]    __FlashOp=0x00000000
[14:12:30.918]    __Result=0x00000000
[14:12:30.919]    
[14:12:30.919]    // User-defined
[14:12:30.919]    DbgMCU_CR=0x00000007
[14:12:30.919]    DbgMCU_APB1_Fz1=0xC060183F
[14:12:30.919]    DbgMCU_APB1_Fz2=0x00000002
[14:12:30.919]    DbgMCU_APB2_Fz=0x04172800
[14:12:30.919]    TraceClk_Pin=0x00040002
[14:12:30.919]    TraceD0_Pin=0x00040003
[14:12:30.920]    TraceD1_Pin=0x00040004
[14:12:30.920]    TraceD2_Pin=0x00040005
[14:12:30.921]    TraceD3_Pin=0x00040006
[14:12:30.921]    DoOptionByteLoading=0x00000000
[14:12:30.921]  </debugvars>
[14:12:30.921]  
[14:12:30.921]  <sequence name="DebugDeviceUnlock" Pname="" disable="false" info="">
[14:12:30.921]    <block atomic="false" info="">
[14:12:30.922]      Sequence("CheckID");
[14:12:30.922]        <sequence name="CheckID" Pname="" disable="false" info="">
[14:12:30.923]          <block atomic="false" info="">
[14:12:30.923]            __var pidr1 = 0;
[14:12:30.923]              // -> [pidr1 <= 0x00000000]
[14:12:30.923]            __var pidr2 = 0;
[14:12:30.924]              // -> [pidr2 <= 0x00000000]
[14:12:30.924]            __var jep106id = 0;
[14:12:30.924]              // -> [jep106id <= 0x00000000]
[14:12:30.924]            __var ROMTableBase = 0;
[14:12:30.924]              // -> [ROMTableBase <= 0x00000000]
[14:12:30.924]            __ap = 0;      // AHB-AP
[14:12:30.925]              // -> [__ap <= 0x00000000]
[14:12:30.925]            ROMTableBase = ReadAP(0xF8) & ~0x3;
[14:12:30.925]              // -> [ReadAP(0x000000F8) => 0xE00FF003]   (__dp=0x00000000, __ap=0x00000000)
[14:12:30.926]              // -> [ROMTableBase <= 0xE00FF000]
[14:12:30.926]            pidr1 = Read32(ROMTableBase + 0x0FE4);
[14:12:30.927]              // -> [Read32(0xE00FFFE4) => 0x00000004]   (__dp=0x00000000, __ap=0x00000000)
[14:12:30.927]              // -> [pidr1 <= 0x00000004]
[14:12:30.927]            pidr2 = Read32(ROMTableBase + 0x0FE8);
[14:12:30.928]              // -> [Read32(0xE00FFFE8) => 0x0000000A]   (__dp=0x00000000, __ap=0x00000000)
[14:12:30.928]              // -> [pidr2 <= 0x0000000A]
[14:12:30.929]            jep106id = ((pidr2 & 0x7) << 4 ) | ((pidr1 >> 4) & 0xF);
[14:12:30.929]              // -> [jep106id <= 0x00000020]
[14:12:30.929]          </block>
[14:12:30.929]          <control if="jep106id != 0x20" while="" timeout="0" info="">
[14:12:30.929]            // if-block "jep106id != 0x20"
[14:12:30.930]              // =>  FALSE
[14:12:30.931]            // skip if-block "jep106id != 0x20"
[14:12:30.931]          </control>
[14:12:30.931]        </sequence>
[14:12:30.931]    </block>
[14:12:30.932]  </sequence>
[14:12:30.932]  
[14:12:30.932]  **********  Sequence "DebugCoreStart"  (Context="Target Access", Pname="", info="")
[14:12:30.932]  
[14:12:30.932]  <debugvars>
[14:12:30.932]    // Pre-defined
[14:12:30.933]    __protocol=0x00010002      (Protocol="SWD", SWJ-DP="True")
[14:12:30.934]    __connection=0x00000202    (Connection Type="Flash", Reset Type="System Reset")
[14:12:30.934]    __dp=0x00000000
[14:12:30.934]    __ap=0x00000000
[14:12:30.934]    __traceout=0x00000000      (Trace Disabled)
[14:12:30.935]    __errorcontrol=0x00000000  (Skip Errors="False")
[14:12:30.935]    __FlashAddr=0x00000000
[14:12:30.935]    __FlashLen=0x00000000
[14:12:30.935]    __FlashArg=0x00000000
[14:12:30.935]    __FlashOp=0x00000000
[14:12:30.935]    __Result=0x00000000
[14:12:30.936]    
[14:12:30.936]    // User-defined
[14:12:30.936]    DbgMCU_CR=0x00000007
[14:12:30.936]    DbgMCU_APB1_Fz1=0xC060183F
[14:12:30.937]    DbgMCU_APB1_Fz2=0x00000002
[14:12:30.937]    DbgMCU_APB2_Fz=0x04172800
[14:12:30.937]    TraceClk_Pin=0x00040002
[14:12:30.937]    TraceD0_Pin=0x00040003
[14:12:30.937]    TraceD1_Pin=0x00040004
[14:12:30.938]    TraceD2_Pin=0x00040005
[14:12:30.938]    TraceD3_Pin=0x00040006
[14:12:30.938]    DoOptionByteLoading=0x00000000
[14:12:30.939]  </debugvars>
[14:12:30.939]  
[14:12:30.939]  <sequence name="DebugCoreStart" Pname="" disable="false" info="">
[14:12:30.939]    <block atomic="false" info="">
[14:12:30.940]      Write32(0xE000EDF0, 0xA05F0001);                                        // Enable Core Debug via DHCSR
[14:12:30.940]        // -> [Write32(0xE000EDF0, 0xA05F0001)]   (__dp=0x00000000, __ap=0x00000000)
[14:12:30.940]    </block>
[14:12:30.941]    <block atomic="false" info="DbgMCU registers">
[14:12:30.941]      Write32(0xE0042004, DbgMCU_CR);                                         // DBGMCU_CR: Configure MCU Debug
[14:12:30.941]        // -> [Write32(0xE0042004, 0x00000007)]   (__dp=0x00000000, __ap=0x00000000)
[14:12:30.943]      Write32(0xE0042008, DbgMCU_APB1_Fz1);                                   // DBGMCU_APB1_FZ1: Configure APB1 Peripheral Freeze Behavior
[14:12:30.943]        // -> [Write32(0xE0042008, 0xC060183F)]   (__dp=0x00000000, __ap=0x00000000)
[14:12:30.943]      Write32(0xE004200C, DbgMCU_APB1_Fz2);                                   // DBGMCU_APB1_FZ2: Configure APB1 Peripheral Freeze Behavior
[14:12:30.944]        // -> [Write32(0xE004200C, 0x00000002)]   (__dp=0x00000000, __ap=0x00000000)
[14:12:30.944]      Write32(0xE0042010, DbgMCU_APB2_Fz);                                    // DBGMCU_APB2_FZ: Configure APB2 Peripheral Freeze Behavior
[14:12:30.944]        // -> [Write32(0xE0042010, 0x04172800)]   (__dp=0x00000000, __ap=0x00000000)
[14:12:30.945]    </block>
[14:12:30.945]  </sequence>
[14:12:30.946]  
[14:12:35.660]  **********  Sequence "DebugPortStop"  (Context="Disconnect", Pname="", info="")
[14:12:35.660]  
[14:12:35.660]  <debugvars>
[14:12:35.660]    // Pre-defined
[14:12:35.660]    __protocol=0x00010002      (Protocol="SWD", SWJ-DP="True")
[14:12:35.660]    __connection=0x00000202    (Connection Type="Flash", Reset Type="System Reset")
[14:12:35.661]    __dp=0x00000000
[14:12:35.661]    __ap=0x00000000
[14:12:35.661]    __traceout=0x00000000      (Trace Disabled)
[14:12:35.661]    __errorcontrol=0x00000000  (Skip Errors="False")
[14:12:35.661]    __FlashAddr=0x00000000
[14:12:35.661]    __FlashLen=0x00000000
[14:12:35.661]    __FlashArg=0x00000000
[14:12:35.662]    __FlashOp=0x00000000
[14:12:35.662]    __Result=0x00000000
[14:12:35.662]    
[14:12:35.662]    // User-defined
[14:12:35.662]    DbgMCU_CR=0x00000007
[14:12:35.662]    DbgMCU_APB1_Fz1=0xC060183F
[14:12:35.662]    DbgMCU_APB1_Fz2=0x00000002
[14:12:35.663]    DbgMCU_APB2_Fz=0x04172800
[14:12:35.663]    TraceClk_Pin=0x00040002
[14:12:35.663]    TraceD0_Pin=0x00040003
[14:12:35.663]    TraceD1_Pin=0x00040004
[14:12:35.663]    TraceD2_Pin=0x00040005
[14:12:35.663]    TraceD3_Pin=0x00040006
[14:12:35.663]    DoOptionByteLoading=0x00000000
[14:12:35.665]  </debugvars>
[14:12:35.665]  
[14:12:35.665]  <sequence name="DebugPortStop" Pname="" disable="false" info="">
[14:12:35.665]    <block atomic="false" info="">
[14:12:35.666]      __var connectionFlash = ( __connection & 0xF ) == 2 ;
[14:12:35.666]        // -> [connectionFlash <= 0x00000001]
[14:12:35.666]      __var FLASH_BASE = 0x40022000 ;
[14:12:35.666]        // -> [FLASH_BASE <= 0x40022000]
[14:12:35.666]      __var FLASH_CR = FLASH_BASE + 0x14 ;
[14:12:35.667]        // -> [FLASH_CR <= 0x40022014]
[14:12:35.667]      __var OBL_LAUNCH_BIT = ( 1 << 27 ) ;
[14:12:35.667]        // -> [OBL_LAUNCH_BIT <= 0x08000000]
[14:12:35.667]      __var LOCK_BIT = ( 1 << 31 ) ;
[14:12:35.667]        // -> [LOCK_BIT <= 0x80000000]
[14:12:35.668]      __var OPTLOCK_BIT = ( 1 << 30 ) ;
[14:12:35.668]        // -> [OPTLOCK_BIT <= 0x40000000]
[14:12:35.668]      __var FLASH_KEYR = FLASH_BASE + 0x08 ;
[14:12:35.668]        // -> [FLASH_KEYR <= 0x40022008]
[14:12:35.668]      __var FLASH_KEY1 = 0x45670123 ;
[14:12:35.669]        // -> [FLASH_KEY1 <= 0x45670123]
[14:12:35.669]      __var FLASH_KEY2 = 0xCDEF89AB ;
[14:12:35.669]        // -> [FLASH_KEY2 <= 0xCDEF89AB]
[14:12:35.670]      __var FLASH_OPTKEYR = FLASH_BASE + 0x0C ;
[14:12:35.670]        // -> [FLASH_OPTKEYR <= 0x4002200C]
[14:12:35.670]      __var FLASH_OPTKEY1 = 0x08192A3B ;
[14:12:35.670]        // -> [FLASH_OPTKEY1 <= 0x08192A3B]
[14:12:35.671]      __var FLASH_OPTKEY2 = 0x4C5D6E7F ;
[14:12:35.671]        // -> [FLASH_OPTKEY2 <= 0x4C5D6E7F]
[14:12:35.671]      __var FLASH_CR_Value = 0 ;
[14:12:35.671]        // -> [FLASH_CR_Value <= 0x00000000]
[14:12:35.671]      __var DoDebugPortStop = 1 ;
[14:12:35.671]        // -> [DoDebugPortStop <= 0x00000001]
[14:12:35.672]      __var DP_CTRL_STAT = 0x4 ;
[14:12:35.672]        // -> [DP_CTRL_STAT <= 0x00000004]
[14:12:35.672]      __var DP_SELECT = 0x8 ;
[14:12:35.672]        // -> [DP_SELECT <= 0x00000008]
[14:12:35.673]    </block>
[14:12:35.673]    <control if="connectionFlash && DoOptionByteLoading" while="" timeout="0" info="">
[14:12:35.673]      // if-block "connectionFlash && DoOptionByteLoading"
[14:12:35.673]        // =>  FALSE
[14:12:35.673]      // skip if-block "connectionFlash && DoOptionByteLoading"
[14:12:35.673]    </control>
[14:12:35.673]    <control if="DoDebugPortStop" while="" timeout="0" info="">
[14:12:35.673]      // if-block "DoDebugPortStop"
[14:12:35.674]        // =>  TRUE
[14:12:35.674]      <block atomic="false" info="">
[14:12:35.674]        WriteDP(DP_SELECT, 0x00000000);
[14:12:35.674]          // -> [WriteDP(0x00000008, 0x00000000)]   (__dp=0x00000000)
[14:12:35.675]        WriteDP(DP_CTRL_STAT, 0x00000000);
[14:12:35.675]          // -> [WriteDP(0x00000004, 0x00000000)]   (__dp=0x00000000)
[14:12:35.675]      </block>
[14:12:35.676]      // end if-block "DoDebugPortStop"
[14:12:35.676]    </control>
[14:12:35.676]  </sequence>
[14:12:35.676]  
