/*
 *  CMSIS Pack Debug Access Sequence Log
 *  File        : E:\个人学习\逆变器\逆变器控制板\STM32G474RBT3_RTThread_Safe_v2.3.0_20260829\STM32G474RBT3_RTThread_Safe_v2.3.0\STM32G474_RTThread_Sequences_0004.log
 *  Created     : 19:43:00 (29/08/2026)
 *  Device      : STM32G474RBTx
 *  PDSC File   : D:/Keil/Keil/packs/Keil/STM32G4xx_DFP/2.2.0/Keil.STM32G4xx_DFP.pdsc
 *  Config File : E:\个人学习\逆变器\逆变器控制板\STM32G474RBT3_RTThread_Safe_v2.3.0_20260829\STM32G474RBT3_RTThread_Safe_v2.3.0\DebugConfig\STM32G474_RTThread_Safe_STM32G474RBTx_1.0.1.dbgconf
 *
 */

[19:43:00.316]  **********  Sequence "DebugDeviceUnlock"  (Context="Target Access", Pname="", info="")
[19:43:00.316]  
[19:43:00.317]  <debugvars>
[19:43:00.317]    // Pre-defined
[19:43:00.317]    __protocol=0x00010002      (Protocol="SWD", SWJ-DP="True")
[19:43:00.317]    __connection=0x00000202    (Connection Type="Flash", Reset Type="System Reset")
[19:43:00.318]    __dp=0x00000000
[19:43:00.318]    __ap=0x00000000
[19:43:00.318]    __traceout=0x00000000      (Trace Disabled)
[19:43:00.318]    __errorcontrol=0x00000000  (Skip Errors="False")
[19:43:00.319]    __FlashAddr=0x00000000
[19:43:00.319]    __FlashLen=0x00000000
[19:43:00.319]    __FlashArg=0x00000000
[19:43:00.319]    __FlashOp=0x00000000
[19:43:00.319]    __Result=0x00000000
[19:43:00.320]    
[19:43:00.320]    // User-defined
[19:43:00.320]    DbgMCU_CR=0x00000007
[19:43:00.320]    DbgMCU_APB1_Fz1=0xC060183F
[19:43:00.320]    DbgMCU_APB1_Fz2=0x00000002
[19:43:00.320]    DbgMCU_APB2_Fz=0x04172800
[19:43:00.320]    TraceClk_Pin=0x00040002
[19:43:00.321]    TraceD0_Pin=0x00040003
[19:43:00.321]    TraceD1_Pin=0x00040004
[19:43:00.321]    TraceD2_Pin=0x00040005
[19:43:00.321]    TraceD3_Pin=0x00040006
[19:43:00.321]    DoOptionByteLoading=0x00000000
[19:43:00.321]  </debugvars>
[19:43:00.321]  
[19:43:00.322]  <sequence name="DebugDeviceUnlock" Pname="" disable="false" info="">
[19:43:00.323]    <block atomic="false" info="">
[19:43:00.323]      Sequence("CheckID");
[19:43:00.323]        <sequence name="CheckID" Pname="" disable="false" info="">
[19:43:00.323]          <block atomic="false" info="">
[19:43:00.323]            __var pidr1 = 0;
[19:43:00.323]              // -> [pidr1 <= 0x00000000]
[19:43:00.323]            __var pidr2 = 0;
[19:43:00.324]              // -> [pidr2 <= 0x00000000]
[19:43:00.324]            __var jep106id = 0;
[19:43:00.324]              // -> [jep106id <= 0x00000000]
[19:43:00.324]            __var ROMTableBase = 0;
[19:43:00.324]              // -> [ROMTableBase <= 0x00000000]
[19:43:00.324]            __ap = 0;      // AHB-AP
[19:43:00.325]              // -> [__ap <= 0x00000000]
[19:43:00.325]            ROMTableBase = ReadAP(0xF8) & ~0x3;
[19:43:00.325]              // -> [ReadAP(0x000000F8) => 0xE00FF003]   (__dp=0x00000000, __ap=0x00000000)
[19:43:00.327]              // -> [ROMTableBase <= 0xE00FF000]
[19:43:00.327]            pidr1 = Read32(ROMTableBase + 0x0FE4);
[19:43:00.328]              // -> [Read32(0xE00FFFE4) => 0x00000004]   (__dp=0x00000000, __ap=0x00000000)
[19:43:00.328]              // -> [pidr1 <= 0x00000004]
[19:43:00.328]            pidr2 = Read32(ROMTableBase + 0x0FE8);
[19:43:00.328]              // -> [Read32(0xE00FFFE8) => 0x0000000A]   (__dp=0x00000000, __ap=0x00000000)
[19:43:00.329]              // -> [pidr2 <= 0x0000000A]
[19:43:00.329]            jep106id = ((pidr2 & 0x7) << 4 ) | ((pidr1 >> 4) & 0xF);
[19:43:00.329]              // -> [jep106id <= 0x00000020]
[19:43:00.329]          </block>
[19:43:00.329]          <control if="jep106id != 0x20" while="" timeout="0" info="">
[19:43:00.330]            // if-block "jep106id != 0x20"
[19:43:00.331]              // =>  FALSE
[19:43:00.331]            // skip if-block "jep106id != 0x20"
[19:43:00.331]          </control>
[19:43:00.332]        </sequence>
[19:43:00.332]    </block>
[19:43:00.332]  </sequence>
[19:43:00.332]  
[19:43:00.333]  **********  Sequence "DebugCoreStart"  (Context="Target Access", Pname="", info="")
[19:43:00.333]  
[19:43:00.333]  <debugvars>
[19:43:00.333]    // Pre-defined
[19:43:00.334]    __protocol=0x00010002      (Protocol="SWD", SWJ-DP="True")
[19:43:00.334]    __connection=0x00000202    (Connection Type="Flash", Reset Type="System Reset")
[19:43:00.334]    __dp=0x00000000
[19:43:00.334]    __ap=0x00000000
[19:43:00.334]    __traceout=0x00000000      (Trace Disabled)
[19:43:00.334]    __errorcontrol=0x00000000  (Skip Errors="False")
[19:43:00.335]    __FlashAddr=0x00000000
[19:43:00.335]    __FlashLen=0x00000000
[19:43:00.335]    __FlashArg=0x00000000
[19:43:00.336]    __FlashOp=0x00000000
[19:43:00.336]    __Result=0x00000000
[19:43:00.336]    
[19:43:00.336]    // User-defined
[19:43:00.336]    DbgMCU_CR=0x00000007
[19:43:00.336]    DbgMCU_APB1_Fz1=0xC060183F
[19:43:00.336]    DbgMCU_APB1_Fz2=0x00000002
[19:43:00.337]    DbgMCU_APB2_Fz=0x04172800
[19:43:00.337]    TraceClk_Pin=0x00040002
[19:43:00.337]    TraceD0_Pin=0x00040003
[19:43:00.337]    TraceD1_Pin=0x00040004
[19:43:00.338]    TraceD2_Pin=0x00040005
[19:43:00.338]    TraceD3_Pin=0x00040006
[19:43:00.338]    DoOptionByteLoading=0x00000000
[19:43:00.338]  </debugvars>
[19:43:00.338]  
[19:43:00.339]  <sequence name="DebugCoreStart" Pname="" disable="false" info="">
[19:43:00.339]    <block atomic="false" info="">
[19:43:00.339]      Write32(0xE000EDF0, 0xA05F0001);                                        // Enable Core Debug via DHCSR
[19:43:00.340]        // -> [Write32(0xE000EDF0, 0xA05F0001)]   (__dp=0x00000000, __ap=0x00000000)
[19:43:00.340]    </block>
[19:43:00.341]    <block atomic="false" info="DbgMCU registers">
[19:43:00.341]      Write32(0xE0042004, DbgMCU_CR);                                         // DBGMCU_CR: Configure MCU Debug
[19:43:00.342]        // -> [Write32(0xE0042004, 0x00000007)]   (__dp=0x00000000, __ap=0x00000000)
[19:43:00.342]      Write32(0xE0042008, DbgMCU_APB1_Fz1);                                   // DBGMCU_APB1_FZ1: Configure APB1 Peripheral Freeze Behavior
[19:43:00.343]        // -> [Write32(0xE0042008, 0xC060183F)]   (__dp=0x00000000, __ap=0x00000000)
[19:43:00.343]      Write32(0xE004200C, DbgMCU_APB1_Fz2);                                   // DBGMCU_APB1_FZ2: Configure APB1 Peripheral Freeze Behavior
[19:43:00.343]        // -> [Write32(0xE004200C, 0x00000002)]   (__dp=0x00000000, __ap=0x00000000)
[19:43:00.343]      Write32(0xE0042010, DbgMCU_APB2_Fz);                                    // DBGMCU_APB2_FZ: Configure APB2 Peripheral Freeze Behavior
[19:43:00.344]        // -> [Write32(0xE0042010, 0x04172800)]   (__dp=0x00000000, __ap=0x00000000)
[19:43:00.344]    </block>
[19:43:00.345]  </sequence>
[19:43:00.345]  
[19:43:04.694]  **********  Sequence "DebugPortStop"  (Context="Disconnect", Pname="", info="")
[19:43:04.694]  
[19:43:04.694]  <debugvars>
[19:43:04.694]    // Pre-defined
[19:43:04.694]    __protocol=0x00010002      (Protocol="SWD", SWJ-DP="True")
[19:43:04.694]    __connection=0x00000202    (Connection Type="Flash", Reset Type="System Reset")
[19:43:04.694]    __dp=0x00000000
[19:43:04.696]    __ap=0x00000000
[19:43:04.696]    __traceout=0x00000000      (Trace Disabled)
[19:43:04.696]    __errorcontrol=0x00000000  (Skip Errors="False")
[19:43:04.696]    __FlashAddr=0x00000000
[19:43:04.697]    __FlashLen=0x00000000
[19:43:04.697]    __FlashArg=0x00000000
[19:43:04.697]    __FlashOp=0x00000000
[19:43:04.697]    __Result=0x00000000
[19:43:04.697]    
[19:43:04.697]    // User-defined
[19:43:04.698]    DbgMCU_CR=0x00000007
[19:43:04.698]    DbgMCU_APB1_Fz1=0xC060183F
[19:43:04.698]    DbgMCU_APB1_Fz2=0x00000002
[19:43:04.698]    DbgMCU_APB2_Fz=0x04172800
[19:43:04.698]    TraceClk_Pin=0x00040002
[19:43:04.699]    TraceD0_Pin=0x00040003
[19:43:04.699]    TraceD1_Pin=0x00040004
[19:43:04.699]    TraceD2_Pin=0x00040005
[19:43:04.699]    TraceD3_Pin=0x00040006
[19:43:04.699]    DoOptionByteLoading=0x00000000
[19:43:04.699]  </debugvars>
[19:43:04.699]  
[19:43:04.699]  <sequence name="DebugPortStop" Pname="" disable="false" info="">
[19:43:04.700]    <block atomic="false" info="">
[19:43:04.701]      __var connectionFlash = ( __connection & 0xF ) == 2 ;
[19:43:04.701]        // -> [connectionFlash <= 0x00000001]
[19:43:04.701]      __var FLASH_BASE = 0x40022000 ;
[19:43:04.701]        // -> [FLASH_BASE <= 0x40022000]
[19:43:04.701]      __var FLASH_CR = FLASH_BASE + 0x14 ;
[19:43:04.702]        // -> [FLASH_CR <= 0x40022014]
[19:43:04.702]      __var OBL_LAUNCH_BIT = ( 1 << 27 ) ;
[19:43:04.702]        // -> [OBL_LAUNCH_BIT <= 0x08000000]
[19:43:04.702]      __var LOCK_BIT = ( 1 << 31 ) ;
[19:43:04.702]        // -> [LOCK_BIT <= 0x80000000]
[19:43:04.702]      __var OPTLOCK_BIT = ( 1 << 30 ) ;
[19:43:04.702]        // -> [OPTLOCK_BIT <= 0x40000000]
[19:43:04.702]      __var FLASH_KEYR = FLASH_BASE + 0x08 ;
[19:43:04.702]        // -> [FLASH_KEYR <= 0x40022008]
[19:43:04.703]      __var FLASH_KEY1 = 0x45670123 ;
[19:43:04.703]        // -> [FLASH_KEY1 <= 0x45670123]
[19:43:04.703]      __var FLASH_KEY2 = 0xCDEF89AB ;
[19:43:04.704]        // -> [FLASH_KEY2 <= 0xCDEF89AB]
[19:43:04.704]      __var FLASH_OPTKEYR = FLASH_BASE + 0x0C ;
[19:43:04.704]        // -> [FLASH_OPTKEYR <= 0x4002200C]
[19:43:04.704]      __var FLASH_OPTKEY1 = 0x08192A3B ;
[19:43:04.704]        // -> [FLASH_OPTKEY1 <= 0x08192A3B]
[19:43:04.705]      __var FLASH_OPTKEY2 = 0x4C5D6E7F ;
[19:43:04.705]        // -> [FLASH_OPTKEY2 <= 0x4C5D6E7F]
[19:43:04.706]      __var FLASH_CR_Value = 0 ;
[19:43:04.706]        // -> [FLASH_CR_Value <= 0x00000000]
[19:43:04.707]      __var DoDebugPortStop = 1 ;
[19:43:04.707]        // -> [DoDebugPortStop <= 0x00000001]
[19:43:04.707]      __var DP_CTRL_STAT = 0x4 ;
[19:43:04.707]        // -> [DP_CTRL_STAT <= 0x00000004]
[19:43:04.707]      __var DP_SELECT = 0x8 ;
[19:43:04.708]        // -> [DP_SELECT <= 0x00000008]
[19:43:04.708]    </block>
[19:43:04.708]    <control if="connectionFlash && DoOptionByteLoading" while="" timeout="0" info="">
[19:43:04.708]      // if-block "connectionFlash && DoOptionByteLoading"
[19:43:04.708]        // =>  FALSE
[19:43:04.708]      // skip if-block "connectionFlash && DoOptionByteLoading"
[19:43:04.708]    </control>
[19:43:04.708]    <control if="DoDebugPortStop" while="" timeout="0" info="">
[19:43:04.709]      // if-block "DoDebugPortStop"
[19:43:04.709]        // =>  TRUE
[19:43:04.709]      <block atomic="false" info="">
[19:43:04.709]        WriteDP(DP_SELECT, 0x00000000);
[19:43:04.710]          // -> [WriteDP(0x00000008, 0x00000000)]   (__dp=0x00000000)
[19:43:04.710]        WriteDP(DP_CTRL_STAT, 0x00000000);
[19:43:04.710]          // -> [WriteDP(0x00000004, 0x00000000)]   (__dp=0x00000000)
[19:43:04.710]      </block>
[19:43:04.711]      // end if-block "DoDebugPortStop"
[19:43:04.711]    </control>
[19:43:04.712]  </sequence>
[19:43:04.712]  
