/*
 *  CMSIS Pack Debug Access Sequence Log
 *  File        : E:\个人学习\逆变器\逆变器控制板\STM32G474RBT3_RTThread_Safe_v2.3.0_20260829\STM32G474RBT3_RTThread_Safe_v2.3.0\STM32G474_RTThread_Sequences_0007.log
 *  Created     : 20:01:41 (29/08/2026)
 *  Device      : STM32G474RBTx
 *  PDSC File   : D:/Keil/Keil/packs/Keil/STM32G4xx_DFP/2.2.0/Keil.STM32G4xx_DFP.pdsc
 *  Config File : E:\个人学习\逆变器\逆变器控制板\STM32G474RBT3_RTThread_Safe_v2.3.0_20260829\STM32G474RBT3_RTThread_Safe_v2.3.0\DebugConfig\STM32G474_RTThread_Safe_STM32G474RBTx_1.0.1.dbgconf
 *
 */

[20:01:41.301]  **********  Sequence "DebugDeviceUnlock"  (Context="Target Access", Pname="", info="")
[20:01:41.301]  
[20:01:41.301]  <debugvars>
[20:01:41.301]    // Pre-defined
[20:01:41.301]    __protocol=0x00010002      (Protocol="SWD", SWJ-DP="True")
[20:01:41.301]    __connection=0x00000202    (Connection Type="Flash", Reset Type="System Reset")
[20:01:41.301]    __dp=0x00000000
[20:01:41.301]    __ap=0x00000000
[20:01:41.301]    __traceout=0x00000000      (Trace Disabled)
[20:01:41.302]    __errorcontrol=0x00000000  (Skip Errors="False")
[20:01:41.302]    __FlashAddr=0x00000000
[20:01:41.302]    __FlashLen=0x00000000
[20:01:41.303]    __FlashArg=0x00000000
[20:01:41.303]    __FlashOp=0x00000000
[20:01:41.303]    __Result=0x00000000
[20:01:41.303]    
[20:01:41.303]    // User-defined
[20:01:41.303]    DbgMCU_CR=0x00000007
[20:01:41.305]    DbgMCU_APB1_Fz1=0xC060183F
[20:01:41.305]    DbgMCU_APB1_Fz2=0x00000002
[20:01:41.305]    DbgMCU_APB2_Fz=0x04172800
[20:01:41.305]    TraceClk_Pin=0x00040002
[20:01:41.306]    TraceD0_Pin=0x00040003
[20:01:41.306]    TraceD1_Pin=0x00040004
[20:01:41.306]    TraceD2_Pin=0x00040005
[20:01:41.306]    TraceD3_Pin=0x00040006
[20:01:41.307]    DoOptionByteLoading=0x00000000
[20:01:41.307]  </debugvars>
[20:01:41.307]  
[20:01:41.307]  <sequence name="DebugDeviceUnlock" Pname="" disable="false" info="">
[20:01:41.308]    <block atomic="false" info="">
[20:01:41.308]      Sequence("CheckID");
[20:01:41.308]        <sequence name="CheckID" Pname="" disable="false" info="">
[20:01:41.308]          <block atomic="false" info="">
[20:01:41.308]            __var pidr1 = 0;
[20:01:41.308]              // -> [pidr1 <= 0x00000000]
[20:01:41.308]            __var pidr2 = 0;
[20:01:41.309]              // -> [pidr2 <= 0x00000000]
[20:01:41.310]            __var jep106id = 0;
[20:01:41.310]              // -> [jep106id <= 0x00000000]
[20:01:41.310]            __var ROMTableBase = 0;
[20:01:41.310]              // -> [ROMTableBase <= 0x00000000]
[20:01:41.310]            __ap = 0;      // AHB-AP
[20:01:41.311]              // -> [__ap <= 0x00000000]
[20:01:41.311]            ROMTableBase = ReadAP(0xF8) & ~0x3;
[20:01:41.312]              // -> [ReadAP(0x000000F8) => 0xE00FF003]   (__dp=0x00000000, __ap=0x00000000)
[20:01:41.312]              // -> [ROMTableBase <= 0xE00FF000]
[20:01:41.312]            pidr1 = Read32(ROMTableBase + 0x0FE4);
[20:01:41.313]              // -> [Read32(0xE00FFFE4) => 0x00000004]   (__dp=0x00000000, __ap=0x00000000)
[20:01:41.313]              // -> [pidr1 <= 0x00000004]
[20:01:41.313]            pidr2 = Read32(ROMTableBase + 0x0FE8);
[20:01:41.314]              // -> [Read32(0xE00FFFE8) => 0x0000000A]   (__dp=0x00000000, __ap=0x00000000)
[20:01:41.314]              // -> [pidr2 <= 0x0000000A]
[20:01:41.314]            jep106id = ((pidr2 & 0x7) << 4 ) | ((pidr1 >> 4) & 0xF);
[20:01:41.314]              // -> [jep106id <= 0x00000020]
[20:01:41.315]          </block>
[20:01:41.315]          <control if="jep106id != 0x20" while="" timeout="0" info="">
[20:01:41.315]            // if-block "jep106id != 0x20"
[20:01:41.315]              // =>  FALSE
[20:01:41.315]            // skip if-block "jep106id != 0x20"
[20:01:41.316]          </control>
[20:01:41.317]        </sequence>
[20:01:41.317]    </block>
[20:01:41.317]  </sequence>
[20:01:41.318]  
[20:01:41.318]  **********  Sequence "DebugCoreStart"  (Context="Target Access", Pname="", info="")
[20:01:41.318]  
[20:01:41.318]  <debugvars>
[20:01:41.318]    // Pre-defined
[20:01:41.319]    __protocol=0x00010002      (Protocol="SWD", SWJ-DP="True")
[20:01:41.319]    __connection=0x00000202    (Connection Type="Flash", Reset Type="System Reset")
[20:01:41.320]    __dp=0x00000000
[20:01:41.320]    __ap=0x00000000
[20:01:41.320]    __traceout=0x00000000      (Trace Disabled)
[20:01:41.320]    __errorcontrol=0x00000000  (Skip Errors="False")
[20:01:41.320]    __FlashAddr=0x00000000
[20:01:41.320]    __FlashLen=0x00000000
[20:01:41.320]    __FlashArg=0x00000000
[20:01:41.321]    __FlashOp=0x00000000
[20:01:41.321]    __Result=0x00000000
[20:01:41.321]    
[20:01:41.321]    // User-defined
[20:01:41.322]    DbgMCU_CR=0x00000007
[20:01:41.322]    DbgMCU_APB1_Fz1=0xC060183F
[20:01:41.322]    DbgMCU_APB1_Fz2=0x00000002
[20:01:41.322]    DbgMCU_APB2_Fz=0x04172800
[20:01:41.323]    TraceClk_Pin=0x00040002
[20:01:41.323]    TraceD0_Pin=0x00040003
[20:01:41.323]    TraceD1_Pin=0x00040004
[20:01:41.323]    TraceD2_Pin=0x00040005
[20:01:41.323]    TraceD3_Pin=0x00040006
[20:01:41.323]    DoOptionByteLoading=0x00000000
[20:01:41.323]  </debugvars>
[20:01:41.323]  
[20:01:41.324]  <sequence name="DebugCoreStart" Pname="" disable="false" info="">
[20:01:41.324]    <block atomic="false" info="">
[20:01:41.324]      Write32(0xE000EDF0, 0xA05F0001);                                        // Enable Core Debug via DHCSR
[20:01:41.325]        // -> [Write32(0xE000EDF0, 0xA05F0001)]   (__dp=0x00000000, __ap=0x00000000)
[20:01:41.325]    </block>
[20:01:41.325]    <block atomic="false" info="DbgMCU registers">
[20:01:41.326]      Write32(0xE0042004, DbgMCU_CR);                                         // DBGMCU_CR: Configure MCU Debug
[20:01:41.326]        // -> [Write32(0xE0042004, 0x00000007)]   (__dp=0x00000000, __ap=0x00000000)
[20:01:41.327]      Write32(0xE0042008, DbgMCU_APB1_Fz1);                                   // DBGMCU_APB1_FZ1: Configure APB1 Peripheral Freeze Behavior
[20:01:41.327]        // -> [Write32(0xE0042008, 0xC060183F)]   (__dp=0x00000000, __ap=0x00000000)
[20:01:41.328]      Write32(0xE004200C, DbgMCU_APB1_Fz2);                                   // DBGMCU_APB1_FZ2: Configure APB1 Peripheral Freeze Behavior
[20:01:41.328]        // -> [Write32(0xE004200C, 0x00000002)]   (__dp=0x00000000, __ap=0x00000000)
[20:01:41.328]      Write32(0xE0042010, DbgMCU_APB2_Fz);                                    // DBGMCU_APB2_FZ: Configure APB2 Peripheral Freeze Behavior
[20:01:41.329]        // -> [Write32(0xE0042010, 0x04172800)]   (__dp=0x00000000, __ap=0x00000000)
[20:01:41.329]    </block>
[20:01:41.330]  </sequence>
[20:01:41.330]  
[20:01:45.719]  **********  Sequence "DebugPortStop"  (Context="Disconnect", Pname="", info="")
[20:01:45.719]  
[20:01:45.719]  <debugvars>
[20:01:45.720]    // Pre-defined
[20:01:45.720]    __protocol=0x00010002      (Protocol="SWD", SWJ-DP="True")
[20:01:45.720]    __connection=0x00000202    (Connection Type="Flash", Reset Type="System Reset")
[20:01:45.720]    __dp=0x00000000
[20:01:45.720]    __ap=0x00000000
[20:01:45.720]    __traceout=0x00000000      (Trace Disabled)
[20:01:45.720]    __errorcontrol=0x00000000  (Skip Errors="False")
[20:01:45.720]    __FlashAddr=0x00000000
[20:01:45.720]    __FlashLen=0x00000000
[20:01:45.720]    __FlashArg=0x00000000
[20:01:45.721]    __FlashOp=0x00000000
[20:01:45.722]    __Result=0x00000000
[20:01:45.722]    
[20:01:45.722]    // User-defined
[20:01:45.722]    DbgMCU_CR=0x00000007
[20:01:45.722]    DbgMCU_APB1_Fz1=0xC060183F
[20:01:45.722]    DbgMCU_APB1_Fz2=0x00000002
[20:01:45.722]    DbgMCU_APB2_Fz=0x04172800
[20:01:45.723]    TraceClk_Pin=0x00040002
[20:01:45.723]    TraceD0_Pin=0x00040003
[20:01:45.723]    TraceD1_Pin=0x00040004
[20:01:45.723]    TraceD2_Pin=0x00040005
[20:01:45.723]    TraceD3_Pin=0x00040006
[20:01:45.723]    DoOptionByteLoading=0x00000000
[20:01:45.723]  </debugvars>
[20:01:45.723]  
[20:01:45.723]  <sequence name="DebugPortStop" Pname="" disable="false" info="">
[20:01:45.724]    <block atomic="false" info="">
[20:01:45.724]      __var connectionFlash = ( __connection & 0xF ) == 2 ;
[20:01:45.724]        // -> [connectionFlash <= 0x00000001]
[20:01:45.724]      __var FLASH_BASE = 0x40022000 ;
[20:01:45.724]        // -> [FLASH_BASE <= 0x40022000]
[20:01:45.725]      __var FLASH_CR = FLASH_BASE + 0x14 ;
[20:01:45.725]        // -> [FLASH_CR <= 0x40022014]
[20:01:45.726]      __var OBL_LAUNCH_BIT = ( 1 << 27 ) ;
[20:01:45.727]        // -> [OBL_LAUNCH_BIT <= 0x08000000]
[20:01:45.727]      __var LOCK_BIT = ( 1 << 31 ) ;
[20:01:45.727]        // -> [LOCK_BIT <= 0x80000000]
[20:01:45.727]      __var OPTLOCK_BIT = ( 1 << 30 ) ;
[20:01:45.727]        // -> [OPTLOCK_BIT <= 0x40000000]
[20:01:45.728]      __var FLASH_KEYR = FLASH_BASE + 0x08 ;
[20:01:45.728]        // -> [FLASH_KEYR <= 0x40022008]
[20:01:45.728]      __var FLASH_KEY1 = 0x45670123 ;
[20:01:45.728]        // -> [FLASH_KEY1 <= 0x45670123]
[20:01:45.728]      __var FLASH_KEY2 = 0xCDEF89AB ;
[20:01:45.728]        // -> [FLASH_KEY2 <= 0xCDEF89AB]
[20:01:45.729]      __var FLASH_OPTKEYR = FLASH_BASE + 0x0C ;
[20:01:45.729]        // -> [FLASH_OPTKEYR <= 0x4002200C]
[20:01:45.729]      __var FLASH_OPTKEY1 = 0x08192A3B ;
[20:01:45.730]        // -> [FLASH_OPTKEY1 <= 0x08192A3B]
[20:01:45.730]      __var FLASH_OPTKEY2 = 0x4C5D6E7F ;
[20:01:45.730]        // -> [FLASH_OPTKEY2 <= 0x4C5D6E7F]
[20:01:45.730]      __var FLASH_CR_Value = 0 ;
[20:01:45.730]        // -> [FLASH_CR_Value <= 0x00000000]
[20:01:45.730]      __var DoDebugPortStop = 1 ;
[20:01:45.730]        // -> [DoDebugPortStop <= 0x00000001]
[20:01:45.730]      __var DP_CTRL_STAT = 0x4 ;
[20:01:45.730]        // -> [DP_CTRL_STAT <= 0x00000004]
[20:01:45.731]      __var DP_SELECT = 0x8 ;
[20:01:45.732]        // -> [DP_SELECT <= 0x00000008]
[20:01:45.732]    </block>
[20:01:45.732]    <control if="connectionFlash && DoOptionByteLoading" while="" timeout="0" info="">
[20:01:45.732]      // if-block "connectionFlash && DoOptionByteLoading"
[20:01:45.732]        // =>  FALSE
[20:01:45.732]      // skip if-block "connectionFlash && DoOptionByteLoading"
[20:01:45.733]    </control>
[20:01:45.733]    <control if="DoDebugPortStop" while="" timeout="0" info="">
[20:01:45.733]      // if-block "DoDebugPortStop"
[20:01:45.733]        // =>  TRUE
[20:01:45.734]      <block atomic="false" info="">
[20:01:45.734]        WriteDP(DP_SELECT, 0x00000000);
[20:01:45.734]          // -> [WriteDP(0x00000008, 0x00000000)]   (__dp=0x00000000)
[20:01:45.734]        WriteDP(DP_CTRL_STAT, 0x00000000);
[20:01:45.735]          // -> [WriteDP(0x00000004, 0x00000000)]   (__dp=0x00000000)
[20:01:45.735]      </block>
[20:01:45.735]      // end if-block "DoDebugPortStop"
[20:01:45.735]    </control>
[20:01:45.735]  </sequence>
[20:01:45.737]  
