/*
 *  CMSIS Pack Debug Access Sequence Log
 *  File        : E:\个人学习\逆变器\逆变器控制板\STM32G474RBT3_RTThread_Safe_v2.3.0_20260829\STM32G474RBT3_RTThread_Safe_v2.3.0\STM32G474_RTThread_Sequences_0025.log
 *  Created     : 13:06:09 (30/08/2026)
 *  Device      : STM32G474RBTx
 *  PDSC File   : D:/Keil/Keil/packs/Keil/STM32G4xx_DFP/2.2.0/Keil.STM32G4xx_DFP.pdsc
 *  Config File : E:\个人学习\逆变器\逆变器控制板\STM32G474RBT3_RTThread_Safe_v2.3.0_20260829\STM32G474RBT3_RTThread_Safe_v2.3.0\DebugConfig\STM32G474_RTThread_Safe_STM32G474RBTx_1.0.1.dbgconf
 *
 */

[13:06:09.222]  **********  Sequence "DebugDeviceUnlock"  (Context="Target Access", Pname="", info="")
[13:06:09.222]  
[13:06:09.222]  <debugvars>
[13:06:09.222]    // Pre-defined
[13:06:09.224]    __protocol=0x00010002      (Protocol="SWD", SWJ-DP="True")
[13:06:09.224]    __connection=0x00000202    (Connection Type="Flash", Reset Type="System Reset")
[13:06:09.224]    __dp=0x00000000
[13:06:09.224]    __ap=0x00000000
[13:06:09.224]    __traceout=0x00000000      (Trace Disabled)
[13:06:09.224]    __errorcontrol=0x00000000  (Skip Errors="False")
[13:06:09.225]    __FlashAddr=0x00000000
[13:06:09.225]    __FlashLen=0x00000000
[13:06:09.225]    __FlashArg=0x00000000
[13:06:09.225]    __FlashOp=0x00000000
[13:06:09.225]    __Result=0x00000000
[13:06:09.225]    
[13:06:09.225]    // User-defined
[13:06:09.227]    DbgMCU_CR=0x00000007
[13:06:09.227]    DbgMCU_APB1_Fz1=0xC060183F
[13:06:09.227]    DbgMCU_APB1_Fz2=0x00000002
[13:06:09.227]    DbgMCU_APB2_Fz=0x04172800
[13:06:09.227]    TraceClk_Pin=0x00040002
[13:06:09.227]    TraceD0_Pin=0x00040003
[13:06:09.227]    TraceD1_Pin=0x00040004
[13:06:09.228]    TraceD2_Pin=0x00040005
[13:06:09.228]    TraceD3_Pin=0x00040006
[13:06:09.229]    DoOptionByteLoading=0x00000000
[13:06:09.230]  </debugvars>
[13:06:09.230]  
[13:06:09.230]  <sequence name="DebugDeviceUnlock" Pname="" disable="false" info="">
[13:06:09.230]    <block atomic="false" info="">
[13:06:09.230]      Sequence("CheckID");
[13:06:09.231]        <sequence name="CheckID" Pname="" disable="false" info="">
[13:06:09.231]          <block atomic="false" info="">
[13:06:09.231]            __var pidr1 = 0;
[13:06:09.232]              // -> [pidr1 <= 0x00000000]
[13:06:09.232]            __var pidr2 = 0;
[13:06:09.232]              // -> [pidr2 <= 0x00000000]
[13:06:09.233]            __var jep106id = 0;
[13:06:09.233]              // -> [jep106id <= 0x00000000]
[13:06:09.233]            __var ROMTableBase = 0;
[13:06:09.233]              // -> [ROMTableBase <= 0x00000000]
[13:06:09.233]            __ap = 0;      // AHB-AP
[13:06:09.234]              // -> [__ap <= 0x00000000]
[13:06:09.234]            ROMTableBase = ReadAP(0xF8) & ~0x3;
[13:06:09.235]              // -> [ReadAP(0x000000F8) => 0xE00FF003]   (__dp=0x00000000, __ap=0x00000000)
[13:06:09.235]              // -> [ROMTableBase <= 0xE00FF000]
[13:06:09.235]            pidr1 = Read32(ROMTableBase + 0x0FE4);
[13:06:09.236]              // -> [Read32(0xE00FFFE4) => 0x00000004]   (__dp=0x00000000, __ap=0x00000000)
[13:06:09.236]              // -> [pidr1 <= 0x00000004]
[13:06:09.236]            pidr2 = Read32(ROMTableBase + 0x0FE8);
[13:06:09.237]              // -> [Read32(0xE00FFFE8) => 0x0000000A]   (__dp=0x00000000, __ap=0x00000000)
[13:06:09.237]              // -> [pidr2 <= 0x0000000A]
[13:06:09.237]            jep106id = ((pidr2 & 0x7) << 4 ) | ((pidr1 >> 4) & 0xF);
[13:06:09.237]              // -> [jep106id <= 0x00000020]
[13:06:09.237]          </block>
[13:06:09.237]          <control if="jep106id != 0x20" while="" timeout="0" info="">
[13:06:09.237]            // if-block "jep106id != 0x20"
[13:06:09.238]              // =>  FALSE
[13:06:09.239]            // skip if-block "jep106id != 0x20"
[13:06:09.239]          </control>
[13:06:09.239]        </sequence>
[13:06:09.239]    </block>
[13:06:09.239]  </sequence>
[13:06:09.239]  
[13:06:09.240]  **********  Sequence "DebugCoreStart"  (Context="Target Access", Pname="", info="")
[13:06:09.240]  
[13:06:09.240]  <debugvars>
[13:06:09.240]    // Pre-defined
[13:06:09.241]    __protocol=0x00010002      (Protocol="SWD", SWJ-DP="True")
[13:06:09.241]    __connection=0x00000202    (Connection Type="Flash", Reset Type="System Reset")
[13:06:09.241]    __dp=0x00000000
[13:06:09.241]    __ap=0x00000000
[13:06:09.242]    __traceout=0x00000000      (Trace Disabled)
[13:06:09.242]    __errorcontrol=0x00000000  (Skip Errors="False")
[13:06:09.242]    __FlashAddr=0x00000000
[13:06:09.242]    __FlashLen=0x00000000
[13:06:09.243]    __FlashArg=0x00000000
[13:06:09.243]    __FlashOp=0x00000000
[13:06:09.243]    __Result=0x00000000
[13:06:09.243]    
[13:06:09.243]    // User-defined
[13:06:09.244]    DbgMCU_CR=0x00000007
[13:06:09.244]    DbgMCU_APB1_Fz1=0xC060183F
[13:06:09.244]    DbgMCU_APB1_Fz2=0x00000002
[13:06:09.244]    DbgMCU_APB2_Fz=0x04172800
[13:06:09.244]    TraceClk_Pin=0x00040002
[13:06:09.244]    TraceD0_Pin=0x00040003
[13:06:09.244]    TraceD1_Pin=0x00040004
[13:06:09.246]    TraceD2_Pin=0x00040005
[13:06:09.246]    TraceD3_Pin=0x00040006
[13:06:09.246]    DoOptionByteLoading=0x00000000
[13:06:09.246]  </debugvars>
[13:06:09.246]  
[13:06:09.247]  <sequence name="DebugCoreStart" Pname="" disable="false" info="">
[13:06:09.247]    <block atomic="false" info="">
[13:06:09.247]      Write32(0xE000EDF0, 0xA05F0001);                                        // Enable Core Debug via DHCSR
[13:06:09.248]        // -> [Write32(0xE000EDF0, 0xA05F0001)]   (__dp=0x00000000, __ap=0x00000000)
[13:06:09.248]    </block>
[13:06:09.249]    <block atomic="false" info="DbgMCU registers">
[13:06:09.249]      Write32(0xE0042004, DbgMCU_CR);                                         // DBGMCU_CR: Configure MCU Debug
[13:06:09.250]        // -> [Write32(0xE0042004, 0x00000007)]   (__dp=0x00000000, __ap=0x00000000)
[13:06:09.250]      Write32(0xE0042008, DbgMCU_APB1_Fz1);                                   // DBGMCU_APB1_FZ1: Configure APB1 Peripheral Freeze Behavior
[13:06:09.251]        // -> [Write32(0xE0042008, 0xC060183F)]   (__dp=0x00000000, __ap=0x00000000)
[13:06:09.251]      Write32(0xE004200C, DbgMCU_APB1_Fz2);                                   // DBGMCU_APB1_FZ2: Configure APB1 Peripheral Freeze Behavior
[13:06:09.252]        // -> [Write32(0xE004200C, 0x00000002)]   (__dp=0x00000000, __ap=0x00000000)
[13:06:09.252]      Write32(0xE0042010, DbgMCU_APB2_Fz);                                    // DBGMCU_APB2_FZ: Configure APB2 Peripheral Freeze Behavior
[13:06:09.252]        // -> [Write32(0xE0042010, 0x04172800)]   (__dp=0x00000000, __ap=0x00000000)
[13:06:09.252]    </block>
[13:06:09.252]  </sequence>
[13:06:09.252]  
[13:06:13.960]  **********  Sequence "DebugPortStop"  (Context="Disconnect", Pname="", info="")
[13:06:13.960]  
[13:06:13.961]  <debugvars>
[13:06:13.961]    // Pre-defined
[13:06:13.961]    __protocol=0x00010002      (Protocol="SWD", SWJ-DP="True")
[13:06:13.961]    __connection=0x00000202    (Connection Type="Flash", Reset Type="System Reset")
[13:06:13.962]    __dp=0x00000000
[13:06:13.962]    __ap=0x00000000
[13:06:13.962]    __traceout=0x00000000      (Trace Disabled)
[13:06:13.963]    __errorcontrol=0x00000000  (Skip Errors="False")
[13:06:13.963]    __FlashAddr=0x00000000
[13:06:13.964]    __FlashLen=0x00000000
[13:06:13.964]    __FlashArg=0x00000000
[13:06:13.964]    __FlashOp=0x00000000
[13:06:13.964]    __Result=0x00000000
[13:06:13.964]    
[13:06:13.964]    // User-defined
[13:06:13.965]    DbgMCU_CR=0x00000007
[13:06:13.965]    DbgMCU_APB1_Fz1=0xC060183F
[13:06:13.965]    DbgMCU_APB1_Fz2=0x00000002
[13:06:13.965]    DbgMCU_APB2_Fz=0x04172800
[13:06:13.965]    TraceClk_Pin=0x00040002
[13:06:13.966]    TraceD0_Pin=0x00040003
[13:06:13.966]    TraceD1_Pin=0x00040004
[13:06:13.966]    TraceD2_Pin=0x00040005
[13:06:13.966]    TraceD3_Pin=0x00040006
[13:06:13.966]    DoOptionByteLoading=0x00000000
[13:06:13.967]  </debugvars>
[13:06:13.967]  
[13:06:13.967]  <sequence name="DebugPortStop" Pname="" disable="false" info="">
[13:06:13.969]    <block atomic="false" info="">
[13:06:13.969]      __var connectionFlash = ( __connection & 0xF ) == 2 ;
[13:06:13.969]        // -> [connectionFlash <= 0x00000001]
[13:06:13.969]      __var FLASH_BASE = 0x40022000 ;
[13:06:13.970]        // -> [FLASH_BASE <= 0x40022000]
[13:06:13.970]      __var FLASH_CR = FLASH_BASE + 0x14 ;
[13:06:13.970]        // -> [FLASH_CR <= 0x40022014]
[13:06:13.970]      __var OBL_LAUNCH_BIT = ( 1 << 27 ) ;
[13:06:13.970]        // -> [OBL_LAUNCH_BIT <= 0x08000000]
[13:06:13.971]      __var LOCK_BIT = ( 1 << 31 ) ;
[13:06:13.971]        // -> [LOCK_BIT <= 0x80000000]
[13:06:13.971]      __var OPTLOCK_BIT = ( 1 << 30 ) ;
[13:06:13.971]        // -> [OPTLOCK_BIT <= 0x40000000]
[13:06:13.971]      __var FLASH_KEYR = FLASH_BASE + 0x08 ;
[13:06:13.972]        // -> [FLASH_KEYR <= 0x40022008]
[13:06:13.972]      __var FLASH_KEY1 = 0x45670123 ;
[13:06:13.972]        // -> [FLASH_KEY1 <= 0x45670123]
[13:06:13.973]      __var FLASH_KEY2 = 0xCDEF89AB ;
[13:06:13.973]        // -> [FLASH_KEY2 <= 0xCDEF89AB]
[13:06:13.973]      __var FLASH_OPTKEYR = FLASH_BASE + 0x0C ;
[13:06:13.973]        // -> [FLASH_OPTKEYR <= 0x4002200C]
[13:06:13.973]      __var FLASH_OPTKEY1 = 0x08192A3B ;
[13:06:13.973]        // -> [FLASH_OPTKEY1 <= 0x08192A3B]
[13:06:13.974]      __var FLASH_OPTKEY2 = 0x4C5D6E7F ;
[13:06:13.974]        // -> [FLASH_OPTKEY2 <= 0x4C5D6E7F]
[13:06:13.975]      __var FLASH_CR_Value = 0 ;
[13:06:13.975]        // -> [FLASH_CR_Value <= 0x00000000]
[13:06:13.975]      __var DoDebugPortStop = 1 ;
[13:06:13.975]        // -> [DoDebugPortStop <= 0x00000001]
[13:06:13.975]      __var DP_CTRL_STAT = 0x4 ;
[13:06:13.975]        // -> [DP_CTRL_STAT <= 0x00000004]
[13:06:13.975]      __var DP_SELECT = 0x8 ;
[13:06:13.976]        // -> [DP_SELECT <= 0x00000008]
[13:06:13.976]    </block>
[13:06:13.976]    <control if="connectionFlash && DoOptionByteLoading" while="" timeout="0" info="">
[13:06:13.977]      // if-block "connectionFlash && DoOptionByteLoading"
[13:06:13.977]        // =>  FALSE
[13:06:13.977]      // skip if-block "connectionFlash && DoOptionByteLoading"
[13:06:13.977]    </control>
[13:06:13.978]    <control if="DoDebugPortStop" while="" timeout="0" info="">
[13:06:13.978]      // if-block "DoDebugPortStop"
[13:06:13.978]        // =>  TRUE
[13:06:13.979]      <block atomic="false" info="">
[13:06:13.979]        WriteDP(DP_SELECT, 0x00000000);
[13:06:13.979]          // -> [WriteDP(0x00000008, 0x00000000)]   (__dp=0x00000000)
[13:06:13.979]        WriteDP(DP_CTRL_STAT, 0x00000000);
[13:06:13.980]          // -> [WriteDP(0x00000004, 0x00000000)]   (__dp=0x00000000)
[13:06:13.980]      </block>
[13:06:13.980]      // end if-block "DoDebugPortStop"
[13:06:13.980]    </control>
[13:06:13.981]  </sequence>
[13:06:13.981]  
