/*
 *  CMSIS Pack Debug Access Sequence Log
 *  File        : E:\个人学习\逆变器\逆变器控制板\STM32G474RBT3_RTThread_Safe_v2.3.0_20260829\STM32G474RBT3_RTThread_Safe_v2.3.0\STM32G474_RTThread_Sequences_0010.log
 *  Created     : 20:28:37 (29/08/2026)
 *  Device      : STM32G474RBTx
 *  PDSC File   : D:/Keil/Keil/packs/Keil/STM32G4xx_DFP/2.2.0/Keil.STM32G4xx_DFP.pdsc
 *  Config File : E:\个人学习\逆变器\逆变器控制板\STM32G474RBT3_RTThread_Safe_v2.3.0_20260829\STM32G474RBT3_RTThread_Safe_v2.3.0\DebugConfig\STM32G474_RTThread_Safe_STM32G474RBTx_1.0.1.dbgconf
 *
 */

[20:28:37.879]  **********  Sequence "DebugDeviceUnlock"  (Context="Target Access", Pname="", info="")
[20:28:37.879]  
[20:28:37.879]  <debugvars>
[20:28:37.879]    // Pre-defined
[20:28:37.879]    __protocol=0x00010002      (Protocol="SWD", SWJ-DP="True")
[20:28:37.879]    __connection=0x00000202    (Connection Type="Flash", Reset Type="System Reset")
[20:28:37.879]    __dp=0x00000000
[20:28:37.880]    __ap=0x00000000
[20:28:37.880]    __traceout=0x00000000      (Trace Disabled)
[20:28:37.881]    __errorcontrol=0x00000000  (Skip Errors="False")
[20:28:37.881]    __FlashAddr=0x00000000
[20:28:37.882]    __FlashLen=0x00000000
[20:28:37.882]    __FlashArg=0x00000000
[20:28:37.882]    __FlashOp=0x00000000
[20:28:37.883]    __Result=0x00000000
[20:28:37.883]    
[20:28:37.883]    // User-defined
[20:28:37.883]    DbgMCU_CR=0x00000007
[20:28:37.883]    DbgMCU_APB1_Fz1=0xC060183F
[20:28:37.884]    DbgMCU_APB1_Fz2=0x00000002
[20:28:37.884]    DbgMCU_APB2_Fz=0x04172800
[20:28:37.884]    TraceClk_Pin=0x00040002
[20:28:37.884]    TraceD0_Pin=0x00040003
[20:28:37.884]    TraceD1_Pin=0x00040004
[20:28:37.885]    TraceD2_Pin=0x00040005
[20:28:37.885]    TraceD3_Pin=0x00040006
[20:28:37.885]    DoOptionByteLoading=0x00000000
[20:28:37.885]  </debugvars>
[20:28:37.886]  
[20:28:37.887]  <sequence name="DebugDeviceUnlock" Pname="" disable="false" info="">
[20:28:37.887]    <block atomic="false" info="">
[20:28:37.887]      Sequence("CheckID");
[20:28:37.887]        <sequence name="CheckID" Pname="" disable="false" info="">
[20:28:37.887]          <block atomic="false" info="">
[20:28:37.887]            __var pidr1 = 0;
[20:28:37.887]              // -> [pidr1 <= 0x00000000]
[20:28:37.888]            __var pidr2 = 0;
[20:28:37.888]              // -> [pidr2 <= 0x00000000]
[20:28:37.888]            __var jep106id = 0;
[20:28:37.888]              // -> [jep106id <= 0x00000000]
[20:28:37.888]            __var ROMTableBase = 0;
[20:28:37.889]              // -> [ROMTableBase <= 0x00000000]
[20:28:37.889]            __ap = 0;      // AHB-AP
[20:28:37.889]              // -> [__ap <= 0x00000000]
[20:28:37.889]            ROMTableBase = ReadAP(0xF8) & ~0x3;
[20:28:37.890]              // -> [ReadAP(0x000000F8) => 0xE00FF003]   (__dp=0x00000000, __ap=0x00000000)
[20:28:37.890]              // -> [ROMTableBase <= 0xE00FF000]
[20:28:37.891]            pidr1 = Read32(ROMTableBase + 0x0FE4);
[20:28:37.893]              // -> [Read32(0xE00FFFE4) => 0x00000004]   (__dp=0x00000000, __ap=0x00000000)
[20:28:37.893]              // -> [pidr1 <= 0x00000004]
[20:28:37.893]            pidr2 = Read32(ROMTableBase + 0x0FE8);
[20:28:37.894]              // -> [Read32(0xE00FFFE8) => 0x0000000A]   (__dp=0x00000000, __ap=0x00000000)
[20:28:37.894]              // -> [pidr2 <= 0x0000000A]
[20:28:37.894]            jep106id = ((pidr2 & 0x7) << 4 ) | ((pidr1 >> 4) & 0xF);
[20:28:37.894]              // -> [jep106id <= 0x00000020]
[20:28:37.894]          </block>
[20:28:37.895]          <control if="jep106id != 0x20" while="" timeout="0" info="">
[20:28:37.895]            // if-block "jep106id != 0x20"
[20:28:37.895]              // =>  FALSE
[20:28:37.896]            // skip if-block "jep106id != 0x20"
[20:28:37.896]          </control>
[20:28:37.897]        </sequence>
[20:28:37.897]    </block>
[20:28:37.897]  </sequence>
[20:28:37.898]  
[20:28:37.898]  **********  Sequence "DebugCoreStart"  (Context="Target Access", Pname="", info="")
[20:28:37.898]  
[20:28:37.898]  <debugvars>
[20:28:37.898]    // Pre-defined
[20:28:37.899]    __protocol=0x00010002      (Protocol="SWD", SWJ-DP="True")
[20:28:37.900]    __connection=0x00000202    (Connection Type="Flash", Reset Type="System Reset")
[20:28:37.900]    __dp=0x00000000
[20:28:37.900]    __ap=0x00000000
[20:28:37.900]    __traceout=0x00000000      (Trace Disabled)
[20:28:37.900]    __errorcontrol=0x00000000  (Skip Errors="False")
[20:28:37.900]    __FlashAddr=0x00000000
[20:28:37.902]    __FlashLen=0x00000000
[20:28:37.902]    __FlashArg=0x00000000
[20:28:37.902]    __FlashOp=0x00000000
[20:28:37.902]    __Result=0x00000000
[20:28:37.902]    
[20:28:37.902]    // User-defined
[20:28:37.902]    DbgMCU_CR=0x00000007
[20:28:37.902]    DbgMCU_APB1_Fz1=0xC060183F
[20:28:37.902]    DbgMCU_APB1_Fz2=0x00000002
[20:28:37.903]    DbgMCU_APB2_Fz=0x04172800
[20:28:37.903]    TraceClk_Pin=0x00040002
[20:28:37.903]    TraceD0_Pin=0x00040003
[20:28:37.903]    TraceD1_Pin=0x00040004
[20:28:37.904]    TraceD2_Pin=0x00040005
[20:28:37.904]    TraceD3_Pin=0x00040006
[20:28:37.904]    DoOptionByteLoading=0x00000000
[20:28:37.904]  </debugvars>
[20:28:37.904]  
[20:28:37.905]  <sequence name="DebugCoreStart" Pname="" disable="false" info="">
[20:28:37.905]    <block atomic="false" info="">
[20:28:37.905]      Write32(0xE000EDF0, 0xA05F0001);                                        // Enable Core Debug via DHCSR
[20:28:37.906]        // -> [Write32(0xE000EDF0, 0xA05F0001)]   (__dp=0x00000000, __ap=0x00000000)
[20:28:37.906]    </block>
[20:28:37.909]    <block atomic="false" info="DbgMCU registers">
[20:28:37.909]      Write32(0xE0042004, DbgMCU_CR);                                         // DBGMCU_CR: Configure MCU Debug
[20:28:37.910]        // -> [Write32(0xE0042004, 0x00000007)]   (__dp=0x00000000, __ap=0x00000000)
[20:28:37.910]      Write32(0xE0042008, DbgMCU_APB1_Fz1);                                   // DBGMCU_APB1_FZ1: Configure APB1 Peripheral Freeze Behavior
[20:28:37.911]        // -> [Write32(0xE0042008, 0xC060183F)]   (__dp=0x00000000, __ap=0x00000000)
[20:28:37.911]      Write32(0xE004200C, DbgMCU_APB1_Fz2);                                   // DBGMCU_APB1_FZ2: Configure APB1 Peripheral Freeze Behavior
[20:28:37.911]        // -> [Write32(0xE004200C, 0x00000002)]   (__dp=0x00000000, __ap=0x00000000)
[20:28:37.911]      Write32(0xE0042010, DbgMCU_APB2_Fz);                                    // DBGMCU_APB2_FZ: Configure APB2 Peripheral Freeze Behavior
[20:28:37.913]        // -> [Write32(0xE0042010, 0x04172800)]   (__dp=0x00000000, __ap=0x00000000)
[20:28:37.913]    </block>
[20:28:37.913]  </sequence>
[20:28:37.913]  
[20:28:42.296]  **********  Sequence "DebugPortStop"  (Context="Disconnect", Pname="", info="")
[20:28:42.296]  
[20:28:42.296]  <debugvars>
[20:28:42.297]    // Pre-defined
[20:28:42.297]    __protocol=0x00010002      (Protocol="SWD", SWJ-DP="True")
[20:28:42.298]    __connection=0x00000202    (Connection Type="Flash", Reset Type="System Reset")
[20:28:42.298]    __dp=0x00000000
[20:28:42.298]    __ap=0x00000000
[20:28:42.298]    __traceout=0x00000000      (Trace Disabled)
[20:28:42.299]    __errorcontrol=0x00000000  (Skip Errors="False")
[20:28:42.299]    __FlashAddr=0x00000000
[20:28:42.299]    __FlashLen=0x00000000
[20:28:42.299]    __FlashArg=0x00000000
[20:28:42.299]    __FlashOp=0x00000000
[20:28:42.300]    __Result=0x00000000
[20:28:42.300]    
[20:28:42.300]    // User-defined
[20:28:42.300]    DbgMCU_CR=0x00000007
[20:28:42.300]    DbgMCU_APB1_Fz1=0xC060183F
[20:28:42.300]    DbgMCU_APB1_Fz2=0x00000002
[20:28:42.301]    DbgMCU_APB2_Fz=0x04172800
[20:28:42.301]    TraceClk_Pin=0x00040002
[20:28:42.301]    TraceD0_Pin=0x00040003
[20:28:42.301]    TraceD1_Pin=0x00040004
[20:28:42.301]    TraceD2_Pin=0x00040005
[20:28:42.301]    TraceD3_Pin=0x00040006
[20:28:42.302]    DoOptionByteLoading=0x00000000
[20:28:42.302]  </debugvars>
[20:28:42.302]  
[20:28:42.302]  <sequence name="DebugPortStop" Pname="" disable="false" info="">
[20:28:42.302]    <block atomic="false" info="">
[20:28:42.303]      __var connectionFlash = ( __connection & 0xF ) == 2 ;
[20:28:42.303]        // -> [connectionFlash <= 0x00000001]
[20:28:42.303]      __var FLASH_BASE = 0x40022000 ;
[20:28:42.303]        // -> [FLASH_BASE <= 0x40022000]
[20:28:42.303]      __var FLASH_CR = FLASH_BASE + 0x14 ;
[20:28:42.303]        // -> [FLASH_CR <= 0x40022014]
[20:28:42.304]      __var OBL_LAUNCH_BIT = ( 1 << 27 ) ;
[20:28:42.304]        // -> [OBL_LAUNCH_BIT <= 0x08000000]
[20:28:42.304]      __var LOCK_BIT = ( 1 << 31 ) ;
[20:28:42.304]        // -> [LOCK_BIT <= 0x80000000]
[20:28:42.304]      __var OPTLOCK_BIT = ( 1 << 30 ) ;
[20:28:42.305]        // -> [OPTLOCK_BIT <= 0x40000000]
[20:28:42.305]      __var FLASH_KEYR = FLASH_BASE + 0x08 ;
[20:28:42.305]        // -> [FLASH_KEYR <= 0x40022008]
[20:28:42.305]      __var FLASH_KEY1 = 0x45670123 ;
[20:28:42.305]        // -> [FLASH_KEY1 <= 0x45670123]
[20:28:42.306]      __var FLASH_KEY2 = 0xCDEF89AB ;
[20:28:42.306]        // -> [FLASH_KEY2 <= 0xCDEF89AB]
[20:28:42.306]      __var FLASH_OPTKEYR = FLASH_BASE + 0x0C ;
[20:28:42.306]        // -> [FLASH_OPTKEYR <= 0x4002200C]
[20:28:42.306]      __var FLASH_OPTKEY1 = 0x08192A3B ;
[20:28:42.307]        // -> [FLASH_OPTKEY1 <= 0x08192A3B]
[20:28:42.307]      __var FLASH_OPTKEY2 = 0x4C5D6E7F ;
[20:28:42.307]        // -> [FLASH_OPTKEY2 <= 0x4C5D6E7F]
[20:28:42.307]      __var FLASH_CR_Value = 0 ;
[20:28:42.308]        // -> [FLASH_CR_Value <= 0x00000000]
[20:28:42.308]      __var DoDebugPortStop = 1 ;
[20:28:42.308]        // -> [DoDebugPortStop <= 0x00000001]
[20:28:42.308]      __var DP_CTRL_STAT = 0x4 ;
[20:28:42.308]        // -> [DP_CTRL_STAT <= 0x00000004]
[20:28:42.309]      __var DP_SELECT = 0x8 ;
[20:28:42.309]        // -> [DP_SELECT <= 0x00000008]
[20:28:42.309]    </block>
[20:28:42.309]    <control if="connectionFlash && DoOptionByteLoading" while="" timeout="0" info="">
[20:28:42.309]      // if-block "connectionFlash && DoOptionByteLoading"
[20:28:42.310]        // =>  FALSE
[20:28:42.310]      // skip if-block "connectionFlash && DoOptionByteLoading"
[20:28:42.310]    </control>
[20:28:42.310]    <control if="DoDebugPortStop" while="" timeout="0" info="">
[20:28:42.310]      // if-block "DoDebugPortStop"
[20:28:42.310]        // =>  TRUE
[20:28:42.310]      <block atomic="false" info="">
[20:28:42.310]        WriteDP(DP_SELECT, 0x00000000);
[20:28:42.311]          // -> [WriteDP(0x00000008, 0x00000000)]   (__dp=0x00000000)
[20:28:42.312]        WriteDP(DP_CTRL_STAT, 0x00000000);
[20:28:42.312]          // -> [WriteDP(0x00000004, 0x00000000)]   (__dp=0x00000000)
[20:28:42.312]      </block>
[20:28:42.312]      // end if-block "DoDebugPortStop"
[20:28:42.313]    </control>
[20:28:42.313]  </sequence>
[20:28:42.313]  
