/*
 *  CMSIS Pack Debug Access Sequence Log
 *  File        : E:\个人学习\逆变器\逆变器控制板\STM32G474RBT3_RTThread_Safe_v2.3.0_20260829\STM32G474RBT3_RTThread_Safe_v2.3.0\STM32G474_RTThread_Sequences_0014.log
 *  Created     : 21:10:58 (29/08/2026)
 *  Device      : STM32G474RBTx
 *  PDSC File   : D:/Keil/Keil/packs/Keil/STM32G4xx_DFP/2.2.0/Keil.STM32G4xx_DFP.pdsc
 *  Config File : E:\个人学习\逆变器\逆变器控制板\STM32G474RBT3_RTThread_Safe_v2.3.0_20260829\STM32G474RBT3_RTThread_Safe_v2.3.0\DebugConfig\STM32G474_RTThread_Safe_STM32G474RBTx_1.0.1.dbgconf
 *
 */

[21:10:58.431]  **********  Sequence "DebugDeviceUnlock"  (Context="Target Access", Pname="", info="")
[21:10:58.431]  
[21:10:58.431]  <debugvars>
[21:10:58.431]    // Pre-defined
[21:10:58.432]    __protocol=0x00010002      (Protocol="SWD", SWJ-DP="True")
[21:10:58.432]    __connection=0x00000202    (Connection Type="Flash", Reset Type="System Reset")
[21:10:58.432]    __dp=0x00000000
[21:10:58.432]    __ap=0x00000000
[21:10:58.432]    __traceout=0x00000000      (Trace Disabled)
[21:10:58.432]    __errorcontrol=0x00000000  (Skip Errors="False")
[21:10:58.432]    __FlashAddr=0x00000000
[21:10:58.433]    __FlashLen=0x00000000
[21:10:58.433]    __FlashArg=0x00000000
[21:10:58.433]    __FlashOp=0x00000000
[21:10:58.433]    __Result=0x00000000
[21:10:58.433]    
[21:10:58.433]    // User-defined
[21:10:58.434]    DbgMCU_CR=0x00000007
[21:10:58.434]    DbgMCU_APB1_Fz1=0xC060183F
[21:10:58.434]    DbgMCU_APB1_Fz2=0x00000002
[21:10:58.434]    DbgMCU_APB2_Fz=0x04172800
[21:10:58.435]    TraceClk_Pin=0x00040002
[21:10:58.435]    TraceD0_Pin=0x00040003
[21:10:58.435]    TraceD1_Pin=0x00040004
[21:10:58.435]    TraceD2_Pin=0x00040005
[21:10:58.436]    TraceD3_Pin=0x00040006
[21:10:58.436]    DoOptionByteLoading=0x00000000
[21:10:58.437]  </debugvars>
[21:10:58.437]  
[21:10:58.437]  <sequence name="DebugDeviceUnlock" Pname="" disable="false" info="">
[21:10:58.437]    <block atomic="false" info="">
[21:10:58.437]      Sequence("CheckID");
[21:10:58.438]        <sequence name="CheckID" Pname="" disable="false" info="">
[21:10:58.438]          <block atomic="false" info="">
[21:10:58.438]            __var pidr1 = 0;
[21:10:58.438]              // -> [pidr1 <= 0x00000000]
[21:10:58.438]            __var pidr2 = 0;
[21:10:58.438]              // -> [pidr2 <= 0x00000000]
[21:10:58.439]            __var jep106id = 0;
[21:10:58.439]              // -> [jep106id <= 0x00000000]
[21:10:58.439]            __var ROMTableBase = 0;
[21:10:58.439]              // -> [ROMTableBase <= 0x00000000]
[21:10:58.439]            __ap = 0;      // AHB-AP
[21:10:58.440]              // -> [__ap <= 0x00000000]
[21:10:58.440]            ROMTableBase = ReadAP(0xF8) & ~0x3;
[21:10:58.440]              // -> [ReadAP(0x000000F8) => 0xE00FF003]   (__dp=0x00000000, __ap=0x00000000)
[21:10:58.440]              // -> [ROMTableBase <= 0xE00FF000]
[21:10:58.441]            pidr1 = Read32(ROMTableBase + 0x0FE4);
[21:10:58.441]              // -> [Read32(0xE00FFFE4) => 0x00000004]   (__dp=0x00000000, __ap=0x00000000)
[21:10:58.442]              // -> [pidr1 <= 0x00000004]
[21:10:58.442]            pidr2 = Read32(ROMTableBase + 0x0FE8);
[21:10:58.442]              // -> [Read32(0xE00FFFE8) => 0x0000000A]   (__dp=0x00000000, __ap=0x00000000)
[21:10:58.443]              // -> [pidr2 <= 0x0000000A]
[21:10:58.443]            jep106id = ((pidr2 & 0x7) << 4 ) | ((pidr1 >> 4) & 0xF);
[21:10:58.443]              // -> [jep106id <= 0x00000020]
[21:10:58.443]          </block>
[21:10:58.443]          <control if="jep106id != 0x20" while="" timeout="0" info="">
[21:10:58.443]            // if-block "jep106id != 0x20"
[21:10:58.443]              // =>  FALSE
[21:10:58.443]            // skip if-block "jep106id != 0x20"
[21:10:58.443]          </control>
[21:10:58.443]        </sequence>
[21:10:58.443]    </block>
[21:10:58.444]  </sequence>
[21:10:58.444]  
[21:10:58.444]  **********  Sequence "DebugCoreStart"  (Context="Target Access", Pname="", info="")
[21:10:58.444]  
[21:10:58.444]  <debugvars>
[21:10:58.445]    // Pre-defined
[21:10:58.446]    __protocol=0x00010002      (Protocol="SWD", SWJ-DP="True")
[21:10:58.446]    __connection=0x00000202    (Connection Type="Flash", Reset Type="System Reset")
[21:10:58.446]    __dp=0x00000000
[21:10:58.447]    __ap=0x00000000
[21:10:58.447]    __traceout=0x00000000      (Trace Disabled)
[21:10:58.447]    __errorcontrol=0x00000000  (Skip Errors="False")
[21:10:58.447]    __FlashAddr=0x00000000
[21:10:58.447]    __FlashLen=0x00000000
[21:10:58.448]    __FlashArg=0x00000000
[21:10:58.448]    __FlashOp=0x00000000
[21:10:58.448]    __Result=0x00000000
[21:10:58.448]    
[21:10:58.448]    // User-defined
[21:10:58.448]    DbgMCU_CR=0x00000007
[21:10:58.448]    DbgMCU_APB1_Fz1=0xC060183F
[21:10:58.448]    DbgMCU_APB1_Fz2=0x00000002
[21:10:58.448]    DbgMCU_APB2_Fz=0x04172800
[21:10:58.449]    TraceClk_Pin=0x00040002
[21:10:58.449]    TraceD0_Pin=0x00040003
[21:10:58.449]    TraceD1_Pin=0x00040004
[21:10:58.449]    TraceD2_Pin=0x00040005
[21:10:58.449]    TraceD3_Pin=0x00040006
[21:10:58.450]    DoOptionByteLoading=0x00000000
[21:10:58.450]  </debugvars>
[21:10:58.450]  
[21:10:58.450]  <sequence name="DebugCoreStart" Pname="" disable="false" info="">
[21:10:58.450]    <block atomic="false" info="">
[21:10:58.451]      Write32(0xE000EDF0, 0xA05F0001);                                        // Enable Core Debug via DHCSR
[21:10:58.451]        // -> [Write32(0xE000EDF0, 0xA05F0001)]   (__dp=0x00000000, __ap=0x00000000)
[21:10:58.452]    </block>
[21:10:58.452]    <block atomic="false" info="DbgMCU registers">
[21:10:58.452]      Write32(0xE0042004, DbgMCU_CR);                                         // DBGMCU_CR: Configure MCU Debug
[21:10:58.453]        // -> [Write32(0xE0042004, 0x00000007)]   (__dp=0x00000000, __ap=0x00000000)
[21:10:58.453]      Write32(0xE0042008, DbgMCU_APB1_Fz1);                                   // DBGMCU_APB1_FZ1: Configure APB1 Peripheral Freeze Behavior
[21:10:58.453]        // -> [Write32(0xE0042008, 0xC060183F)]   (__dp=0x00000000, __ap=0x00000000)
[21:10:58.454]      Write32(0xE004200C, DbgMCU_APB1_Fz2);                                   // DBGMCU_APB1_FZ2: Configure APB1 Peripheral Freeze Behavior
[21:10:58.454]        // -> [Write32(0xE004200C, 0x00000002)]   (__dp=0x00000000, __ap=0x00000000)
[21:10:58.454]      Write32(0xE0042010, DbgMCU_APB2_Fz);                                    // DBGMCU_APB2_FZ: Configure APB2 Peripheral Freeze Behavior
[21:10:58.455]        // -> [Write32(0xE0042010, 0x04172800)]   (__dp=0x00000000, __ap=0x00000000)
[21:10:58.455]    </block>
[21:10:58.455]  </sequence>
[21:10:58.456]  
[21:11:02.961]  **********  Sequence "DebugPortStop"  (Context="Disconnect", Pname="", info="")
[21:11:02.961]  
[21:11:02.962]  <debugvars>
[21:11:02.962]    // Pre-defined
[21:11:02.962]    __protocol=0x00010002      (Protocol="SWD", SWJ-DP="True")
[21:11:02.963]    __connection=0x00000202    (Connection Type="Flash", Reset Type="System Reset")
[21:11:02.963]    __dp=0x00000000
[21:11:02.963]    __ap=0x00000000
[21:11:02.963]    __traceout=0x00000000      (Trace Disabled)
[21:11:02.964]    __errorcontrol=0x00000000  (Skip Errors="False")
[21:11:02.964]    __FlashAddr=0x00000000
[21:11:02.964]    __FlashLen=0x00000000
[21:11:02.964]    __FlashArg=0x00000000
[21:11:02.964]    __FlashOp=0x00000000
[21:11:02.964]    __Result=0x00000000
[21:11:02.964]    
[21:11:02.964]    // User-defined
[21:11:02.966]    DbgMCU_CR=0x00000007
[21:11:02.966]    DbgMCU_APB1_Fz1=0xC060183F
[21:11:02.966]    DbgMCU_APB1_Fz2=0x00000002
[21:11:02.966]    DbgMCU_APB2_Fz=0x04172800
[21:11:02.966]    TraceClk_Pin=0x00040002
[21:11:02.966]    TraceD0_Pin=0x00040003
[21:11:02.966]    TraceD1_Pin=0x00040004
[21:11:02.967]    TraceD2_Pin=0x00040005
[21:11:02.967]    TraceD3_Pin=0x00040006
[21:11:02.967]    DoOptionByteLoading=0x00000000
[21:11:02.967]  </debugvars>
[21:11:02.967]  
[21:11:02.968]  <sequence name="DebugPortStop" Pname="" disable="false" info="">
[21:11:02.968]    <block atomic="false" info="">
[21:11:02.969]      __var connectionFlash = ( __connection & 0xF ) == 2 ;
[21:11:02.969]        // -> [connectionFlash <= 0x00000001]
[21:11:02.969]      __var FLASH_BASE = 0x40022000 ;
[21:11:02.970]        // -> [FLASH_BASE <= 0x40022000]
[21:11:02.970]      __var FLASH_CR = FLASH_BASE + 0x14 ;
[21:11:02.970]        // -> [FLASH_CR <= 0x40022014]
[21:11:02.970]      __var OBL_LAUNCH_BIT = ( 1 << 27 ) ;
[21:11:02.970]        // -> [OBL_LAUNCH_BIT <= 0x08000000]
[21:11:02.971]      __var LOCK_BIT = ( 1 << 31 ) ;
[21:11:02.971]        // -> [LOCK_BIT <= 0x80000000]
[21:11:02.971]      __var OPTLOCK_BIT = ( 1 << 30 ) ;
[21:11:02.971]        // -> [OPTLOCK_BIT <= 0x40000000]
[21:11:02.972]      __var FLASH_KEYR = FLASH_BASE + 0x08 ;
[21:11:02.972]        // -> [FLASH_KEYR <= 0x40022008]
[21:11:02.972]      __var FLASH_KEY1 = 0x45670123 ;
[21:11:02.972]        // -> [FLASH_KEY1 <= 0x45670123]
[21:11:02.972]      __var FLASH_KEY2 = 0xCDEF89AB ;
[21:11:02.973]        // -> [FLASH_KEY2 <= 0xCDEF89AB]
[21:11:02.973]      __var FLASH_OPTKEYR = FLASH_BASE + 0x0C ;
[21:11:02.973]        // -> [FLASH_OPTKEYR <= 0x4002200C]
[21:11:02.974]      __var FLASH_OPTKEY1 = 0x08192A3B ;
[21:11:02.974]        // -> [FLASH_OPTKEY1 <= 0x08192A3B]
[21:11:02.974]      __var FLASH_OPTKEY2 = 0x4C5D6E7F ;
[21:11:02.974]        // -> [FLASH_OPTKEY2 <= 0x4C5D6E7F]
[21:11:02.974]      __var FLASH_CR_Value = 0 ;
[21:11:02.975]        // -> [FLASH_CR_Value <= 0x00000000]
[21:11:02.975]      __var DoDebugPortStop = 1 ;
[21:11:02.975]        // -> [DoDebugPortStop <= 0x00000001]
[21:11:02.975]      __var DP_CTRL_STAT = 0x4 ;
[21:11:02.976]        // -> [DP_CTRL_STAT <= 0x00000004]
[21:11:02.976]      __var DP_SELECT = 0x8 ;
[21:11:02.976]        // -> [DP_SELECT <= 0x00000008]
[21:11:02.977]    </block>
[21:11:02.977]    <control if="connectionFlash && DoOptionByteLoading" while="" timeout="0" info="">
[21:11:02.977]      // if-block "connectionFlash && DoOptionByteLoading"
[21:11:02.977]        // =>  FALSE
[21:11:02.977]      // skip if-block "connectionFlash && DoOptionByteLoading"
[21:11:02.978]    </control>
[21:11:02.979]    <control if="DoDebugPortStop" while="" timeout="0" info="">
[21:11:02.979]      // if-block "DoDebugPortStop"
[21:11:02.979]        // =>  TRUE
[21:11:02.980]      <block atomic="false" info="">
[21:11:02.980]        WriteDP(DP_SELECT, 0x00000000);
[21:11:02.980]          // -> [WriteDP(0x00000008, 0x00000000)]   (__dp=0x00000000)
[21:11:02.980]        WriteDP(DP_CTRL_STAT, 0x00000000);
[21:11:02.980]          // -> [WriteDP(0x00000004, 0x00000000)]   (__dp=0x00000000)
[21:11:02.980]      </block>
[21:11:02.980]      // end if-block "DoDebugPortStop"
[21:11:02.982]    </control>
[21:11:02.982]  </sequence>
[21:11:02.982]  
