/*
 *  CMSIS Pack Debug Access Sequence Log
 *  File        : E:\个人学习\逆变器\逆变器控制板\STM32G474RBT3_RTThread_Safe_v2.3.0_20260829\STM32G474RBT3_RTThread_Safe_v2.3.0\STM32G474_RTThread_Sequences_0012.log
 *  Created     : 20:35:36 (29/08/2026)
 *  Device      : STM32G474RBTx
 *  PDSC File   : D:/Keil/Keil/packs/Keil/STM32G4xx_DFP/2.2.0/Keil.STM32G4xx_DFP.pdsc
 *  Config File : E:\个人学习\逆变器\逆变器控制板\STM32G474RBT3_RTThread_Safe_v2.3.0_20260829\STM32G474RBT3_RTThread_Safe_v2.3.0\DebugConfig\STM32G474_RTThread_Safe_STM32G474RBTx_1.0.1.dbgconf
 *
 */

[20:35:36.424]  **********  Sequence "DebugDeviceUnlock"  (Context="Target Access", Pname="", info="")
[20:35:36.424]  
[20:35:36.424]  <debugvars>
[20:35:36.424]    // Pre-defined
[20:35:36.424]    __protocol=0x00010002      (Protocol="SWD", SWJ-DP="True")
[20:35:36.425]    __connection=0x00000202    (Connection Type="Flash", Reset Type="System Reset")
[20:35:36.425]    __dp=0x00000000
[20:35:36.425]    __ap=0x00000000
[20:35:36.425]    __traceout=0x00000000      (Trace Disabled)
[20:35:36.425]    __errorcontrol=0x00000000  (Skip Errors="False")
[20:35:36.426]    __FlashAddr=0x00000000
[20:35:36.426]    __FlashLen=0x00000000
[20:35:36.426]    __FlashArg=0x00000000
[20:35:36.426]    __FlashOp=0x00000000
[20:35:36.426]    __Result=0x00000000
[20:35:36.426]    
[20:35:36.426]    // User-defined
[20:35:36.426]    DbgMCU_CR=0x00000007
[20:35:36.427]    DbgMCU_APB1_Fz1=0xC060183F
[20:35:36.427]    DbgMCU_APB1_Fz2=0x00000002
[20:35:36.427]    DbgMCU_APB2_Fz=0x04172800
[20:35:36.427]    TraceClk_Pin=0x00040002
[20:35:36.427]    TraceD0_Pin=0x00040003
[20:35:36.429]    TraceD1_Pin=0x00040004
[20:35:36.429]    TraceD2_Pin=0x00040005
[20:35:36.429]    TraceD3_Pin=0x00040006
[20:35:36.429]    DoOptionByteLoading=0x00000000
[20:35:36.429]  </debugvars>
[20:35:36.429]  
[20:35:36.430]  <sequence name="DebugDeviceUnlock" Pname="" disable="false" info="">
[20:35:36.430]    <block atomic="false" info="">
[20:35:36.430]      Sequence("CheckID");
[20:35:36.430]        <sequence name="CheckID" Pname="" disable="false" info="">
[20:35:36.431]          <block atomic="false" info="">
[20:35:36.431]            __var pidr1 = 0;
[20:35:36.431]              // -> [pidr1 <= 0x00000000]
[20:35:36.431]            __var pidr2 = 0;
[20:35:36.432]              // -> [pidr2 <= 0x00000000]
[20:35:36.432]            __var jep106id = 0;
[20:35:36.432]              // -> [jep106id <= 0x00000000]
[20:35:36.432]            __var ROMTableBase = 0;
[20:35:36.433]              // -> [ROMTableBase <= 0x00000000]
[20:35:36.433]            __ap = 0;      // AHB-AP
[20:35:36.433]              // -> [__ap <= 0x00000000]
[20:35:36.433]            ROMTableBase = ReadAP(0xF8) & ~0x3;
[20:35:36.435]              // -> [ReadAP(0x000000F8) => 0xE00FF003]   (__dp=0x00000000, __ap=0x00000000)
[20:35:36.435]              // -> [ROMTableBase <= 0xE00FF000]
[20:35:36.435]            pidr1 = Read32(ROMTableBase + 0x0FE4);
[20:35:36.436]              // -> [Read32(0xE00FFFE4) => 0x00000004]   (__dp=0x00000000, __ap=0x00000000)
[20:35:36.436]              // -> [pidr1 <= 0x00000004]
[20:35:36.436]            pidr2 = Read32(ROMTableBase + 0x0FE8);
[20:35:36.437]              // -> [Read32(0xE00FFFE8) => 0x0000000A]   (__dp=0x00000000, __ap=0x00000000)
[20:35:36.437]              // -> [pidr2 <= 0x0000000A]
[20:35:36.437]            jep106id = ((pidr2 & 0x7) << 4 ) | ((pidr1 >> 4) & 0xF);
[20:35:36.437]              // -> [jep106id <= 0x00000020]
[20:35:36.438]          </block>
[20:35:36.438]          <control if="jep106id != 0x20" while="" timeout="0" info="">
[20:35:36.438]            // if-block "jep106id != 0x20"
[20:35:36.438]              // =>  FALSE
[20:35:36.439]            // skip if-block "jep106id != 0x20"
[20:35:36.439]          </control>
[20:35:36.440]        </sequence>
[20:35:36.440]    </block>
[20:35:36.440]  </sequence>
[20:35:36.440]  
[20:35:36.440]  **********  Sequence "DebugCoreStart"  (Context="Target Access", Pname="", info="")
[20:35:36.440]  
[20:35:36.441]  <debugvars>
[20:35:36.441]    // Pre-defined
[20:35:36.441]    __protocol=0x00010002      (Protocol="SWD", SWJ-DP="True")
[20:35:36.442]    __connection=0x00000202    (Connection Type="Flash", Reset Type="System Reset")
[20:35:36.442]    __dp=0x00000000
[20:35:36.442]    __ap=0x00000000
[20:35:36.442]    __traceout=0x00000000      (Trace Disabled)
[20:35:36.443]    __errorcontrol=0x00000000  (Skip Errors="False")
[20:35:36.443]    __FlashAddr=0x00000000
[20:35:36.443]    __FlashLen=0x00000000
[20:35:36.443]    __FlashArg=0x00000000
[20:35:36.444]    __FlashOp=0x00000000
[20:35:36.444]    __Result=0x00000000
[20:35:36.444]    
[20:35:36.444]    // User-defined
[20:35:36.444]    DbgMCU_CR=0x00000007
[20:35:36.444]    DbgMCU_APB1_Fz1=0xC060183F
[20:35:36.444]    DbgMCU_APB1_Fz2=0x00000002
[20:35:36.445]    DbgMCU_APB2_Fz=0x04172800
[20:35:36.445]    TraceClk_Pin=0x00040002
[20:35:36.445]    TraceD0_Pin=0x00040003
[20:35:36.445]    TraceD1_Pin=0x00040004
[20:35:36.445]    TraceD2_Pin=0x00040005
[20:35:36.447]    TraceD3_Pin=0x00040006
[20:35:36.447]    DoOptionByteLoading=0x00000000
[20:35:36.447]  </debugvars>
[20:35:36.447]  
[20:35:36.447]  <sequence name="DebugCoreStart" Pname="" disable="false" info="">
[20:35:36.447]    <block atomic="false" info="">
[20:35:36.447]      Write32(0xE000EDF0, 0xA05F0001);                                        // Enable Core Debug via DHCSR
[20:35:36.448]        // -> [Write32(0xE000EDF0, 0xA05F0001)]   (__dp=0x00000000, __ap=0x00000000)
[20:35:36.448]    </block>
[20:35:36.449]    <block atomic="false" info="DbgMCU registers">
[20:35:36.449]      Write32(0xE0042004, DbgMCU_CR);                                         // DBGMCU_CR: Configure MCU Debug
[20:35:36.450]        // -> [Write32(0xE0042004, 0x00000007)]   (__dp=0x00000000, __ap=0x00000000)
[20:35:36.450]      Write32(0xE0042008, DbgMCU_APB1_Fz1);                                   // DBGMCU_APB1_FZ1: Configure APB1 Peripheral Freeze Behavior
[20:35:36.451]        // -> [Write32(0xE0042008, 0xC060183F)]   (__dp=0x00000000, __ap=0x00000000)
[20:35:36.451]      Write32(0xE004200C, DbgMCU_APB1_Fz2);                                   // DBGMCU_APB1_FZ2: Configure APB1 Peripheral Freeze Behavior
[20:35:36.452]        // -> [Write32(0xE004200C, 0x00000002)]   (__dp=0x00000000, __ap=0x00000000)
[20:35:36.452]      Write32(0xE0042010, DbgMCU_APB2_Fz);                                    // DBGMCU_APB2_FZ: Configure APB2 Peripheral Freeze Behavior
[20:35:36.452]        // -> [Write32(0xE0042010, 0x04172800)]   (__dp=0x00000000, __ap=0x00000000)
[20:35:36.452]    </block>
[20:35:36.454]  </sequence>
[20:35:36.454]  
[20:35:40.849]  **********  Sequence "DebugPortStop"  (Context="Disconnect", Pname="", info="")
[20:35:40.849]  
[20:35:40.849]  <debugvars>
[20:35:40.850]    // Pre-defined
[20:35:40.850]    __protocol=0x00010002      (Protocol="SWD", SWJ-DP="True")
[20:35:40.850]    __connection=0x00000202    (Connection Type="Flash", Reset Type="System Reset")
[20:35:40.851]    __dp=0x00000000
[20:35:40.851]    __ap=0x00000000
[20:35:40.851]    __traceout=0x00000000      (Trace Disabled)
[20:35:40.851]    __errorcontrol=0x00000000  (Skip Errors="False")
[20:35:40.851]    __FlashAddr=0x00000000
[20:35:40.852]    __FlashLen=0x00000000
[20:35:40.852]    __FlashArg=0x00000000
[20:35:40.852]    __FlashOp=0x00000000
[20:35:40.852]    __Result=0x00000000
[20:35:40.852]    
[20:35:40.852]    // User-defined
[20:35:40.853]    DbgMCU_CR=0x00000007
[20:35:40.853]    DbgMCU_APB1_Fz1=0xC060183F
[20:35:40.853]    DbgMCU_APB1_Fz2=0x00000002
[20:35:40.853]    DbgMCU_APB2_Fz=0x04172800
[20:35:40.853]    TraceClk_Pin=0x00040002
[20:35:40.853]    TraceD0_Pin=0x00040003
[20:35:40.855]    TraceD1_Pin=0x00040004
[20:35:40.855]    TraceD2_Pin=0x00040005
[20:35:40.855]    TraceD3_Pin=0x00040006
[20:35:40.855]    DoOptionByteLoading=0x00000000
[20:35:40.855]  </debugvars>
[20:35:40.856]  
[20:35:40.856]  <sequence name="DebugPortStop" Pname="" disable="false" info="">
[20:35:40.856]    <block atomic="false" info="">
[20:35:40.856]      __var connectionFlash = ( __connection & 0xF ) == 2 ;
[20:35:40.856]        // -> [connectionFlash <= 0x00000001]
[20:35:40.857]      __var FLASH_BASE = 0x40022000 ;
[20:35:40.857]        // -> [FLASH_BASE <= 0x40022000]
[20:35:40.857]      __var FLASH_CR = FLASH_BASE + 0x14 ;
[20:35:40.857]        // -> [FLASH_CR <= 0x40022014]
[20:35:40.857]      __var OBL_LAUNCH_BIT = ( 1 << 27 ) ;
[20:35:40.858]        // -> [OBL_LAUNCH_BIT <= 0x08000000]
[20:35:40.858]      __var LOCK_BIT = ( 1 << 31 ) ;
[20:35:40.858]        // -> [LOCK_BIT <= 0x80000000]
[20:35:40.858]      __var OPTLOCK_BIT = ( 1 << 30 ) ;
[20:35:40.858]        // -> [OPTLOCK_BIT <= 0x40000000]
[20:35:40.859]      __var FLASH_KEYR = FLASH_BASE + 0x08 ;
[20:35:40.859]        // -> [FLASH_KEYR <= 0x40022008]
[20:35:40.859]      __var FLASH_KEY1 = 0x45670123 ;
[20:35:40.859]        // -> [FLASH_KEY1 <= 0x45670123]
[20:35:40.859]      __var FLASH_KEY2 = 0xCDEF89AB ;
[20:35:40.859]        // -> [FLASH_KEY2 <= 0xCDEF89AB]
[20:35:40.859]      __var FLASH_OPTKEYR = FLASH_BASE + 0x0C ;
[20:35:40.859]        // -> [FLASH_OPTKEYR <= 0x4002200C]
[20:35:40.860]      __var FLASH_OPTKEY1 = 0x08192A3B ;
[20:35:40.861]        // -> [FLASH_OPTKEY1 <= 0x08192A3B]
[20:35:40.861]      __var FLASH_OPTKEY2 = 0x4C5D6E7F ;
[20:35:40.861]        // -> [FLASH_OPTKEY2 <= 0x4C5D6E7F]
[20:35:40.861]      __var FLASH_CR_Value = 0 ;
[20:35:40.861]        // -> [FLASH_CR_Value <= 0x00000000]
[20:35:40.862]      __var DoDebugPortStop = 1 ;
[20:35:40.862]        // -> [DoDebugPortStop <= 0x00000001]
[20:35:40.862]      __var DP_CTRL_STAT = 0x4 ;
[20:35:40.862]        // -> [DP_CTRL_STAT <= 0x00000004]
[20:35:40.863]      __var DP_SELECT = 0x8 ;
[20:35:40.863]        // -> [DP_SELECT <= 0x00000008]
[20:35:40.863]    </block>
[20:35:40.863]    <control if="connectionFlash && DoOptionByteLoading" while="" timeout="0" info="">
[20:35:40.864]      // if-block "connectionFlash && DoOptionByteLoading"
[20:35:40.864]        // =>  FALSE
[20:35:40.864]      // skip if-block "connectionFlash && DoOptionByteLoading"
[20:35:40.864]    </control>
[20:35:40.865]    <control if="DoDebugPortStop" while="" timeout="0" info="">
[20:35:40.865]      // if-block "DoDebugPortStop"
[20:35:40.866]        // =>  TRUE
[20:35:40.866]      <block atomic="false" info="">
[20:35:40.866]        WriteDP(DP_SELECT, 0x00000000);
[20:35:40.867]          // -> [WriteDP(0x00000008, 0x00000000)]   (__dp=0x00000000)
[20:35:40.867]        WriteDP(DP_CTRL_STAT, 0x00000000);
[20:35:40.867]          // -> [WriteDP(0x00000004, 0x00000000)]   (__dp=0x00000000)
[20:35:40.867]      </block>
[20:35:40.868]      // end if-block "DoDebugPortStop"
[20:35:40.868]    </control>
[20:35:40.868]  </sequence>
[20:35:40.869]  
