/*
 *  CMSIS Pack Debug Access Sequence Log
 *  File        : E:\个人学习\逆变器\逆变器控制板\STM32G474RBT3_RTThread_Safe_v2.3.0_20260829\STM32G474RBT3_RTThread_Safe_v2.3.0\STM32G474_RTThread_Sequences_0020.log
 *  Created     : 12:21:25 (30/08/2026)
 *  Device      : STM32G474RBTx
 *  PDSC File   : D:/Keil/Keil/packs/Keil/STM32G4xx_DFP/2.2.0/Keil.STM32G4xx_DFP.pdsc
 *  Config File : E:\个人学习\逆变器\逆变器控制板\STM32G474RBT3_RTThread_Safe_v2.3.0_20260829\STM32G474RBT3_RTThread_Safe_v2.3.0\DebugConfig\STM32G474_RTThread_Safe_STM32G474RBTx_1.0.1.dbgconf
 *
 */

[12:21:25.214]  **********  Sequence "DebugDeviceUnlock"  (Context="Target Access", Pname="", info="")
[12:21:25.214]  
[12:21:25.214]  <debugvars>
[12:21:25.215]    // Pre-defined
[12:21:25.215]    __protocol=0x00010002      (Protocol="SWD", SWJ-DP="True")
[12:21:25.215]    __connection=0x00000202    (Connection Type="Flash", Reset Type="System Reset")
[12:21:25.215]    __dp=0x00000000
[12:21:25.216]    __ap=0x00000000
[12:21:25.216]    __traceout=0x00000000      (Trace Disabled)
[12:21:25.216]    __errorcontrol=0x00000000  (Skip Errors="False")
[12:21:25.216]    __FlashAddr=0x00000000
[12:21:25.217]    __FlashLen=0x00000000
[12:21:25.217]    __FlashArg=0x00000000
[12:21:25.217]    __FlashOp=0x00000000
[12:21:25.217]    __Result=0x00000000
[12:21:25.217]    
[12:21:25.217]    // User-defined
[12:21:25.218]    DbgMCU_CR=0x00000007
[12:21:25.218]    DbgMCU_APB1_Fz1=0xC060183F
[12:21:25.218]    DbgMCU_APB1_Fz2=0x00000002
[12:21:25.219]    DbgMCU_APB2_Fz=0x04172800
[12:21:25.219]    TraceClk_Pin=0x00040002
[12:21:25.220]    TraceD0_Pin=0x00040003
[12:21:25.220]    TraceD1_Pin=0x00040004
[12:21:25.220]    TraceD2_Pin=0x00040005
[12:21:25.220]    TraceD3_Pin=0x00040006
[12:21:25.221]    DoOptionByteLoading=0x00000000
[12:21:25.221]  </debugvars>
[12:21:25.222]  
[12:21:25.222]  <sequence name="DebugDeviceUnlock" Pname="" disable="false" info="">
[12:21:25.222]    <block atomic="false" info="">
[12:21:25.223]      Sequence("CheckID");
[12:21:25.223]        <sequence name="CheckID" Pname="" disable="false" info="">
[12:21:25.223]          <block atomic="false" info="">
[12:21:25.223]            __var pidr1 = 0;
[12:21:25.224]              // -> [pidr1 <= 0x00000000]
[12:21:25.224]            __var pidr2 = 0;
[12:21:25.224]              // -> [pidr2 <= 0x00000000]
[12:21:25.224]            __var jep106id = 0;
[12:21:25.225]              // -> [jep106id <= 0x00000000]
[12:21:25.225]            __var ROMTableBase = 0;
[12:21:25.225]              // -> [ROMTableBase <= 0x00000000]
[12:21:25.226]            __ap = 0;      // AHB-AP
[12:21:25.226]              // -> [__ap <= 0x00000000]
[12:21:25.226]            ROMTableBase = ReadAP(0xF8) & ~0x3;
[12:21:25.227]              // -> [ReadAP(0x000000F8) => 0xE00FF003]   (__dp=0x00000000, __ap=0x00000000)
[12:21:25.227]              // -> [ROMTableBase <= 0xE00FF000]
[12:21:25.227]            pidr1 = Read32(ROMTableBase + 0x0FE4);
[12:21:25.228]              // -> [Read32(0xE00FFFE4) => 0x00000004]   (__dp=0x00000000, __ap=0x00000000)
[12:21:25.228]              // -> [pidr1 <= 0x00000004]
[12:21:25.228]            pidr2 = Read32(ROMTableBase + 0x0FE8);
[12:21:25.229]              // -> [Read32(0xE00FFFE8) => 0x0000000A]   (__dp=0x00000000, __ap=0x00000000)
[12:21:25.230]              // -> [pidr2 <= 0x0000000A]
[12:21:25.230]            jep106id = ((pidr2 & 0x7) << 4 ) | ((pidr1 >> 4) & 0xF);
[12:21:25.230]              // -> [jep106id <= 0x00000020]
[12:21:25.230]          </block>
[12:21:25.231]          <control if="jep106id != 0x20" while="" timeout="0" info="">
[12:21:25.231]            // if-block "jep106id != 0x20"
[12:21:25.231]              // =>  FALSE
[12:21:25.231]            // skip if-block "jep106id != 0x20"
[12:21:25.232]          </control>
[12:21:25.232]        </sequence>
[12:21:25.232]    </block>
[12:21:25.233]  </sequence>
[12:21:25.233]  
[12:21:25.234]  **********  Sequence "DebugCoreStart"  (Context="Target Access", Pname="", info="")
[12:21:25.234]  
[12:21:25.234]  <debugvars>
[12:21:25.234]    // Pre-defined
[12:21:25.235]    __protocol=0x00010002      (Protocol="SWD", SWJ-DP="True")
[12:21:25.235]    __connection=0x00000202    (Connection Type="Flash", Reset Type="System Reset")
[12:21:25.235]    __dp=0x00000000
[12:21:25.235]    __ap=0x00000000
[12:21:25.236]    __traceout=0x00000000      (Trace Disabled)
[12:21:25.236]    __errorcontrol=0x00000000  (Skip Errors="False")
[12:21:25.236]    __FlashAddr=0x00000000
[12:21:25.236]    __FlashLen=0x00000000
[12:21:25.237]    __FlashArg=0x00000000
[12:21:25.237]    __FlashOp=0x00000000
[12:21:25.237]    __Result=0x00000000
[12:21:25.237]    
[12:21:25.237]    // User-defined
[12:21:25.238]    DbgMCU_CR=0x00000007
[12:21:25.238]    DbgMCU_APB1_Fz1=0xC060183F
[12:21:25.239]    DbgMCU_APB1_Fz2=0x00000002
[12:21:25.239]    DbgMCU_APB2_Fz=0x04172800
[12:21:25.239]    TraceClk_Pin=0x00040002
[12:21:25.239]    TraceD0_Pin=0x00040003
[12:21:25.240]    TraceD1_Pin=0x00040004
[12:21:25.240]    TraceD2_Pin=0x00040005
[12:21:25.240]    TraceD3_Pin=0x00040006
[12:21:25.241]    DoOptionByteLoading=0x00000000
[12:21:25.241]  </debugvars>
[12:21:25.241]  
[12:21:25.241]  <sequence name="DebugCoreStart" Pname="" disable="false" info="">
[12:21:25.241]    <block atomic="false" info="">
[12:21:25.242]      Write32(0xE000EDF0, 0xA05F0001);                                        // Enable Core Debug via DHCSR
[12:21:25.242]        // -> [Write32(0xE000EDF0, 0xA05F0001)]   (__dp=0x00000000, __ap=0x00000000)
[12:21:25.243]    </block>
[12:21:25.243]    <block atomic="false" info="DbgMCU registers">
[12:21:25.244]      Write32(0xE0042004, DbgMCU_CR);                                         // DBGMCU_CR: Configure MCU Debug
[12:21:25.245]        // -> [Write32(0xE0042004, 0x00000007)]   (__dp=0x00000000, __ap=0x00000000)
[12:21:25.245]      Write32(0xE0042008, DbgMCU_APB1_Fz1);                                   // DBGMCU_APB1_FZ1: Configure APB1 Peripheral Freeze Behavior
[12:21:25.245]        // -> [Write32(0xE0042008, 0xC060183F)]   (__dp=0x00000000, __ap=0x00000000)
[12:21:25.246]      Write32(0xE004200C, DbgMCU_APB1_Fz2);                                   // DBGMCU_APB1_FZ2: Configure APB1 Peripheral Freeze Behavior
[12:21:25.246]        // -> [Write32(0xE004200C, 0x00000002)]   (__dp=0x00000000, __ap=0x00000000)
[12:21:25.246]      Write32(0xE0042010, DbgMCU_APB2_Fz);                                    // DBGMCU_APB2_FZ: Configure APB2 Peripheral Freeze Behavior
[12:21:25.247]        // -> [Write32(0xE0042010, 0x04172800)]   (__dp=0x00000000, __ap=0x00000000)
[12:21:25.247]    </block>
[12:21:25.248]  </sequence>
[12:21:25.248]  
[12:21:29.817]  **********  Sequence "DebugPortStop"  (Context="Disconnect", Pname="", info="")
[12:21:29.817]  
[12:21:29.817]  <debugvars>
[12:21:29.818]    // Pre-defined
[12:21:29.818]    __protocol=0x00010002      (Protocol="SWD", SWJ-DP="True")
[12:21:29.818]    __connection=0x00000202    (Connection Type="Flash", Reset Type="System Reset")
[12:21:29.819]    __dp=0x00000000
[12:21:29.819]    __ap=0x00000000
[12:21:29.819]    __traceout=0x00000000      (Trace Disabled)
[12:21:29.819]    __errorcontrol=0x00000000  (Skip Errors="False")
[12:21:29.821]    __FlashAddr=0x00000000
[12:21:29.821]    __FlashLen=0x00000000
[12:21:29.821]    __FlashArg=0x00000000
[12:21:29.821]    __FlashOp=0x00000000
[12:21:29.822]    __Result=0x00000000
[12:21:29.822]    
[12:21:29.822]    // User-defined
[12:21:29.822]    DbgMCU_CR=0x00000007
[12:21:29.822]    DbgMCU_APB1_Fz1=0xC060183F
[12:21:29.823]    DbgMCU_APB1_Fz2=0x00000002
[12:21:29.823]    DbgMCU_APB2_Fz=0x04172800
[12:21:29.823]    TraceClk_Pin=0x00040002
[12:21:29.824]    TraceD0_Pin=0x00040003
[12:21:29.824]    TraceD1_Pin=0x00040004
[12:21:29.824]    TraceD2_Pin=0x00040005
[12:21:29.824]    TraceD3_Pin=0x00040006
[12:21:29.825]    DoOptionByteLoading=0x00000000
[12:21:29.825]  </debugvars>
[12:21:29.825]  
[12:21:29.825]  <sequence name="DebugPortStop" Pname="" disable="false" info="">
[12:21:29.826]    <block atomic="false" info="">
[12:21:29.826]      __var connectionFlash = ( __connection & 0xF ) == 2 ;
[12:21:29.826]        // -> [connectionFlash <= 0x00000001]
[12:21:29.826]      __var FLASH_BASE = 0x40022000 ;
[12:21:29.827]        // -> [FLASH_BASE <= 0x40022000]
[12:21:29.827]      __var FLASH_CR = FLASH_BASE + 0x14 ;
[12:21:29.827]        // -> [FLASH_CR <= 0x40022014]
[12:21:29.827]      __var OBL_LAUNCH_BIT = ( 1 << 27 ) ;
[12:21:29.827]        // -> [OBL_LAUNCH_BIT <= 0x08000000]
[12:21:29.827]      __var LOCK_BIT = ( 1 << 31 ) ;
[12:21:29.827]        // -> [LOCK_BIT <= 0x80000000]
[12:21:29.827]      __var OPTLOCK_BIT = ( 1 << 30 ) ;
[12:21:29.828]        // -> [OPTLOCK_BIT <= 0x40000000]
[12:21:29.829]      __var FLASH_KEYR = FLASH_BASE + 0x08 ;
[12:21:29.829]        // -> [FLASH_KEYR <= 0x40022008]
[12:21:29.829]      __var FLASH_KEY1 = 0x45670123 ;
[12:21:29.830]        // -> [FLASH_KEY1 <= 0x45670123]
[12:21:29.830]      __var FLASH_KEY2 = 0xCDEF89AB ;
[12:21:29.830]        // -> [FLASH_KEY2 <= 0xCDEF89AB]
[12:21:29.830]      __var FLASH_OPTKEYR = FLASH_BASE + 0x0C ;
[12:21:29.830]        // -> [FLASH_OPTKEYR <= 0x4002200C]
[12:21:29.831]      __var FLASH_OPTKEY1 = 0x08192A3B ;
[12:21:29.831]        // -> [FLASH_OPTKEY1 <= 0x08192A3B]
[12:21:29.831]      __var FLASH_OPTKEY2 = 0x4C5D6E7F ;
[12:21:29.831]        // -> [FLASH_OPTKEY2 <= 0x4C5D6E7F]
[12:21:29.831]      __var FLASH_CR_Value = 0 ;
[12:21:29.831]        // -> [FLASH_CR_Value <= 0x00000000]
[12:21:29.831]      __var DoDebugPortStop = 1 ;
[12:21:29.831]        // -> [DoDebugPortStop <= 0x00000001]
[12:21:29.831]      __var DP_CTRL_STAT = 0x4 ;
[12:21:29.832]        // -> [DP_CTRL_STAT <= 0x00000004]
[12:21:29.832]      __var DP_SELECT = 0x8 ;
[12:21:29.832]        // -> [DP_SELECT <= 0x00000008]
[12:21:29.832]    </block>
[12:21:29.832]    <control if="connectionFlash && DoOptionByteLoading" while="" timeout="0" info="">
[12:21:29.832]      // if-block "connectionFlash && DoOptionByteLoading"
[12:21:29.832]        // =>  FALSE
[12:21:29.832]      // skip if-block "connectionFlash && DoOptionByteLoading"
[12:21:29.834]    </control>
[12:21:29.834]    <control if="DoDebugPortStop" while="" timeout="0" info="">
[12:21:29.835]      // if-block "DoDebugPortStop"
[12:21:29.835]        // =>  TRUE
[12:21:29.835]      <block atomic="false" info="">
[12:21:29.836]        WriteDP(DP_SELECT, 0x00000000);
[12:21:29.836]          // -> [WriteDP(0x00000008, 0x00000000)]   (__dp=0x00000000)
[12:21:29.836]        WriteDP(DP_CTRL_STAT, 0x00000000);
[12:21:29.837]          // -> [WriteDP(0x00000004, 0x00000000)]   (__dp=0x00000000)
[12:21:29.837]      </block>
[12:21:29.837]      // end if-block "DoDebugPortStop"
[12:21:29.837]    </control>
[12:21:29.837]  </sequence>
[12:21:29.838]  
